../Core/Chain_Function/uart_function.c:10:6:clear_i2c_flag	8	static,ignoring_inline_asm
../Core/Chain_Function/uart_function.c:32:6:check_i2c_mode	0	static
../Core/Chain_Function/uart_function.c:39:6:chain_uart_i2c_init	8	static,ignoring_inline_asm
../Core/Chain_Function/uart_function.c:61:6:chain_i2c_read	24	static
../Core/Chain_Function/uart_function.c:96:6:chain_i2c_write	24	static
../Core/Chain_Function/uart_function.c:129:6:chain_i2c_mem_read	40	static
../Core/Chain_Function/uart_function.c:165:6:chain_i2c_mem_write	40	static
../Core/Chain_Function/uart_function.c:200:6:chain_get_i2c_device_addr	16	static
../Core/Chain_Function/uart_function.c:231:6:GPIO_OUTPUT_Init	48	static
../Core/Chain_Function/uart_function.c:305:6:GPIO_OUTPUT_DeInit	8	static
../Core/Chain_Function/uart_function.c:309:6:chian_uart_output_init	24	static,ignoring_inline_asm
../Core/Chain_Function/uart_function.c:354:6:GPIO_INPUT_Init	40	static
../Core/Chain_Function/uart_function.c:387:6:GPIO_INPUT_DeInit	8	static
../Core/Chain_Function/uart_function.c:391:6:chain_uart_input_init	8	static,ignoring_inline_asm
../Core/Chain_Function/uart_function.c:430:6:check_input_mode	0	static
../Core/Chain_Function/uart_function.c:437:6:chain_uart_read_pin_level	8	static
../Core/Chain_Function/uart_function.c:457:6:GPIO_NVIC_Init	40	static
../Core/Chain_Function/uart_function.c:507:6:GPIO_NVIC_DeInit	8	static
../Core/Chain_Function/uart_function.c:512:6:HAL_GPIO_EXTI_Rising_Callback	8	static
../Core/Chain_Function/uart_function.c:530:6:HAL_GPIO_EXTI_Falling_Callback	8	static
../Core/Chain_Function/uart_function.c:547:6:EXTI4_15_IRQHandler	8	static
../Core/Chain_Function/uart_function.c:556:6:chian_uart_nvic_init	8	static,ignoring_inline_asm
../Core/Chain_Function/uart_function.c:597:6:HAL_ADC_ConvCpltCallback	8	static
../Core/Chain_Function/uart_function.c:623:6:chain_uart_adc_init	8	static
../Core/Chain_Function/uart_function.c:646:6:check_adc_mode	0	static
../Core/Chain_Function/uart_function.c:654:6:chian_uart_adc_read	8	static
../Core/Chain_Function/uart_function.c:674:6:chain_get_gpio_work_status	8	static
