../Core/Chain_Function/uart_function.c:10:6:reast_i2c	8	static,ignoring_inline_asm
../Core/Chain_Function/uart_function.c:21:6:check_i2c_mode	0	static
../Core/Chain_Function/uart_function.c:28:6:chain_uart_i2c_init	8	static,ignoring_inline_asm
../Core/Chain_Function/uart_function.c:50:6:chain_i2c_read	24	static
../Core/Chain_Function/uart_function.c:85:6:chain_i2c_write	24	static
../Core/Chain_Function/uart_function.c:118:6:chain_i2c_mem_read	40	static
../Core/Chain_Function/uart_function.c:154:6:chain_i2c_mem_write	40	static
../Core/Chain_Function/uart_function.c:189:6:chain_get_i2c_device_addr	16	static
../Core/Chain_Function/uart_function.c:214:6:GPIO_OUTPUT_Init	48	static
../Core/Chain_Function/uart_function.c:288:6:GPIO_OUTPUT_DeInit	8	static
../Core/Chain_Function/uart_function.c:292:6:chian_uart_output_init	24	static,ignoring_inline_asm
../Core/Chain_Function/uart_function.c:337:6:GPIO_INPUT_Init	40	static
../Core/Chain_Function/uart_function.c:370:6:GPIO_INPUT_DeInit	8	static
../Core/Chain_Function/uart_function.c:374:6:chain_uart_input_init	8	static,ignoring_inline_asm
../Core/Chain_Function/uart_function.c:413:6:check_input_mode	0	static
../Core/Chain_Function/uart_function.c:420:6:chain_uart_read_pin_level	8	static
../Core/Chain_Function/uart_function.c:440:6:GPIO_NVIC_Init	40	static
../Core/Chain_Function/uart_function.c:490:6:GPIO_NVIC_DeInit	8	static
../Core/Chain_Function/uart_function.c:495:6:HAL_GPIO_EXTI_Rising_Callback	8	static
../Core/Chain_Function/uart_function.c:513:6:HAL_GPIO_EXTI_Falling_Callback	8	static
../Core/Chain_Function/uart_function.c:530:6:EXTI4_15_IRQHandler	8	static
../Core/Chain_Function/uart_function.c:539:6:chian_uart_nvic_init	8	static,ignoring_inline_asm
../Core/Chain_Function/uart_function.c:580:6:HAL_ADC_ConvCpltCallback	8	static
../Core/Chain_Function/uart_function.c:606:6:chain_uart_adc_init	8	static
../Core/Chain_Function/uart_function.c:629:6:check_adc_mode	0	static
../Core/Chain_Function/uart_function.c:637:6:chian_uart_adc_read	8	static
../Core/Chain_Function/uart_function.c:657:6:chain_get_gpio_work_status	8	static
