../Drivers/STM32G0xx_HAL_Driver/Src/stm32g0xx_hal_flash_ex.c:568:13:FLASH_MassErase	0	static
../Drivers/STM32G0xx_HAL_Driver/Src/stm32g0xx_hal_flash_ex.c:658:13:FLASH_OB_WRPConfig	0	static
../Drivers/STM32G0xx_HAL_Driver/Src/stm32g0xx_hal_flash_ex.c:701:13:FLASH_OB_GetWRP	8	static
../Drivers/STM32G0xx_HAL_Driver/Src/stm32g0xx_hal_flash_ex.c:764:13:FLASH_OB_OptrConfig	12	static
../Drivers/STM32G0xx_HAL_Driver/Src/stm32g0xx_hal_flash_ex.c:787:17:FLASH_OB_GetRDP	0	static
../Drivers/STM32G0xx_HAL_Driver/Src/stm32g0xx_hal_flash_ex.c:823:17:FLASH_OB_GetUser	0	static
../Drivers/STM32G0xx_HAL_Driver/Src/stm32g0xx_hal_flash_ex.c:845:13:FLASH_OB_PCROP1AConfig	8	static
../Drivers/STM32G0xx_HAL_Driver/Src/stm32g0xx_hal_flash_ex.c:918:13:FLASH_OB_PCROP1BConfig	0	static
../Drivers/STM32G0xx_HAL_Driver/Src/stm32g0xx_hal_flash_ex.c:965:13:FLASH_OB_GetPCROP1A	12	static
../Drivers/STM32G0xx_HAL_Driver/Src/stm32g0xx_hal_flash_ex.c:1004:13:FLASH_OB_GetPCROP1B	8	static
../Drivers/STM32G0xx_HAL_Driver/Src/stm32g0xx_hal_flash_ex.c:1262:13:FLASH_OB_SecMemConfig	12	static
../Drivers/STM32G0xx_HAL_Driver/Src/stm32g0xx_hal_flash_ex.c:1282:13:FLASH_OB_GetSecMem	0	static
../Drivers/STM32G0xx_HAL_Driver/Src/stm32g0xx_hal_flash_ex.c:297:19:HAL_FLASHEx_OBProgram	8	static
../Drivers/STM32G0xx_HAL_Driver/Src/stm32g0xx_hal_flash_ex.c:421:6:HAL_FLASHEx_OBGetConfig	8	static
../Drivers/STM32G0xx_HAL_Driver/Src/stm32g0xx_hal_flash_ex.c:464:6:HAL_FLASHEx_EnableDebugger	0	static
../Drivers/STM32G0xx_HAL_Driver/Src/stm32g0xx_hal_flash_ex.c:476:6:HAL_FLASHEx_DisableDebugger	0	static
../Drivers/STM32G0xx_HAL_Driver/Src/stm32g0xx_hal_flash_ex.c:488:10:HAL_FLASHEx_FlashEmptyCheck	0	static
../Drivers/STM32G0xx_HAL_Driver/Src/stm32g0xx_hal_flash_ex.c:502:6:HAL_FLASHEx_ForceFlashEmpty	0	static
../Drivers/STM32G0xx_HAL_Driver/Src/stm32g0xx_hal_flash_ex.c:524:6:HAL_FLASHEx_EnableSecMemProtection	0	static
../Drivers/STM32G0xx_HAL_Driver/Src/stm32g0xx_hal_flash_ex.c:588:6:FLASH_PageErase	0	static
../Drivers/STM32G0xx_HAL_Driver/Src/stm32g0xx_hal_flash_ex.c:154:19:HAL_FLASHEx_Erase	16	static
../Drivers/STM32G0xx_HAL_Driver/Src/stm32g0xx_hal_flash_ex.c:226:19:HAL_FLASHEx_Erase_IT	16	static
../Drivers/STM32G0xx_HAL_Driver/Src/stm32g0xx_hal_flash_ex.c:622:6:FLASH_FlushCaches	0	static
