../Drivers/CMSIS/Include/core_cm0plus.h:985:34:__NVIC_SystemReset	0	static,ignoring_inline_asm
../Core/Chain_Function/base_function.c:349:13:iap_gpio_init	32	static
../Core/Chain_Function/base_function.c:14:6:add_pack_head	8	static
../Core/Chain_Function/base_function.c:27:6:add_pack_end	8	static
../Core/Chain_Function/base_function.c:42:9:head_end_check	0	static
../Core/Chain_Function/base_function.c:63:9:crc_check	12	static
../Core/Chain_Function/base_function.c:89:9:pack_check	16	static
../Core/Chain_Function/base_function.c:112:9:crc_construct	8	static
../Core/Chain_Function/base_function.c:131:6:uart_in_send	8	static
../Core/Chain_Function/base_function.c:143:6:uart_out_send	8	static
../Core/Chain_Function/base_function.c:203:6:chain_enum_handle	8	static
../Core/Chain_Function/base_function.c:227:6:chain_enum_return_handle	8	static
../Core/Chain_Function/base_function.c:240:6:chain_enum_please_handle	8	static
../Core/Chain_Function/base_function.c:253:6:chain_heartbeat_in_receive_handle	8	static
../Core/Chain_Function/base_function.c:267:6:chain_deal_data_packet_handle	8	static
../Core/Chain_Function/base_function.c:287:6:chain_out_relay_handle	8	static
../Core/Chain_Function/base_function.c:303:6:chain_in_relay_handle	8	static
../Core/Chain_Function/base_function.c:320:6:chain_command_complete_return	24	static
../Core/Chain_Function/base_function.c:156:6:chain_get_bootloader_version_handle	8	static
../Core/Chain_Function/base_function.c:171:6:chain_get_firmware_version_handle	8	static
../Core/Chain_Function/base_function.c:186:6:chain_get_device_type_handle	8	static
../Core/Chain_Function/base_function.c:372:6:chain_iap_update_handle	24	static,ignoring_inline_asm
