../Drivers/CMSIS/Include/core_cm0plus.h:985:34:__NVIC_SystemReset	0	static,ignoring_inline_asm
../Core/Chain_Function/base_function.c:393:13:iap_gpio_init	32	static
../Core/Chain_Function/base_function.c:14:6:add_pack_head	8	static
../Core/Chain_Function/base_function.c:28:6:add_pack_end	8	static
../Core/Chain_Function/base_function.c:44:9:head_end_check	0	static
../Core/Chain_Function/base_function.c:66:9:crc_check	12	static
../Core/Chain_Function/base_function.c:95:9:pack_check	16	static
../Core/Chain_Function/base_function.c:121:9:crc_construct	8	static
../Core/Chain_Function/base_function.c:142:6:uart_in_send	8	static
../Core/Chain_Function/base_function.c:155:6:uart_out_send	8	static
../Core/Chain_Function/base_function.c:219:6:chain_enum_handle	8	static
../Core/Chain_Function/base_function.c:247:6:chain_enum_return_handle	8	static
../Core/Chain_Function/base_function.c:261:6:chain_enum_please_handle	8	static
../Core/Chain_Function/base_function.c:275:6:chain_heartbeat_in_receive_handle	8	static
../Core/Chain_Function/base_function.c:289:6:chain_heartbeat_out_receive_handle	8	static
../Core/Chain_Function/base_function.c:304:6:chain_deal_data_packet_handle	8	static
../Core/Chain_Function/base_function.c:327:6:chain_out_relay_handle	8	static
../Core/Chain_Function/base_function.c:344:6:chain_in_relay_handle	8	static
../Core/Chain_Function/base_function.c:362:6:chain_command_complete_return	24	static
../Core/Chain_Function/base_function.c:169:6:chain_get_bootloader_version_handle	8	static
../Core/Chain_Function/base_function.c:185:6:chain_get_firmware_version_handle	8	static
../Core/Chain_Function/base_function.c:201:6:chain_get_device_type_handle	8	static
../Core/Chain_Function/base_function.c:417:6:chain_iap_update_handle	24	static,ignoring_inline_asm
