../Core/Chain_Function/encoder_function.c:36:19:check_add_overflow	0	static
../Core/Chain_Function/encoder_function.c:20:6:encoder_init	8	static
../Core/Chain_Function/encoder_function.c:61:6:encoder_update	8	static
../Core/Chain_Function/encoder_function.c:106:6:chain_encoder_get_value_handle	8	static
../Core/Chain_Function/encoder_function.c:119:6:chain_encoder_get_inc_value_handle	8	static
../Core/Chain_Function/encoder_function.c:134:6:key_press_down_send	8	static
../Core/Chain_Function/encoder_function.c:150:6:chain_encoder_reset_value_handle	8	static
../Core/Chain_Function/encoder_function.c:174:6:chain_encoder_reset_inc_value_handle	8	static
../Core/Chain_Function/encoder_function.c:199:6:chain_encoder_set_ab_status_handle	8	static
../Core/Chain_Function/encoder_function.c:222:6:chain_encoder_get_ab_status_handle	8	static
