../Core/Chain_Function/encoder_function.c:23:19:check_add_overflow	0	static
../Core/Chain_Function/encoder_function.c:16:6:encoder_init	8	static
../Core/Chain_Function/encoder_function.c:34:6:encoder_update	8	static
../Core/Chain_Function/encoder_function.c:65:6:chain_get_encoder_value_handle	8	static
../Core/Chain_Function/encoder_function.c:75:6:chain_get_inc_encoder_value_handle	8	static
../Core/Chain_Function/encoder_function.c:85:6:chain_get_button_value_handle	8	static
../Core/Chain_Function/encoder_function.c:95:6:chain_reset_encoder_value_handle	8	static
../Core/Chain_Function/encoder_function.c:112:6:chain_reset_inc_encoder_value_handle	8	static
../Core/Chain_Function/encoder_function.c:129:6:chain_set_ab_status_handle	8	static
../Core/Chain_Function/encoder_function.c:147:6:chain_get_ab_status_handle	8	static
