Archive member included to satisfy reference by file (symbol)

C:/CubeIDE/STM32CubeIDE_1.16.0/STM32CubeIDE/plugins/com.st.stm32cube.ide.mcu.externaltools.gnu-tools-for-stm32.12.3.rel1.win32_1.0.200.202406191623/tools/bin/../lib/gcc/arm-none-eabi/12.3.1/../../../../arm-none-eabi/lib/thumb/v6-m/nofp\libc_nano.a(libc_a-exit.o)
                              C:/CubeIDE/STM32CubeIDE_1.16.0/STM32CubeIDE/plugins/com.st.stm32cube.ide.mcu.externaltools.gnu-tools-for-stm32.12.3.rel1.win32_1.0.200.202406191623/tools/bin/../lib/gcc/arm-none-eabi/12.3.1/../../../../arm-none-eabi/lib/thumb/v6-m/nofp/crt0.o (exit)
C:/CubeIDE/STM32CubeIDE_1.16.0/STM32CubeIDE/plugins/com.st.stm32cube.ide.mcu.externaltools.gnu-tools-for-stm32.12.3.rel1.win32_1.0.200.202406191623/tools/bin/../lib/gcc/arm-none-eabi/12.3.1/../../../../arm-none-eabi/lib/thumb/v6-m/nofp\libc_nano.a(libc_a-findfp.o)
                              C:/CubeIDE/STM32CubeIDE_1.16.0/STM32CubeIDE/plugins/com.st.stm32cube.ide.mcu.externaltools.gnu-tools-for-stm32.12.3.rel1.win32_1.0.200.202406191623/tools/bin/../lib/gcc/arm-none-eabi/12.3.1/../../../../arm-none-eabi/lib/thumb/v6-m/nofp\libc_nano.a(libc_a-exit.o) (__stdio_exit_handler)
C:/CubeIDE/STM32CubeIDE_1.16.0/STM32CubeIDE/plugins/com.st.stm32cube.ide.mcu.externaltools.gnu-tools-for-stm32.12.3.rel1.win32_1.0.200.202406191623/tools/bin/../lib/gcc/arm-none-eabi/12.3.1/../../../../arm-none-eabi/lib/thumb/v6-m/nofp\libc_nano.a(libc_a-fwalk.o)
                              C:/CubeIDE/STM32CubeIDE_1.16.0/STM32CubeIDE/plugins/com.st.stm32cube.ide.mcu.externaltools.gnu-tools-for-stm32.12.3.rel1.win32_1.0.200.202406191623/tools/bin/../lib/gcc/arm-none-eabi/12.3.1/../../../../arm-none-eabi/lib/thumb/v6-m/nofp\libc_nano.a(libc_a-findfp.o) (_fwalk_sglue)
C:/CubeIDE/STM32CubeIDE_1.16.0/STM32CubeIDE/plugins/com.st.stm32cube.ide.mcu.externaltools.gnu-tools-for-stm32.12.3.rel1.win32_1.0.200.202406191623/tools/bin/../lib/gcc/arm-none-eabi/12.3.1/../../../../arm-none-eabi/lib/thumb/v6-m/nofp\libc_nano.a(libc_a-stdio.o)
                              C:/CubeIDE/STM32CubeIDE_1.16.0/STM32CubeIDE/plugins/com.st.stm32cube.ide.mcu.externaltools.gnu-tools-for-stm32.12.3.rel1.win32_1.0.200.202406191623/tools/bin/../lib/gcc/arm-none-eabi/12.3.1/../../../../arm-none-eabi/lib/thumb/v6-m/nofp\libc_nano.a(libc_a-findfp.o) (__sread)
C:/CubeIDE/STM32CubeIDE_1.16.0/STM32CubeIDE/plugins/com.st.stm32cube.ide.mcu.externaltools.gnu-tools-for-stm32.12.3.rel1.win32_1.0.200.202406191623/tools/bin/../lib/gcc/arm-none-eabi/12.3.1/../../../../arm-none-eabi/lib/thumb/v6-m/nofp\libc_nano.a(libc_a-memset.o)
                              C:/CubeIDE/STM32CubeIDE_1.16.0/STM32CubeIDE/plugins/com.st.stm32cube.ide.mcu.externaltools.gnu-tools-for-stm32.12.3.rel1.win32_1.0.200.202406191623/tools/bin/../lib/gcc/arm-none-eabi/12.3.1/../../../../arm-none-eabi/lib/thumb/v6-m/nofp/crt0.o (memset)
C:/CubeIDE/STM32CubeIDE_1.16.0/STM32CubeIDE/plugins/com.st.stm32cube.ide.mcu.externaltools.gnu-tools-for-stm32.12.3.rel1.win32_1.0.200.202406191623/tools/bin/../lib/gcc/arm-none-eabi/12.3.1/../../../../arm-none-eabi/lib/thumb/v6-m/nofp\libc_nano.a(libc_a-closer.o)
                              C:/CubeIDE/STM32CubeIDE_1.16.0/STM32CubeIDE/plugins/com.st.stm32cube.ide.mcu.externaltools.gnu-tools-for-stm32.12.3.rel1.win32_1.0.200.202406191623/tools/bin/../lib/gcc/arm-none-eabi/12.3.1/../../../../arm-none-eabi/lib/thumb/v6-m/nofp\libc_nano.a(libc_a-stdio.o) (_close_r)
C:/CubeIDE/STM32CubeIDE_1.16.0/STM32CubeIDE/plugins/com.st.stm32cube.ide.mcu.externaltools.gnu-tools-for-stm32.12.3.rel1.win32_1.0.200.202406191623/tools/bin/../lib/gcc/arm-none-eabi/12.3.1/../../../../arm-none-eabi/lib/thumb/v6-m/nofp\libc_nano.a(libc_a-reent.o)
                              C:/CubeIDE/STM32CubeIDE_1.16.0/STM32CubeIDE/plugins/com.st.stm32cube.ide.mcu.externaltools.gnu-tools-for-stm32.12.3.rel1.win32_1.0.200.202406191623/tools/bin/../lib/gcc/arm-none-eabi/12.3.1/../../../../arm-none-eabi/lib/thumb/v6-m/nofp\libc_nano.a(libc_a-closer.o) (errno)
C:/CubeIDE/STM32CubeIDE_1.16.0/STM32CubeIDE/plugins/com.st.stm32cube.ide.mcu.externaltools.gnu-tools-for-stm32.12.3.rel1.win32_1.0.200.202406191623/tools/bin/../lib/gcc/arm-none-eabi/12.3.1/../../../../arm-none-eabi/lib/thumb/v6-m/nofp\libc_nano.a(libc_a-impure.o)
                              C:/CubeIDE/STM32CubeIDE_1.16.0/STM32CubeIDE/plugins/com.st.stm32cube.ide.mcu.externaltools.gnu-tools-for-stm32.12.3.rel1.win32_1.0.200.202406191623/tools/bin/../lib/gcc/arm-none-eabi/12.3.1/../../../../arm-none-eabi/lib/thumb/v6-m/nofp\libc_nano.a(libc_a-reent.o) (_impure_ptr)
C:/CubeIDE/STM32CubeIDE_1.16.0/STM32CubeIDE/plugins/com.st.stm32cube.ide.mcu.externaltools.gnu-tools-for-stm32.12.3.rel1.win32_1.0.200.202406191623/tools/bin/../lib/gcc/arm-none-eabi/12.3.1/../../../../arm-none-eabi/lib/thumb/v6-m/nofp\libc_nano.a(libc_a-lseekr.o)
[...]
Memory Configuration

Name             Origin             Length             Attributes
RAM              0x200000c0         0x00001f40         xrw
FLASH            0x08002000         0x0000e000         xr
*default*        0x00000000         0xffffffff

Linker script and memory map

LOAD C:/CubeIDE/STM32CubeIDE_1.16.0/STM32CubeIDE/plugins/com.st.stm32cube.ide.mcu.externaltools.gnu-tools-for-stm32.12.3.rel1.win32_1.0.200.202406191623/tools/bin/../lib/gcc/arm-none-eabi/12.3.1/thumb/v6-m/nofp/crti.o
LOAD C:/CubeIDE/STM32CubeIDE_1.16.0/STM32CubeIDE/plugins/com.st.stm32cube.ide.mcu.externaltools.gnu-tools-for-stm32.12.3.rel1.win32_1.0.200.202406191623/tools/bin/../lib/gcc/arm-none-eabi/12.3.1/thumb/v6-m/nofp/crtbegin.o
LOAD C:/CubeIDE/STM32CubeIDE_1.16.0/STM32CubeIDE/plugins/com.st.stm32cube.ide.mcu.externaltools.gnu-tools-for-stm32.12.3.rel1.win32_1.0.200.202406191623/tools/bin/../lib/gcc/arm-none-eabi/12.3.1/../../../../arm-none-eabi/lib/thumb/v6-m/nofp/crt0.o
LOAD ./Core/Chain_Function/base_function.o
LOAD ./Core/Chain_Function/encoder_function.o
LOAD ./Core/RGB/RGB.o
LOAD ./Core/Src/dma.o
LOAD ./Core/Src/gpio.o
LOAD ./Core/Src/iwdg.o
LOAD ./Core/Src/main.o
LOAD ./Core/Src/stm32g0xx_hal_msp.o
LOAD ./Core/Src/stm32g0xx_it.o
LOAD ./Core/Src/syscalls.o
LOAD ./Core/Src/sysmem.o
LOAD ./Core/Src/system_stm32g0xx.o
LOAD ./Core/Src/tim.o
LOAD ./Core/Src/usart.o
LOAD ./Core/Startup/startup_stm32g031g8ux.o
LOAD ./Core/flash/myflash.o
LOAD ./Drivers/STM32G0xx_HAL_Driver/Src/stm32g0xx_hal.o
LOAD ./Drivers/STM32G0xx_HAL_Driver/Src/stm32g0xx_hal_cortex.o
LOAD ./Drivers/STM32G0xx_HAL_Driver/Src/stm32g0xx_hal_dma.o
LOAD ./Drivers/STM32G0xx_HAL_Driver/Src/stm32g0xx_hal_dma_ex.o
LOAD ./Drivers/STM32G0xx_HAL_Driver/Src/stm32g0xx_hal_exti.o
LOAD ./Drivers/STM32G0xx_HAL_Driver/Src/stm32g0xx_hal_flash.o
LOAD ./Drivers/STM32G0xx_HAL_Driver/Src/stm32g0xx_hal_flash_ex.o
LOAD ./Drivers/STM32G0xx_HAL_Driver/Src/stm32g0xx_hal_gpio.o
LOAD ./Drivers/STM32G0xx_HAL_Driver/Src/stm32g0xx_hal_pwr.o
LOAD ./Drivers/STM32G0xx_HAL_Driver/Src/stm32g0xx_hal_pwr_ex.o
LOAD ./Drivers/STM32G0xx_HAL_Driver/Src/stm32g0xx_hal_rcc.o
LOAD ./Drivers/STM32G0xx_HAL_Driver/Src/stm32g0xx_hal_rcc_ex.o
LOAD ./Drivers/STM32G0xx_HAL_Driver/Src/stm32g0xx_hal_tim.o
LOAD ./Drivers/STM32G0xx_HAL_Driver/Src/stm32g0xx_hal_tim_ex.o
LOAD ./Drivers/STM32G0xx_HAL_Driver/Src/stm32g0xx_ll_dma.o
LOAD ./Drivers/STM32G0xx_HAL_Driver/Src/stm32g0xx_ll_exti.o
LOAD ./Drivers/STM32G0xx_HAL_Driver/Src/stm32g0xx_ll_gpio.o
LOAD ./Drivers/STM32G0xx_HAL_Driver/Src/stm32g0xx_ll_rcc.o
LOAD ./Drivers/STM32G0xx_HAL_Driver/Src/stm32g0xx_ll_tim.o
LOAD ./Drivers/STM32G0xx_HAL_Driver/Src/stm32g0xx_ll_usart.o
LOAD ./Drivers/STM32G0xx_HAL_Driver/Src/stm32g0xx_ll_utils.o
START GROUP
LOAD C:/CubeIDE/STM32CubeIDE_1.16.0/STM32CubeIDE/plugins/com.st.stm32cube.ide.mcu.externaltools.gnu-tools-for-stm32.12.3.rel1.win32_1.0.200.202406191623/tools/bin/../lib/gcc/arm-none-eabi/12.3.1/../../../../arm-none-eabi/lib/thumb/v6-m/nofp\libc_nano.a
LOAD C:/CubeIDE/STM32CubeIDE_1.16.0/STM32CubeIDE/plugins/com.st.stm32cube.ide.mcu.externaltools.gnu-tools-for-stm32.12.3.rel1.win32_1.0.200.202406191623/tools/bin/../lib/gcc/arm-none-eabi/12.3.1/../../../../arm-none-eabi/lib/thumb/v6-m/nofp\libm.a
END GROUP
START GROUP
LOAD C:/CubeIDE/STM32CubeIDE_1.16.0/STM32CubeIDE/plugins/com.st.stm32cube.ide.mcu.externaltools.gnu-tools-for-stm32.12.3.rel1.win32_1.0.200.202406191623/tools/bin/../lib/gcc/arm-none-eabi/12.3.1/thumb/v6-m/nofp\libgcc.a
LOAD C:/CubeIDE/STM32CubeIDE_1.16.0/STM32CubeIDE/plugins/com.st.stm32cube.ide.mcu.externaltools.gnu-tools-for-stm32.12.3.rel1.win32_1.0.200.202406191623/tools/bin/../lib/gcc/arm-none-eabi/12.3.1/../../../../arm-none-eabi/lib/thumb/v6-m/nofp\libc_nano.a
END GROUP
START GROUP
LOAD C:/CubeIDE/STM32CubeIDE_1.16.0/STM32CubeIDE/plugins/com.st.stm32cube.ide.mcu.externaltools.gnu-tools-for-stm32.12.3.rel1.win32_1.0.200.202406191623/tools/bin/../lib/gcc/arm-none-eabi/12.3.1/thumb/v6-m/nofp\libgcc.a
LOAD C:/CubeIDE/STM32CubeIDE_1.16.0/STM32CubeIDE/plugins/com.st.stm32cube.ide.mcu.externaltools.gnu-tools-for-stm32.12.3.rel1.win32_1.0.200.202406191623/tools/bin/../lib/gcc/arm-none-eabi/12.3.1/../../../../arm-none-eabi/lib/thumb/v6-m/nofp\libc_nano.a
LOAD C:/CubeIDE/STM32CubeIDE_1.16.0/STM32CubeIDE/plugins/com.st.stm32cube.ide.mcu.externaltools.gnu-tools-for-stm32.12.3.rel1.win32_1.0.200.202406191623/tools/bin/../lib/gcc/arm-none-eabi/12.3.1/../../../../arm-none-eabi/lib/thumb/v6-m/nofp\libnosys.a
END GROUP
START GROUP
LOAD C:/CubeIDE/STM32CubeIDE_1.16.0/STM32CubeIDE/plugins/com.st.stm32cube.ide.mcu.externaltools.gnu-tools-for-stm32.12.3.rel1.win32_1.0.200.202406191623/tools/bin/../lib/gcc/arm-none-eabi/12.3.1/thumb/v6-m/nofp\libgcc.a
LOAD C:/CubeIDE/STM32CubeIDE_1.16.0/STM32CubeIDE/plugins/com.st.stm32cube.ide.mcu.externaltools.gnu-tools-for-stm32.12.3.rel1.win32_1.0.200.202406191623/tools/bin/../lib/gcc/arm-none-eabi/12.3.1/../../../../arm-none-eabi/lib/thumb/v6-m/nofp\libc_nano.a
LOAD C:/CubeIDE/STM32CubeIDE_1.16.0/STM32CubeIDE/plugins/com.st.stm32cube.ide.mcu.externaltools.gnu-tools-for-stm32.12.3.rel1.win32_1.0.200.202406191623/tools/bin/../lib/gcc/arm-none-eabi/12.3.1/../../../../arm-none-eabi/lib/thumb/v6-m/nofp\libnosys.a
END GROUP
LOAD C:/CubeIDE/STM32CubeIDE_1.16.0/STM32CubeIDE/plugins/com.st.stm32cube.ide.mcu.externaltools.gnu-tools-for-stm32.12.3.rel1.win32_1.0.200.202406191623/tools/bin/../lib/gcc/arm-none-eabi/12.3.1/thumb/v6-m/nofp/crtend.o
LOAD C:/CubeIDE/STM32CubeIDE_1.16.0/STM32CubeIDE/plugins/com.st.stm32cube.ide.mcu.externaltools.gnu-tools-for-stm32.12.3.rel1.win32_1.0.200.202406191623/tools/bin/../lib/gcc/arm-none-eabi/12.3.1/thumb/v6-m/nofp/crtn.o
                0x20002000                        _estack = (ORIGIN (RAM) + LENGTH (RAM))
                0x00000200                        _Min_Heap_Size = 0x200
                0x00000400                        _Min_Stack_Size = 0x400

.isr_vector     0x08002000       0xbc
                0x08002000                        . = ALIGN (0x4)
 *(.isr_vector)
 .isr_vector    0x08002000       0xbc ./Core/Startup/startup_stm32g031g8ux.o
                0x08002000                g_pfnVectors
                0x080020bc                        . = ALIGN (0x4)

.text           0x080020c0     0x5150
                0x080020c0                        . = ALIGN (0x4)
 *(.text)
 .text          0x080020c0       0x48 C:/CubeIDE/STM32CubeIDE_1.16.0/STM32CubeIDE/plugins/com.st.stm32cube.ide.mcu.externaltools.gnu-tools-for-stm32.12.3.rel1.win32_1.0.200.202406191623/tools/bin/../lib/gcc/arm-none-eabi/12.3.1/thumb/v6-m/nofp/crtbegin.o
 .text          0x08002108      0x114 C:/CubeIDE/STM32CubeIDE_1.16.0/STM32CubeIDE/plugins/com.st.stm32cube.ide.mcu.externaltools.gnu-tools-for-stm32.12.3.rel1.win32_1.0.200.202406191623/tools/bin/../lib/gcc/arm-none-eabi/12.3.1/thumb/v6-m/nofp\libgcc.a(_udivsi3.o)
                0x08002108                __aeabi_uidiv
                0x08002108                __udivsi3
                0x08002214                __aeabi_uidivmod
 .text          0x0800221c        0x4 C:/CubeIDE/STM32CubeIDE_1.16.0/STM32CubeIDE/plugins/com.st.stm32cube.ide.mcu.externaltools.gnu-tools-for-stm32.12.3.rel1.win32_1.0.200.202406191623/tools/bin/../lib/gcc/arm-none-eabi/12.3.1/thumb/v6-m/nofp\libgcc.a(_dvmd_tls.o)
                0x0800221c                __aeabi_idiv0
                0x0800221c                __aeabi_ldiv0
 .text          0x08002220       0x3c C:/CubeIDE/STM32CubeIDE_1.16.0/STM32CubeIDE/plugins/com.st.stm32cube.ide.mcu.externaltools.gnu-tools-for-stm32.12.3.rel1.win32_1.0.200.202406191623/tools/bin/../lib/gcc/arm-none-eabi/12.3.1/thumb/v6-m/nofp\libgcc.a(_fixunsdfsi.o)
                0x08002220                __aeabi_d2uiz
                0x08002220                __fixunsdfsi
 .text          0x0800225c      0x634 C:/CubeIDE/STM32CubeIDE_1.16.0/STM32CubeIDE/plugins/com.st.stm32cube.ide.mcu.externaltools.gnu-tools-for-stm32.12.3.rel1.win32_1.0.200.202406191623/tools/bin/../lib/gcc/arm-none-eabi/12.3.1/thumb/v6-m/nofp\libgcc.a(divdf3.o)
                0x0800225c                __aeabi_ddiv
 .text          0x08002890      0x590 C:/CubeIDE/STM32CubeIDE_1.16.0/STM32CubeIDE/plugins/com.st.stm32cube.ide.mcu.externaltools.gnu-tools-for-stm32.12.3.rel1.win32_1.0.200.202406191623/tools/bin/../lib/gcc/arm-none-eabi/12.3.1/thumb/v6-m/nofp\libgcc.a(muldf3.o)
                0x08002890                __aeabi_dmul
 .text          0x08002e20      0x738 C:/CubeIDE/STM32CubeIDE_1.16.0/STM32CubeIDE/plugins/com.st.stm32cube.ide.mcu.externaltools.gnu-tools-for-stm32.12.3.rel1.win32_1.0.200.202406191623/tools/bin/../lib/gcc/arm-none-eabi/12.3.1/thumb/v6-m/nofp\libgcc.a(subdf3.o)
                0x08002e20                __aeabi_dsub
 .text          0x08003558       0x78 C:/CubeIDE/STM32CubeIDE_1.16.0/STM32CubeIDE/plugins/com.st.stm32cube.ide.mcu.externaltools.gnu-tools-for-stm32.12.3.rel1.win32_1.0.200.202406191623/tools/bin/../lib/gcc/arm-none-eabi/12.3.1/thumb/v6-m/nofp\libgcc.a(fixdfsi.o)
                0x08003558                __aeabi_d2iz
 .text          0x080035d0       0x5c C:/CubeIDE/STM32CubeIDE_1.16.0/STM32CubeIDE/plugins/com.st.stm32cube.ide.mcu.externaltools.gnu-tools-for-stm32.12.3.rel1.win32_1.0.200.202406191623/tools/bin/../lib/gcc/arm-none-eabi/12.3.1/thumb/v6-m/nofp\libgcc.a(floatsidf.o)
                0x080035d0                __aeabi_i2d
 .text          0x0800362c       0x7c C:/CubeIDE/STM32CubeIDE_1.16.0/STM32CubeIDE/plugins/com.st.stm32cube.ide.mcu.externaltools.gnu-tools-for-stm32.12.3.rel1.win32_1.0.200.202406191623/tools/bin/../lib/gcc/arm-none-eabi/12.3.1/thumb/v6-m/nofp\libgcc.a(_arm_cmpdf2.o)
                0x0800362c                __aeabi_cdrcmple
                0x0800363c                __aeabi_cdcmple
                0x0800363c                __aeabi_cdcmpeq
                0x0800364c                __aeabi_dcmpeq
                0x08003658                __aeabi_dcmplt
                0x0800366c                __aeabi_dcmple
                0x08003680                __aeabi_dcmpgt
                0x08003694                __aeabi_dcmpge
 .text          0x080036a8       0x3c C:/CubeIDE/STM32CubeIDE_1.16.0/STM32CubeIDE/plugins/com.st.stm32cube.ide.mcu.externaltools.gnu-tools-for-stm32.12.3.rel1.win32_1.0.200.202406191623/tools/bin/../lib/gcc/arm-none-eabi/12.3.1/thumb/v6-m/nofp\libgcc.a(_clzsi2.o)
                0x080036a8                __clzsi2
 .text          0x080036e4       0x88 C:/CubeIDE/STM32CubeIDE_1.16.0/STM32CubeIDE/plugins/com.st.stm32cube.ide.mcu.externaltools.gnu-tools-for-stm32.12.3.rel1.win32_1.0.200.202406191623/tools/bin/../lib/gcc/arm-none-eabi/12.3.1/thumb/v6-m/nofp\libgcc.a(eqdf2.o)
                0x080036e4                __nedf2
                0x080036e4                __eqdf2
 .text          0x0800376c       0xe8 C:/CubeIDE/STM32CubeIDE_1.16.0/STM32CubeIDE/plugins/com.st.stm32cube.ide.mcu.externaltools.gnu-tools-for-stm32.12.3.rel1.win32_1.0.200.202406191623/tools/bin/../lib/gcc/arm-none-eabi/12.3.1/thumb/v6-m/nofp\libgcc.a(gedf2.o)
                0x0800376c                __gedf2
                0x0800376c                __gtdf2
 .text          0x08003854       0xe4 C:/CubeIDE/STM32CubeIDE_1.16.0/STM32CubeIDE/plugins/com.st.stm32cube.ide.mcu.externaltools.gnu-tools-for-stm32.12.3.rel1.win32_1.0.200.202406191623/tools/bin/../lib/gcc/arm-none-eabi/12.3.1/thumb/v6-m/nofp\libgcc.a(ledf2.o)
                0x08003854                __ledf2
                0x08003854                __ltdf2
 *(.text*)
 .text.__NVIC_SystemReset
                0x08003938       0x1c ./Core/Chain_Function/base_function.o
 .text.iap_gpio_init
                0x08003954       0x3c ./Core/Chain_Function/base_function.o
 .text.add_pack_head
                0x08003990       0x24 ./Core/Chain_Function/base_function.o
                0x08003990                add_pack_head
 .text.add_pack_end
                0x080039b4       0x24 ./Core/Chain_Function/base_function.o
                0x080039b4                add_pack_end
 .text.head_end_check
                0x080039d8       0x34 ./Core/Chain_Function/base_function.o
                0x080039d8                head_end_check
 .text.crc_check
                0x08003a0c       0x32 ./Core/Chain_Function/base_function.o
                0x08003a0c                crc_check
 .text.pack_check
                0x08003a3e       0x2a ./Core/Chain_Function/base_function.o
                0x08003a3e                pack_check
 .text.crc_construct
                0x08003a68       0x1a ./Core/Chain_Function/base_function.o
                0x08003a68                crc_construct
 .text.uart_in_send
                0x08003a82        0x8 ./Core/Chain_Function/base_function.o
                0x08003a82                uart_in_send
 .text.uart_out_send
                0x08003a8a        0x8 ./Core/Chain_Function/base_function.o
                0x08003a8a                uart_out_send
 *fill*         0x08003a92        0x2 
 .text.chain_enum_handle
                0x08003a94       0x28 ./Core/Chain_Function/base_function.o
                0x08003a94                chain_enum_handle
 .text.chain_enum_return_handle
                0x08003abc        0x8 ./Core/Chain_Function/base_function.o
                0x08003abc                chain_enum_return_handle
 .text.chain_enum_please_handle
                0x08003ac4        0x8 ./Core/Chain_Function/base_function.o
                0x08003ac4                chain_enum_please_handle
 .text.chain_heartbeat_in_receive_handle
                0x08003acc       0x10 ./Core/Chain_Function/base_function.o
                0x08003acc                chain_heartbeat_in_receive_handle
 .text.chain_deal_data_packet_handle
                0x08003adc       0x50 ./Core/Chain_Function/base_function.o
                0x08003adc                chain_deal_data_packet_handle
 .text.chain_out_relay_handle
                0x08003b2c       0x16 ./Core/Chain_Function/base_function.o
                0x08003b2c                chain_out_relay_handle
 .text.chain_in_relay_handle
                0x08003b42       0x16 ./Core/Chain_Function/base_function.o
                0x08003b42                chain_in_relay_handle
 .text.chain_command_complete_return
                0x08003b58       0x94 ./Core/Chain_Function/base_function.o
                0x08003b58                chain_command_complete_return
 .text.chain_get_bootloader_version_handle
                0x08003bec       0x14 ./Core/Chain_Function/base_function.o
                0x08003bec                chain_get_bootloader_version_handle
 .text.chain_get_firmware_version_handle
                0x08003c00       0x14 ./Core/Chain_Function/base_function.o
                0x08003c00                chain_get_firmware_version_handle
 .text.chain_get_device_type_handle
                0x08003c14       0x14 ./Core/Chain_Function/base_function.o
                0x08003c14                chain_get_device_type_handle
 .text.chain_iap_update_handle
                0x08003c28       0x9c ./Core/Chain_Function/base_function.o
                0x08003c28                chain_iap_update_handle
 .text.check_add_overflow
                0x08003cc4       0x20 ./Core/Chain_Function/encoder_function.o
 .text.encoder_init
                0x08003ce4       0x18 ./Core/Chain_Function/encoder_function.o
                0x08003ce4                encoder_init
 .text.encoder_update
                0x08003cfc       0x8c ./Core/Chain_Function/encoder_function.o
                0x08003cfc                encoder_update
 .text.chain_encoder_get_value_handle
                0x08003d88       0x14 ./Core/Chain_Function/encoder_function.o
                0x08003d88                chain_encoder_get_value_handle
 .text.chain_encoder_get_inc_value_handle
                0x08003d9c       0x14 ./Core/Chain_Function/encoder_function.o
                0x08003d9c                chain_encoder_get_inc_value_handle
 .text.key_press_down_send
                0x08003db0       0x18 ./Core/Chain_Function/encoder_function.o
                0x08003db0                key_press_down_send
 .text.chain_encoder_reset_value_handle
                0x08003dc8       0x48 ./Core/Chain_Function/encoder_function.o
                0x08003dc8                chain_encoder_reset_value_handle
 .text.chain_encoder_reset_inc_value_handle
                0x08003e10       0x48 ./Core/Chain_Function/encoder_function.o
                0x08003e10                chain_encoder_reset_inc_value_handle
 .text.chain_encoder_set_ab_status_handle
                0x08003e58       0x48 ./Core/Chain_Function/encoder_function.o
                0x08003e58                chain_encoder_set_ab_status_handle
 .text.chain_encoder_get_ab_status_handle
                0x08003ea0       0x28 ./Core/Chain_Function/encoder_function.o
                0x08003ea0                chain_encoder_get_ab_status_handle
 .text.activate_tim1_dma
                0x08003ec8       0x68 ./Core/RGB/RGB.o
 .text.rgb_setcolor
                0x08003f30      0x144 ./Core/RGB/RGB.o
 .text.reset_load
                0x08004074       0x1c ./Core/RGB/RGB.o
 .text.rgb_send_array
                0x08004090       0x28 ./Core/RGB/RGB.o
 .text.turn_off_all_handle
                0x080040b8       0x1c ./Core/RGB/RGB.o
                0x080040b8                turn_off_all_handle
 .text.rgb_init
                0x080040d4       0x12 ./Core/RGB/RGB.o
                0x080040d4                rgb_init
 *fill*         0x080040e6        0x2 
 .text.chain_set_rgb_value
                0x080040e8       0x60 ./Core/RGB/RGB.o
                0x080040e8                chain_set_rgb_value
 .text.chain_get_rgb_value
                0x08004148       0x3c ./Core/RGB/RGB.o
                0x08004148                chain_get_rgb_value
 .text.chain_set_light_value
                0x08004184       0x64 ./Core/RGB/RGB.o
                0x08004184                chain_set_light_value
 .text.chain_get_light_value
                0x080041e8       0x28 ./Core/RGB/RGB.o
                0x080041e8                chain_get_light_value
 .text.MX_DMA_Init
                0x08004210       0x68 ./Core/Src/dma.o
                0x08004210                MX_DMA_Init
 .text.MX_GPIO_Init
                0x08004278       0x60 ./Core/Src/gpio.o
                0x08004278                MX_GPIO_Init
 .text.MX_IWDG_Init
                0x080042d8       0x44 ./Core/Src/iwdg.o
                0x080042d8                MX_IWDG_Init
 .text.iap_set  0x0800431c       0x4c ./Core/Src/main.o
                0x0800431c                iap_set
 .text.chain_init
                0x08004368       0x58 ./Core/Src/main.o
                0x08004368                chain_init
 .text.HAL_GPIO_EXTI_Falling_Callback
                0x080043c0       0x28 ./Core/Src/main.o
                0x080043c0                HAL_GPIO_EXTI_Falling_Callback
 .text.Error_Handler
                0x080043e8        0x4 ./Core/Src/main.o
                0x080043e8                Error_Handler
 .text.SystemClock_Config
                0x080043ec       0x82 ./Core/Src/main.o
                0x080043ec                SystemClock_Config
 *fill*         0x0800446e        0x2 
 .text.main     0x08004470      0x17c ./Core/Src/main.o
                0x08004470                main
 .text.HAL_MspInit
                0x080045ec       0x40 ./Core/Src/stm32g0xx_hal_msp.o
                0x080045ec                HAL_MspInit
 .text.NMI_Handler
                0x0800462c        0x2 ./Core/Src/stm32g0xx_it.o
                0x0800462c                NMI_Handler
 .text.HardFault_Handler
                0x0800462e        0x2 ./Core/Src/stm32g0xx_it.o
                0x0800462e                HardFault_Handler
 .text.SVC_Handler
                0x08004630        0x2 ./Core/Src/stm32g0xx_it.o
                0x08004630                SVC_Handler
 .text.PendSV_Handler
                0x08004632        0x2 ./Core/Src/stm32g0xx_it.o
                0x08004632                PendSV_Handler
 .text.SysTick_Handler
                0x08004634        0x8 ./Core/Src/stm32g0xx_it.o
                0x08004634                SysTick_Handler
 .text.FLASH_IRQHandler
                0x0800463c        0x8 ./Core/Src/stm32g0xx_it.o
                0x0800463c                FLASH_IRQHandler
 .text.EXTI0_1_IRQHandler
                0x08004644        0xa ./Core/Src/stm32g0xx_it.o
                0x08004644                EXTI0_1_IRQHandler
 .text.DMA1_Channel1_IRQHandler
                0x0800464e        0x2 ./Core/Src/stm32g0xx_it.o
                0x0800464e                DMA1_Channel1_IRQHandler
 .text.DMA1_Channel2_3_IRQHandler
                0x08004650       0x94 ./Core/Src/stm32g0xx_it.o
                0x08004650                DMA1_Channel2_3_IRQHandler
 .text.DMA1_Ch4_5_DMAMUX1_OVR_IRQHandler
                0x080046e4       0xc8 ./Core/Src/stm32g0xx_it.o
                0x080046e4                DMA1_Ch4_5_DMAMUX1_OVR_IRQHandler
 .text.TIM14_IRQHandler
                0x080047ac       0x48 ./Core/Src/stm32g0xx_it.o
                0x080047ac                TIM14_IRQHandler
 .text.TIM16_IRQHandler
                0x080047f4       0x44 ./Core/Src/stm32g0xx_it.o
                0x080047f4                TIM16_IRQHandler
 .text.TIM17_IRQHandler
                0x08004838       0x24 ./Core/Src/stm32g0xx_it.o
                0x08004838                TIM17_IRQHandler
 .text.USART1_IRQHandler
                0x0800485c      0x150 ./Core/Src/stm32g0xx_it.o
                0x0800485c                USART1_IRQHandler
 .text.USART2_IRQHandler
                0x080049ac      0x144 ./Core/Src/stm32g0xx_it.o
                0x080049ac                USART2_IRQHandler
 .text.SystemInit
                0x08004af0        0x2 ./Core/Src/system_stm32g0xx.o
                0x08004af0                SystemInit
 *fill*         0x08004af2        0x2 
 .text.LL_TIM_OC_DisableFast
                0x08004af4       0x80 ./Core/Src/tim.o
 .text.MX_TIM1_Init
                0x08004b74      0x1bc ./Core/Src/tim.o
                0x08004b74                MX_TIM1_Init
 .text.MX_TIM3_Init
                0x08004d30       0x74 ./Core/Src/tim.o
                0x08004d30                MX_TIM3_Init
 .text.MX_TIM14_Init
                0x08004da4       0x78 ./Core/Src/tim.o
                0x08004da4                MX_TIM14_Init
 .text.MX_TIM16_Init
                0x08004e1c       0x7c ./Core/Src/tim.o
                0x08004e1c                MX_TIM16_Init
 .text.MX_TIM17_Init
                0x08004e98       0x78 ./Core/Src/tim.o
                0x08004e98                MX_TIM17_Init
 .text.HAL_TIM_Encoder_MspInit
                0x08004f10       0x5c ./Core/Src/tim.o
                0x08004f10                HAL_TIM_Encoder_MspInit
 .text.usart1_hart_init
                0x08004f6c       0xbc ./Core/Src/usart.o
                0x08004f6c                usart1_hart_init
 .text.MX_USART1_UART_Init
                0x08005028      0x20c ./Core/Src/usart.o
                0x08005028                MX_USART1_UART_Init
 .text.usart2_hart_init
                0x08005234       0xbc ./Core/Src/usart.o
                0x08005234                usart2_hart_init
 .text.MX_USART2_UART_Init
                0x080052f0      0x1b0 ./Core/Src/usart.o
                0x080052f0                MX_USART2_UART_Init
 .text.usart1_transmit_dma
                0x080054a0       0x94 ./Core/Src/usart.o
                0x080054a0                usart1_transmit_dma
 .text.usart2_transmit_dma
                0x08005534       0x94 ./Core/Src/usart.o
                0x08005534                usart2_transmit_dma
 .text.Reset_Handler
                0x080055c8       0x50 ./Core/Startup/startup_stm32g031g8ux.o
                0x080055c8                Reset_Handler
 .text.Default_Handler
                0x08005618        0x2 ./Core/Startup/startup_stm32g031g8ux.o
                0x08005618                TIM1_CC_IRQHandler
                0x08005618                PVD_IRQHandler
                0x08005618                I2C1_IRQHandler
                0x08005618                LPTIM2_IRQHandler
                0x08005618                RTC_TAMP_IRQHandler
                0x08005618                SPI1_IRQHandler
                0x08005618                EXTI2_3_IRQHandler
                0x08005618                ADC1_IRQHandler
                0x08005618                I2C2_IRQHandler
                0x08005618                TIM3_IRQHandler
                0x08005618                EXTI4_15_IRQHandler
                0x08005618                RCC_IRQHandler
                0x08005618                Default_Handler
                0x08005618                SPI2_IRQHandler
                0x08005618                WWDG_IRQHandler
                0x08005618                LPUART1_IRQHandler
                0x08005618                TIM2_IRQHandler
                0x08005618                TIM1_BRK_UP_TRG_COM_IRQHandler
                0x08005618                LPTIM1_IRQHandler
 .text.get_page
                0x0800561a        0xc ./Core/flash/myflash.o
 .text.set_byte_in_uint64
                0x08005626       0x4c ./Core/flash/myflash.o
 .text.my_flash_read_double_word
                0x08005672        0x6 ./Core/flash/myflash.o
 .text.my_flash_earse_pages
                0x08005678       0x32 ./Core/flash/myflash.o
 .text.my_flash_write_double_word
                0x080056aa       0x26 ./Core/flash/myflash.o
 .text.get_rgb_light
                0x080056d0        0xc ./Core/flash/myflash.o
                0x080056d0                get_rgb_light
 .text.set_rgb_light
                0x080056dc       0x44 ./Core/flash/myflash.o
                0x080056dc                set_rgb_light
 .text.get_bootloader_version
                0x08005720        0xc ./Core/flash/myflash.o
                0x08005720                get_bootloader_version
 .text.get_ab_status
                0x0800572c        0xc ./Core/flash/myflash.o
                0x0800572c                get_ab_status
 .text.set_ab_status
                0x08005738       0x44 ./Core/flash/myflash.o
                0x08005738                set_ab_status
 .text.HAL_InitTick
                0x0800577c       0x58 ./Drivers/STM32G0xx_HAL_Driver/Src/stm32g0xx_hal.o
                0x0800577c                HAL_InitTick
 .text.HAL_Init
                0x080057d4       0x28 ./Drivers/STM32G0xx_HAL_Driver/Src/stm32g0xx_hal.o
                0x080057d4                HAL_Init
 .text.HAL_IncTick
                0x080057fc       0x18 ./Drivers/STM32G0xx_HAL_Driver/Src/stm32g0xx_hal.o
                0x080057fc                HAL_IncTick
 .text.HAL_GetTick
                0x08005814        0xc ./Drivers/STM32G0xx_HAL_Driver/Src/stm32g0xx_hal.o
                0x08005814                HAL_GetTick
 .text.HAL_Delay
                0x08005820       0x24 ./Drivers/STM32G0xx_HAL_Driver/Src/stm32g0xx_hal.o
                0x08005820                HAL_Delay
 .text.__NVIC_SetPriority
                0x08005844       0x60 ./Drivers/STM32G0xx_HAL_Driver/Src/stm32g0xx_hal_cortex.o
 .text.SysTick_Config
                0x080058a4       0x38 ./Drivers/STM32G0xx_HAL_Driver/Src/stm32g0xx_hal_cortex.o
 .text.HAL_NVIC_SetPriority
                0x080058dc        0x8 ./Drivers/STM32G0xx_HAL_Driver/Src/stm32g0xx_hal_cortex.o
                0x080058dc                HAL_NVIC_SetPriority
 .text.HAL_NVIC_EnableIRQ
                0x080058e4       0x18 ./Drivers/STM32G0xx_HAL_Driver/Src/stm32g0xx_hal_cortex.o
                0x080058e4                HAL_NVIC_EnableIRQ
 .text.HAL_SYSTICK_Config
                0x080058fc        0x8 ./Drivers/STM32G0xx_HAL_Driver/Src/stm32g0xx_hal_cortex.o
                0x080058fc                HAL_SYSTICK_Config
 .text.FLASH_Program_DoubleWord
                0x08005904       0x1c ./Drivers/STM32G0xx_HAL_Driver/Src/stm32g0xx_hal_flash.o
 .text.HAL_FLASH_EndOfOperationCallback
                0x08005920        0x2 ./Drivers/STM32G0xx_HAL_Driver/Src/stm32g0xx_hal_flash.o
                0x08005920                HAL_FLASH_EndOfOperationCallback
 .text.HAL_FLASH_OperationErrorCallback
                0x08005922        0x2 ./Drivers/STM32G0xx_HAL_Driver/Src/stm32g0xx_hal_flash.o
                0x08005922                HAL_FLASH_OperationErrorCallback
 .text.HAL_FLASH_IRQHandler
                0x08005924       0xc0 ./Drivers/STM32G0xx_HAL_Driver/Src/stm32g0xx_hal_flash.o
                0x08005924                HAL_FLASH_IRQHandler
 .text.HAL_FLASH_Unlock
                0x080059e4       0x30 ./Drivers/STM32G0xx_HAL_Driver/Src/stm32g0xx_hal_flash.o
                0x080059e4                HAL_FLASH_Unlock
 .text.FLASH_WaitForLastOperation
                0x08005a14       0x6c ./Drivers/STM32G0xx_HAL_Driver/Src/stm32g0xx_hal_flash.o
                0x08005a14                FLASH_WaitForLastOperation
 .text.HAL_FLASH_Program
                0x08005a80       0x64 ./Drivers/STM32G0xx_HAL_Driver/Src/stm32g0xx_hal_flash.o
                0x08005a80                HAL_FLASH_Program
 .text.HAL_FLASH_Lock
                0x08005ae4       0x28 ./Drivers/STM32G0xx_HAL_Driver/Src/stm32g0xx_hal_flash.o
                0x08005ae4                HAL_FLASH_Lock
 .text.FLASH_MassErase
                0x08005b0c       0x14 ./Drivers/STM32G0xx_HAL_Driver/Src/stm32g0xx_hal_flash_ex.o
 .text.FLASH_PageErase
                0x08005b20       0x20 ./Drivers/STM32G0xx_HAL_Driver/Src/stm32g0xx_hal_flash_ex.o
                0x08005b20                FLASH_PageErase
 .text.HAL_FLASHEx_Erase
                0x08005b40       0x88 ./Drivers/STM32G0xx_HAL_Driver/Src/stm32g0xx_hal_flash_ex.o
                0x08005b40                HAL_FLASHEx_Erase
 .text.HAL_GPIO_Init
                0x08005bc8      0x174 ./Drivers/STM32G0xx_HAL_Driver/Src/stm32g0xx_hal_gpio.o
                0x08005bc8                HAL_GPIO_Init
 .text.HAL_GPIO_ReadPin
                0x08005d3c        0xe ./Drivers/STM32G0xx_HAL_Driver/Src/stm32g0xx_hal_gpio.o
                0x08005d3c                HAL_GPIO_ReadPin
 .text.HAL_GPIO_EXTI_Rising_Callback
                0x08005d4a        0x2 ./Drivers/STM32G0xx_HAL_Driver/Src/stm32g0xx_hal_gpio.o
                0x08005d4a                HAL_GPIO_EXTI_Rising_Callback
 .text.HAL_GPIO_EXTI_IRQHandler
                0x08005d4c       0x30 ./Drivers/STM32G0xx_HAL_Driver/Src/stm32g0xx_hal_gpio.o
                0x08005d4c                HAL_GPIO_EXTI_IRQHandler
 .text.HAL_PWREx_ControlVoltageScaling
                0x08005d7c       0x54 ./Drivers/STM32G0xx_HAL_Driver/Src/stm32g0xx_hal_pwr_ex.o
                0x08005d7c                HAL_PWREx_ControlVoltageScaling
 .text.HAL_RCC_OscConfig
                0x08005dd0      0x4b8 ./Drivers/STM32G0xx_HAL_Driver/Src/stm32g0xx_hal_rcc.o
                0x08005dd0                HAL_RCC_OscConfig
 .text.HAL_RCC_GetSysClockFreq
                0x08006288       0xb8 ./Drivers/STM32G0xx_HAL_Driver/Src/stm32g0xx_hal_rcc.o
                0x08006288                HAL_RCC_GetSysClockFreq
 .text.HAL_RCC_ClockConfig
                0x08006340      0x18c ./Drivers/STM32G0xx_HAL_Driver/Src/stm32g0xx_hal_rcc.o
                0x08006340                HAL_RCC_ClockConfig
 .text.HAL_RCCEx_PeriphCLKConfig
                0x080064cc      0x1f4 ./Drivers/STM32G0xx_HAL_Driver/Src/stm32g0xx_hal_rcc_ex.o
                0x080064cc                HAL_RCCEx_PeriphCLKConfig
 .text.TIM_Base_SetConfig
                0x080066c0       0xa0 ./Drivers/STM32G0xx_HAL_Driver/Src/stm32g0xx_hal_tim.o
                0x080066c0                TIM_Base_SetConfig
 .text.HAL_TIM_Encoder_Init
                0x08006760       0xbc ./Drivers/STM32G0xx_HAL_Driver/Src/stm32g0xx_hal_tim.o
                0x08006760                HAL_TIM_Encoder_Init
 .text.TIM_CCxChannelCmd
                0x0800681c       0x1a ./Drivers/STM32G0xx_HAL_Driver/Src/stm32g0xx_hal_tim.o
                0x0800681c                TIM_CCxChannelCmd
 .text.HAL_TIM_Encoder_Start
                0x08006836       0xc8 ./Drivers/STM32G0xx_HAL_Driver/Src/stm32g0xx_hal_tim.o
                0x08006836                HAL_TIM_Encoder_Start
 *fill*         0x080068fe        0x2 
 .text.HAL_TIMEx_MasterConfigSynchronization
                0x08006900       0x78 ./Drivers/STM32G0xx_HAL_Driver/Src/stm32g0xx_hal_tim_ex.o
                0x08006900                HAL_TIMEx_MasterConfigSynchronization
 .text.LL_GPIO_Init
                0x08006978       0xb6 ./Drivers/STM32G0xx_HAL_Driver/Src/stm32g0xx_ll_gpio.o
                0x08006978                LL_GPIO_Init
 *fill*         0x08006a2e        0x2 
 .text.RCC_GetHCLKClockFreq
                0x08006a30       0x20 ./Drivers/STM32G0xx_HAL_Driver/Src/stm32g0xx_ll_rcc.o
 .text.RCC_GetPCLK1ClockFreq
                0x08006a50       0x20 ./Drivers/STM32G0xx_HAL_Driver/Src/stm32g0xx_ll_rcc.o
 .text.RCC_PLL_GetFreqDomain_SYS
                0x08006a70       0x48 ./Drivers/STM32G0xx_HAL_Driver/Src/stm32g0xx_ll_rcc.o
 .text.RCC_GetSystemClockFreq
                0x08006ab8       0x38 ./Drivers/STM32G0xx_HAL_Driver/Src/stm32g0xx_ll_rcc.o
 .text.LL_RCC_GetSystemClocksFreq
                0x08006af0       0x18 ./Drivers/STM32G0xx_HAL_Driver/Src/stm32g0xx_ll_rcc.o
                0x08006af0                LL_RCC_GetSystemClocksFreq
 .text.LL_RCC_GetUSARTClockFreq
                0x08006b08       0x78 ./Drivers/STM32G0xx_HAL_Driver/Src/stm32g0xx_ll_rcc.o
                0x08006b08                LL_RCC_GetUSARTClockFreq
 .text.OC1Config
                0x08006b80       0x84 ./Drivers/STM32G0xx_HAL_Driver/Src/stm32g0xx_ll_tim.o
 .text.OC2Config
                0x08006c04       0x8c ./Drivers/STM32G0xx_HAL_Driver/Src/stm32g0xx_ll_tim.o
 .text.OC3Config
                0x08006c90       0x9c ./Drivers/STM32G0xx_HAL_Driver/Src/stm32g0xx_ll_tim.o
 .text.OC4Config
                0x08006d2c       0x74 ./Drivers/STM32G0xx_HAL_Driver/Src/stm32g0xx_ll_tim.o
 .text.OC5Config
                0x08006da0       0x70 ./Drivers/STM32G0xx_HAL_Driver/Src/stm32g0xx_ll_tim.o
 .text.OC6Config
                0x08006e10       0x74 ./Drivers/STM32G0xx_HAL_Driver/Src/stm32g0xx_ll_tim.o
 .text.LL_TIM_Init
                0x08006e84       0x90 ./Drivers/STM32G0xx_HAL_Driver/Src/stm32g0xx_ll_tim.o
                0x08006e84                LL_TIM_Init
 .text.LL_TIM_OC_Init
                0x08006f14       0x5c ./Drivers/STM32G0xx_HAL_Driver/Src/stm32g0xx_ll_tim.o
                0x08006f14                LL_TIM_OC_Init
 .text.LL_TIM_BDTR_Init
                0x08006f70       0x9c ./Drivers/STM32G0xx_HAL_Driver/Src/stm32g0xx_ll_tim.o
                0x08006f70                LL_TIM_BDTR_Init
 .text.LL_USART_SetBaudRate
                0x0800700c       0x70 ./Drivers/STM32G0xx_HAL_Driver/Src/stm32g0xx_ll_usart.o
 .text.LL_USART_DeInit
                0x0800707c       0x54 ./Drivers/STM32G0xx_HAL_Driver/Src/stm32g0xx_ll_usart.o
                0x0800707c                LL_USART_DeInit
 .text.LL_USART_Init
                0x080070d0       0xac ./Drivers/STM32G0xx_HAL_Driver/Src/stm32g0xx_ll_usart.o
                0x080070d0                LL_USART_Init
 .text.memset   0x0800717c       0x10 C:/CubeIDE/STM32CubeIDE_1.16.0/STM32CubeIDE/plugins/com.st.stm32cube.ide.mcu.externaltools.gnu-tools-for-stm32.12.3.rel1.win32_1.0.200.202406191623/tools/bin/../lib/gcc/arm-none-eabi/12.3.1/../../../../arm-none-eabi/lib/thumb/v6-m/nofp\libc_nano.a(libc_a-memset.o)
                0x0800717c                memset
 .text.__libc_init_array
                0x0800718c       0x48 C:/CubeIDE/STM32CubeIDE_1.16.0/STM32CubeIDE/plugins/com.st.stm32cube.ide.mcu.externaltools.gnu-tools-for-stm32.12.3.rel1.win32_1.0.200.202406191623/tools/bin/../lib/gcc/arm-none-eabi/12.3.1/../../../../arm-none-eabi/lib/thumb/v6-m/nofp\libc_nano.a(libc_a-init.o)
                0x0800718c                __libc_init_array
 .text.memcpy   0x080071d4       0x12 C:/CubeIDE/STM32CubeIDE_1.16.0/STM32CubeIDE/plugins/com.st.stm32cube.ide.mcu.externaltools.gnu-tools-for-stm32.12.3.rel1.win32_1.0.200.202406191623/tools/bin/../lib/gcc/arm-none-eabi/12.3.1/../../../../arm-none-eabi/lib/thumb/v6-m/nofp\libc_nano.a(libc_a-memcpy-stub.o)
                0x080071d4                memcpy
 *(.glue_7)
 .glue_7        0x080071e6        0x0 linker stubs
 *(.glue_7t)
 .glue_7t       0x080071e6        0x0 linker stubs
 *(.eh_frame)
 *fill*         0x080071e6        0x2 
 .eh_frame      0x080071e8        0x0 C:/CubeIDE/STM32CubeIDE_1.16.0/STM32CubeIDE/plugins/com.st.stm32cube.ide.mcu.externaltools.gnu-tools-for-stm32.12.3.rel1.win32_1.0.200.202406191623/tools/bin/../lib/gcc/arm-none-eabi/12.3.1/thumb/v6-m/nofp/crtbegin.o
 *(.init)
 .init          0x080071e8        0x4 C:/CubeIDE/STM32CubeIDE_1.16.0/STM32CubeIDE/plugins/com.st.stm32cube.ide.mcu.externaltools.gnu-tools-for-stm32.12.3.rel1.win32_1.0.200.202406191623/tools/bin/../lib/gcc/arm-none-eabi/12.3.1/thumb/v6-m/nofp/crti.o
                0x080071e8                _init
 .init          0x080071ec        0x8 C:/CubeIDE/STM32CubeIDE_1.16.0/STM32CubeIDE/plugins/com.st.stm32cube.ide.mcu.externaltools.gnu-tools-for-stm32.12.3.rel1.win32_1.0.200.202406191623/tools/bin/../lib/gcc/arm-none-eabi/12.3.1/thumb/v6-m/nofp/crtn.o
 *(.fini)
 .fini          0x080071f4        0x4 C:/CubeIDE/STM32CubeIDE_1.16.0/STM32CubeIDE/plugins/com.st.stm32cube.ide.mcu.externaltools.gnu-tools-for-stm32.12.3.rel1.win32_1.0.200.202406191623/tools/bin/../lib/gcc/arm-none-eabi/12.3.1/thumb/v6-m/nofp/crti.o
                0x080071f4                _fini
 .fini          0x080071f8        0x8 C:/CubeIDE/STM32CubeIDE_1.16.0/STM32CubeIDE/plugins/com.st.stm32cube.ide.mcu.externaltools.gnu-tools-for-stm32.12.3.rel1.win32_1.0.200.202406191623/tools/bin/../lib/gcc/arm-none-eabi/12.3.1/thumb/v6-m/nofp/crtn.o
 .fini.__stub   0x08007200       0x10 linker stubs
                0x08007210                        . = ALIGN (0x4)
                0x08007210                        _etext = .

.vfp11_veneer   0x08007210        0x0
 .vfp11_veneer  0x08007210        0x0 linker stubs

.v4_bx          0x08007210        0x0
 .v4_bx         0x08007210        0x0 linker stubs

.iplt           0x08007210        0x0
 .iplt          0x08007210        0x0 C:/CubeIDE/STM32CubeIDE_1.16.0/STM32CubeIDE/plugins/com.st.stm32cube.ide.mcu.externaltools.gnu-tools-for-stm32.12.3.rel1.win32_1.0.200.202406191623/tools/bin/../lib/gcc/arm-none-eabi/12.3.1/thumb/v6-m/nofp/crtbegin.o

.rodata         0x08007210      0x13c
                0x08007210                        . = ALIGN (0x4)
 *(.rodata)
 .rodata        0x08007210       0x40 C:/CubeIDE/STM32CubeIDE_1.16.0/STM32CubeIDE/plugins/com.st.stm32cube.ide.mcu.externaltools.gnu-tools-for-stm32.12.3.rel1.win32_1.0.200.202406191623/tools/bin/../lib/gcc/arm-none-eabi/12.3.1/thumb/v6-m/nofp\libgcc.a(divdf3.o)
 *(.rodata*)
 .rodata.BLACK  0x08007250        0x3 ./Core/RGB/RGB.o
 *fill*         0x08007253        0x1 
 .rodata.main   0x08007254       0x50 ./Core/Src/main.o
 .rodata.APBPrescTable
                0x080072a4       0x20 ./Core/Src/system_stm32g0xx.o
                0x080072a4                APBPrescTable
 .rodata.AHBPrescTable
                0x080072c4       0x40 ./Core/Src/system_stm32g0xx.o
                0x080072c4                AHBPrescTable
 .rodata.SHIFT_TAB_OCxx
                0x08007304        0x9 ./Core/Src/tim.o
 *fill*         0x0800730d        0x3 
 .rodata.OFFSET_TAB_CCMRx
                0x08007310        0x9 ./Core/Src/tim.o
 *fill*         0x08007319        0x3 
 .rodata.USART_PRESCALER_TAB
                0x0800731c       0x30 ./Drivers/STM32G0xx_HAL_Driver/Src/stm32g0xx_ll_usart.o
                0x0800734c                        . = ALIGN (0x4)

.ARM.extab      0x0800734c        0x0
                0x0800734c                        . = ALIGN (0x4)
 *(.ARM.extab* .gnu.linkonce.armextab.*)
                0x0800734c                        . = ALIGN (0x4)

.ARM            0x0800734c        0x0
                0x0800734c                        . = ALIGN (0x4)
                0x0800734c                        __exidx_start = .
 *(.ARM.exidx*)
                0x0800734c                        __exidx_end = .
                0x0800734c                        . = ALIGN (0x4)

.preinit_array  0x0800734c        0x0
                0x0800734c                        . = ALIGN (0x4)
                0x0800734c                        PROVIDE (__preinit_array_start = .)
 *(.preinit_array*)
                0x0800734c                        PROVIDE (__preinit_array_end = .)
                0x0800734c                        . = ALIGN (0x4)

.init_array     0x0800734c        0x4
                0x0800734c                        . = ALIGN (0x4)
                0x0800734c                        PROVIDE (__init_array_start = .)
 *(SORT_BY_NAME(.init_array.*))
 *(.init_array*)
 .init_array    0x0800734c        0x4 C:/CubeIDE/STM32CubeIDE_1.16.0/STM32CubeIDE/plugins/com.st.stm32cube.ide.mcu.externaltools.gnu-tools-for-stm32.12.3.rel1.win32_1.0.200.202406191623/tools/bin/../lib/gcc/arm-none-eabi/12.3.1/thumb/v6-m/nofp/crtbegin.o
                0x08007350                        PROVIDE (__init_array_end = .)
                0x08007350                        . = ALIGN (0x4)

.fini_array     0x08007350        0x4
                0x08007350                        . = ALIGN (0x4)
                [!provide]                        PROVIDE (__fini_array_start = .)
 *(SORT_BY_NAME(.fini_array.*))
 *(.fini_array*)
 .fini_array    0x08007350        0x4 C:/CubeIDE/STM32CubeIDE_1.16.0/STM32CubeIDE/plugins/com.st.stm32cube.ide.mcu.externaltools.gnu-tools-for-stm32.12.3.rel1.win32_1.0.200.202406191623/tools/bin/../lib/gcc/arm-none-eabi/12.3.1/thumb/v6-m/nofp/crtbegin.o
                [!provide]                        PROVIDE (__fini_array_end = .)
                0x08007354                        . = ALIGN (0x4)
                0x08007354                        _sidata = LOADADDR (.data)

.rel.dyn        0x08007354        0x0
 .rel.iplt      0x08007354        0x0 C:/CubeIDE/STM32CubeIDE_1.16.0/STM32CubeIDE/plugins/com.st.stm32cube.ide.mcu.externaltools.gnu-tools-for-stm32.12.3.rel1.win32_1.0.200.202406191623/tools/bin/../lib/gcc/arm-none-eabi/12.3.1/thumb/v6-m/nofp/crtbegin.o

.data           0x200000c0       0x64 load address 0x08007354
                0x200000c0                        . = ALIGN (0x4)
                0x200000c0                        _sdata = .
 *(.data)
 *(.data*)
 .data.g_device_type
                0x200000c0        0x2 ./Core/Src/main.o
                0x200000c0                g_device_type
 .data.g_firmware_version
                0x200000c2        0x1 ./Core/Src/main.o
                0x200000c2                g_firmware_version
 .data.g_tail_status
                0x200000c3        0x1 ./Core/Src/main.o
                0x200000c3                g_tail_status
 .data.g_uart_out_transmit_complete
                0x200000c4        0x1 ./Core/Src/main.o
                0x200000c4                g_uart_out_transmit_complete
 .data.g_uart_in_transmit_complete
                0x200000c5        0x1 ./Core/Src/main.o
                0x200000c5                g_uart_in_transmit_complete
 *fill*         0x200000c6        0x2 
 .data.g_heartbeat_data_pack_buf
                0x200000c8        0x9 ./Core/Src/stm32g0xx_it.o
                0x200000c8                g_heartbeat_data_pack_buf
 *fill*         0x200000d1        0x3 
 .data.s_enum_please_data_packet_buf
                0x200000d4        0x9 ./Core/Src/stm32g0xx_it.o
 .data.g_enum_please_nums
                0x200000dd        0x1 ./Core/Src/stm32g0xx_it.o
                0x200000dd                g_enum_please_nums
 *fill*         0x200000de        0x2 
 .data.SystemCoreClock
                0x200000e0        0x4 ./Core/Src/system_stm32g0xx.o
                0x200000e0                SystemCoreClock
 .data.uwTickFreq
                0x200000e4        0x1 ./Drivers/STM32G0xx_HAL_Driver/Src/stm32g0xx_hal.o
                0x200000e4                uwTickFreq
 *fill*         0x200000e5        0x3 
 .data.uwTickPrio
                0x200000e8        0x4 ./Drivers/STM32G0xx_HAL_Driver/Src/stm32g0xx_hal.o
                0x200000e8                uwTickPrio
 *(.RamFunc)
 .RamFunc       0x200000ec       0x38 ./Drivers/STM32G0xx_HAL_Driver/Src/stm32g0xx_hal_flash.o
 *(.RamFunc*)
                0x20000124                        . = ALIGN (0x4)
                0x20000124                        _edata = .

.igot.plt       0x20000124        0x0 load address 0x080073b8
 .igot.plt      0x20000124        0x0 C:/CubeIDE/STM32CubeIDE_1.16.0/STM32CubeIDE/plugins/com.st.stm32cube.ide.mcu.externaltools.gnu-tools-for-stm32.12.3.rel1.win32_1.0.200.202406191623/tools/bin/../lib/gcc/arm-none-eabi/12.3.1/thumb/v6-m/nofp/crtbegin.o
                0x20000124                        . = ALIGN (0x4)

.bss            0x20000124      0xf18 load address 0x080073b8
                0x20000124                        _sbss = .
                0x20000124                        __bss_start__ = _sbss
 *(.bss)
 .bss           0x20000124       0x1c C:/CubeIDE/STM32CubeIDE_1.16.0/STM32CubeIDE/plugins/com.st.stm32cube.ide.mcu.externaltools.gnu-tools-for-stm32.12.3.rel1.win32_1.0.200.202406191623/tools/bin/../lib/gcc/arm-none-eabi/12.3.1/thumb/v6-m/nofp/crtbegin.o
 *(.bss*)
 .bss.s_send_len
                0x20000140        0x1 ./Core/Chain_Function/base_function.o
 *fill*         0x20000141        0x3 
 .bss.s_send_buf
                0x20000144      0x100 ./Core/Chain_Function/base_function.o
 .bss.s_ret_buf_size
                0x20000244        0x1 ./Core/Chain_Function/encoder_function.o
 *fill*         0x20000245        0x3 
 .bss.s_ret_buf
                0x20000248       0x14 ./Core/Chain_Function/encoder_function.o
 .bss.s_key_status
                0x2000025c        0x1 ./Core/Chain_Function/encoder_function.o
 *fill*         0x2000025d        0x1 
 .bss.s_us_now_cnt
                0x2000025e        0x2 ./Core/Chain_Function/encoder_function.o
 .bss.s_ret_buf_size
                0x20000260        0x1 ./Core/RGB/RGB.o
 *fill*         0x20000261        0x3 
 .bss.s_ret_buf
                0x20000264       0x14 ./Core/RGB/RGB.o
 .bss.s_rgb_buf
                0x20000278       0x30 ./Core/RGB/RGB.o
 .bss.color     0x200002a8        0x3 ./Core/RGB/RGB.o
 *fill*         0x200002ab        0x1 
 .bss.s_last_press_time
                0x200002ac        0x4 ./Core/Src/main.o
 .bss.g_light   0x200002b0        0x1 ./Core/Src/main.o
                0x200002b0                g_light
 .bss.g_bootloader_version
                0x200002b1        0x1 ./Core/Src/main.o
                0x200002b1                g_bootloader_version
 .bss.g_cmd_status
                0x200002b2        0x1 ./Core/Src/main.o
                0x200002b2                g_cmd_status
 .bss.g_cmd_size
                0x200002b3        0x1 ./Core/Src/main.o
                0x200002b3                g_cmd_size
 .bss.g_cmd_buf
                0x200002b4      0x100 ./Core/Src/main.o
                0x200002b4                g_cmd_buf
 .bss.g_uart_out_rx_index
                0x200003b4        0x1 ./Core/Src/main.o
                0x200003b4                g_uart_out_rx_index
 .bss.g_uart_in_rx_index
                0x200003b5        0x1 ./Core/Src/main.o
                0x200003b5                g_uart_in_rx_index
 *fill*         0x200003b6        0x2 
 .bss.g_uart_out_rx_buf
                0x200003b8      0x400 ./Core/Src/main.o
                0x200003b8                g_uart_out_rx_buf
 .bss.g_uart_in_rx_buf
                0x200007b8      0x400 ./Core/Src/main.o
                0x200007b8                g_uart_in_rx_buf
 .bss.g_encoder_direct
                0x20000bb8        0x1 ./Core/Src/main.o
                0x20000bb8                g_encoder_direct
 *fill*         0x20000bb9        0x1 
 .bss.g_increment_count
                0x20000bba        0x2 ./Core/Src/main.o
                0x20000bba                g_increment_count
 .bss.g_encoder_count
                0x20000bbc        0x2 ./Core/Src/main.o
                0x20000bbc                g_encoder_count
 *fill*         0x20000bbe        0x2 
 .bss.htim3     0x20000bc0       0x4c ./Core/Src/tim.o
                0x20000bc0                htim3
 .bss.tx_out_buffer
                0x20000c0c      0x208 ./Core/Src/usart.o
                0x20000c0c                tx_out_buffer
 .bss.tx_in_buffer
                0x20000e14      0x208 ./Core/Src/usart.o
                0x20000e14                tx_in_buffer
 .bss.uwTick    0x2000101c        0x4 ./Drivers/STM32G0xx_HAL_Driver/Src/stm32g0xx_hal.o
                0x2000101c                uwTick
 .bss.pFlash    0x20001020       0x1c ./Drivers/STM32G0xx_HAL_Driver/Src/stm32g0xx_hal_flash.o
                0x20001020                pFlash
 *(COMMON)
                0x2000103c                        . = ALIGN (0x4)
                0x2000103c                        _ebss = .
                0x2000103c                        __bss_end__ = _ebss

._user_heap_stack
                0x2000103c      0x604 load address 0x080073b8
                0x20001040                        . = ALIGN (0x8)
 *fill*         0x2000103c        0x4 
                [!provide]                        PROVIDE (end = .)
                0x20001040                        PROVIDE (_end = .)
                0x20001240                        . = (. + _Min_Heap_Size)
 *fill*         0x20001040      0x200 
                0x20001640                        . = (. + _Min_Stack_Size)
 *fill*         0x20001240      0x400 
                0x20001640                        . = ALIGN (0x8)

/DISCARD/
 libc.a(*)
 libm.a(*)
 libgcc.a(*)

.ARM.attributes
                0x00000000       0x28
 *(.ARM.attributes)
 .ARM.attributes
                0x00000000       0x1e C:/CubeIDE/STM32CubeIDE_1.16.0/STM32CubeIDE/plugins/com.st.stm32cube.ide.mcu.externaltools.gnu-tools-for-stm32.12.3.rel1.win32_1.0.200.202406191623/tools/bin/../lib/gcc/arm-none-eabi/12.3.1/thumb/v6-m/nofp/crti.o
 .ARM.attributes
                0x0000001e       0x2c C:/CubeIDE/STM32CubeIDE_1.16.0/STM32CubeIDE/plugins/com.st.stm32cube.ide.mcu.externaltools.gnu-tools-for-stm32.12.3.rel1.win32_1.0.200.202406191623/tools/bin/../lib/gcc/arm-none-eabi/12.3.1/thumb/v6-m/nofp/crtbegin.o
 .ARM.attributes
                0x0000004a       0x2c ./Core/Chain_Function/base_function.o
 .ARM.attributes
                0x00000076       0x2c ./Core/Chain_Function/encoder_function.o
 .ARM.attributes
                0x000000a2       0x2c ./Core/RGB/RGB.o
 .ARM.attributes
                0x000000ce       0x2c ./Core/Src/dma.o
 .ARM.attributes
                0x000000fa       0x2c ./Core/Src/gpio.o
 .ARM.attributes
                0x00000126       0x2c ./Core/Src/iwdg.o
 .ARM.attributes
                0x00000152       0x2c ./Core/Src/main.o
 .ARM.attributes
                0x0000017e       0x2c ./Core/Src/stm32g0xx_hal_msp.o
 .ARM.attributes
                0x000001aa       0x2c ./Core/Src/stm32g0xx_it.o
 .ARM.attributes
                0x000001d6       0x2c ./Core/Src/system_stm32g0xx.o
 .ARM.attributes
                0x00000202       0x2c ./Core/Src/tim.o
 .ARM.attributes
                0x0000022e       0x2c ./Core/Src/usart.o
 .ARM.attributes
                0x0000025a       0x22 ./Core/Startup/startup_stm32g031g8ux.o
 .ARM.attributes
                0x0000027c       0x2c ./Core/flash/myflash.o
 .ARM.attributes
                0x000002a8       0x2c ./Drivers/STM32G0xx_HAL_Driver/Src/stm32g0xx_hal.o
 .ARM.attributes
                0x000002d4       0x2c ./Drivers/STM32G0xx_HAL_Driver/Src/stm32g0xx_hal_cortex.o
 .ARM.attributes
                0x00000300       0x2c ./Drivers/STM32G0xx_HAL_Driver/Src/stm32g0xx_hal_flash.o
 .ARM.attributes
                0x0000032c       0x2c ./Drivers/STM32G0xx_HAL_Driver/Src/stm32g0xx_hal_flash_ex.o
 .ARM.attributes
                0x00000358       0x2c ./Drivers/STM32G0xx_HAL_Driver/Src/stm32g0xx_hal_gpio.o
 .ARM.attributes
                0x00000384       0x2c ./Drivers/STM32G0xx_HAL_Driver/Src/stm32g0xx_hal_pwr_ex.o
 .ARM.attributes
                0x000003b0       0x2c ./Drivers/STM32G0xx_HAL_Driver/Src/stm32g0xx_hal_rcc.o
 .ARM.attributes
                0x000003dc       0x2c ./Drivers/STM32G0xx_HAL_Driver/Src/stm32g0xx_hal_rcc_ex.o
 .ARM.attributes
                0x00000408       0x2c ./Drivers/STM32G0xx_HAL_Driver/Src/stm32g0xx_hal_tim.o
 .ARM.attributes
                0x00000434       0x2c ./Drivers/STM32G0xx_HAL_Driver/Src/stm32g0xx_hal_tim_ex.o
 .ARM.attributes
                0x00000460       0x2c ./Drivers/STM32G0xx_HAL_Driver/Src/stm32g0xx_ll_gpio.o
 .ARM.attributes
                0x0000048c       0x2c ./Drivers/STM32G0xx_HAL_Driver/Src/stm32g0xx_ll_rcc.o
 .ARM.attributes
                0x000004b8       0x2c ./Drivers/STM32G0xx_HAL_Driver/Src/stm32g0xx_ll_tim.o
 .ARM.attributes
                0x000004e4       0x2c ./Drivers/STM32G0xx_HAL_Driver/Src/stm32g0xx_ll_usart.o
 .ARM.attributes
                0x00000510       0x2c C:/CubeIDE/STM32CubeIDE_1.16.0/STM32CubeIDE/plugins/com.st.stm32cube.ide.mcu.externaltools.gnu-tools-for-stm32.12.3.rel1.win32_1.0.200.202406191623/tools/bin/../lib/gcc/arm-none-eabi/12.3.1/../../../../arm-none-eabi/lib/thumb/v6-m/nofp\libc_nano.a(libc_a-memset.o)
 .ARM.attributes
                0x0000053c       0x2c C:/CubeIDE/STM32CubeIDE_1.16.0/STM32CubeIDE/plugins/com.st.stm32cube.ide.mcu.externaltools.gnu-tools-for-stm32.12.3.rel1.win32_1.0.200.202406191623/tools/bin/../lib/gcc/arm-none-eabi/12.3.1/../../../../arm-none-eabi/lib/thumb/v6-m/nofp\libc_nano.a(libc_a-init.o)
 .ARM.attributes
                0x00000568       0x2c C:/CubeIDE/STM32CubeIDE_1.16.0/STM32CubeIDE/plugins/com.st.stm32cube.ide.mcu.externaltools.gnu-tools-for-stm32.12.3.rel1.win32_1.0.200.202406191623/tools/bin/../lib/gcc/arm-none-eabi/12.3.1/../../../../arm-none-eabi/lib/thumb/v6-m/nofp\libc_nano.a(libc_a-memcpy-stub.o)
 .ARM.attributes
                0x00000594       0x1e C:/CubeIDE/STM32CubeIDE_1.16.0/STM32CubeIDE/plugins/com.st.stm32cube.ide.mcu.externaltools.gnu-tools-for-stm32.12.3.rel1.win32_1.0.200.202406191623/tools/bin/../lib/gcc/arm-none-eabi/12.3.1/thumb/v6-m/nofp\libgcc.a(_udivsi3.o)
 .ARM.attributes
                0x000005b2       0x1e C:/CubeIDE/STM32CubeIDE_1.16.0/STM32CubeIDE/plugins/com.st.stm32cube.ide.mcu.externaltools.gnu-tools-for-stm32.12.3.rel1.win32_1.0.200.202406191623/tools/bin/../lib/gcc/arm-none-eabi/12.3.1/thumb/v6-m/nofp\libgcc.a(_dvmd_tls.o)
 .ARM.attributes
                0x000005d0       0x2c C:/CubeIDE/STM32CubeIDE_1.16.0/STM32CubeIDE/plugins/com.st.stm32cube.ide.mcu.externaltools.gnu-tools-for-stm32.12.3.rel1.win32_1.0.200.202406191623/tools/bin/../lib/gcc/arm-none-eabi/12.3.1/thumb/v6-m/nofp\libgcc.a(_fixunsdfsi.o)
 .ARM.attributes
                0x000005fc       0x2c C:/CubeIDE/STM32CubeIDE_1.16.0/STM32CubeIDE/plugins/com.st.stm32cube.ide.mcu.externaltools.gnu-tools-for-stm32.12.3.rel1.win32_1.0.200.202406191623/tools/bin/../lib/gcc/arm-none-eabi/12.3.1/thumb/v6-m/nofp\libgcc.a(divdf3.o)
 .ARM.attributes
                0x00000628       0x2c C:/CubeIDE/STM32CubeIDE_1.16.0/STM32CubeIDE/plugins/com.st.stm32cube.ide.mcu.externaltools.gnu-tools-for-stm32.12.3.rel1.win32_1.0.200.202406191623/tools/bin/../lib/gcc/arm-none-eabi/12.3.1/thumb/v6-m/nofp\libgcc.a(muldf3.o)
 .ARM.attributes
                0x00000654       0x2c C:/CubeIDE/STM32CubeIDE_1.16.0/STM32CubeIDE/plugins/com.st.stm32cube.ide.mcu.externaltools.gnu-tools-for-stm32.12.3.rel1.win32_1.0.200.202406191623/tools/bin/../lib/gcc/arm-none-eabi/12.3.1/thumb/v6-m/nofp\libgcc.a(subdf3.o)
 .ARM.attributes
                0x00000680       0x2c C:/CubeIDE/STM32CubeIDE_1.16.0/STM32CubeIDE/plugins/com.st.stm32cube.ide.mcu.externaltools.gnu-tools-for-stm32.12.3.rel1.win32_1.0.200.202406191623/tools/bin/../lib/gcc/arm-none-eabi/12.3.1/thumb/v6-m/nofp\libgcc.a(fixdfsi.o)
 .ARM.attributes
                0x000006ac       0x2c C:/CubeIDE/STM32CubeIDE_1.16.0/STM32CubeIDE/plugins/com.st.stm32cube.ide.mcu.externaltools.gnu-tools-for-stm32.12.3.rel1.win32_1.0.200.202406191623/tools/bin/../lib/gcc/arm-none-eabi/12.3.1/thumb/v6-m/nofp\libgcc.a(floatsidf.o)
 .ARM.attributes
                0x000006d8       0x1e C:/CubeIDE/STM32CubeIDE_1.16.0/STM32CubeIDE/plugins/com.st.stm32cube.ide.mcu.externaltools.gnu-tools-for-stm32.12.3.rel1.win32_1.0.200.202406191623/tools/bin/../lib/gcc/arm-none-eabi/12.3.1/thumb/v6-m/nofp\libgcc.a(_arm_cmpdf2.o)
 .ARM.attributes
                0x000006f6       0x1e C:/CubeIDE/STM32CubeIDE_1.16.0/STM32CubeIDE/plugins/com.st.stm32cube.ide.mcu.externaltools.gnu-tools-for-stm32.12.3.rel1.win32_1.0.200.202406191623/tools/bin/../lib/gcc/arm-none-eabi/12.3.1/thumb/v6-m/nofp\libgcc.a(_clzsi2.o)
 .ARM.attributes
                0x00000714       0x2c C:/CubeIDE/STM32CubeIDE_1.16.0/STM32CubeIDE/plugins/com.st.stm32cube.ide.mcu.externaltools.gnu-tools-for-stm32.12.3.rel1.win32_1.0.200.202406191623/tools/bin/../lib/gcc/arm-none-eabi/12.3.1/thumb/v6-m/nofp\libgcc.a(eqdf2.o)
 .ARM.attributes
                0x00000740       0x2c C:/CubeIDE/STM32CubeIDE_1.16.0/STM32CubeIDE/plugins/com.st.stm32cube.ide.mcu.externaltools.gnu-tools-for-stm32.12.3.rel1.win32_1.0.200.202406191623/tools/bin/../lib/gcc/arm-none-eabi/12.3.1/thumb/v6-m/nofp\libgcc.a(gedf2.o)
 .ARM.attributes
                0x0000076c       0x2c C:/CubeIDE/STM32CubeIDE_1.16.0/STM32CubeIDE/plugins/com.st.stm32cube.ide.mcu.externaltools.gnu-tools-for-stm32.12.3.rel1.win32_1.0.200.202406191623/tools/bin/../lib/gcc/arm-none-eabi/12.3.1/thumb/v6-m/nofp\libgcc.a(ledf2.o)
 .ARM.attributes
                0x00000798       0x1e C:/CubeIDE/STM32CubeIDE_1.16.0/STM32CubeIDE/plugins/com.st.stm32cube.ide.mcu.externaltools.gnu-tools-for-stm32.12.3.rel1.win32_1.0.200.202406191623/tools/bin/../lib/gcc/arm-none-eabi/12.3.1/thumb/v6-m/nofp/crtn.o
OUTPUT(Chain_Encoder.elf elf32-littlearm)
LOAD linker stubs
LOAD C:/CubeIDE/STM32CubeIDE_1.16.0/STM32CubeIDE/plugins/com.st.stm32cube.ide.mcu.externaltools.gnu-tools-for-stm32.12.3.rel1.win32_1.0.200.202406191623/tools/bin/../lib/gcc/arm-none-eabi/12.3.1/../../../../arm-none-eabi/lib/thumb/v6-m/nofp\libc.a
LOAD C:/CubeIDE/STM32CubeIDE_1.16.0/STM32CubeIDE/plugins/com.st.stm32cube.ide.mcu.externaltools.gnu-tools-for-stm32.12.3.rel1.win32_1.0.200.202406191623/tools/bin/../lib/gcc/arm-none-eabi/12.3.1/../../../../arm-none-eabi/lib/thumb/v6-m/nofp\libm.a
LOAD C:/CubeIDE/STM32CubeIDE_1.16.0/STM32CubeIDE/plugins/com.st.stm32cube.ide.mcu.externaltools.gnu-tools-for-stm32.12.3.rel1.win32_1.0.200.202406191623/tools/bin/../lib/gcc/arm-none-eabi/12.3.1/thumb/v6-m/nofp\libgcc.a

.debug_info     0x00000000    0x1a3b5
 .debug_info    0x00000000     0x1076 ./Core/Chain_Function/base_function.o
 .debug_info    0x00001076      0xc37 ./Core/Chain_Function/encoder_function.o
 .debug_info    0x00001cad      0xd58 ./Core/RGB/RGB.o
 .debug_info    0x00002a05      0x72f ./Core/Src/dma.o
 .debug_info    0x00003134      0x5f6 ./Core/Src/gpio.o
 .debug_info    0x0000372a      0x3ba ./Core/Src/iwdg.o
 .debug_info    0x00003ae4     0x1166 ./Core/Src/main.o
 .debug_info    0x00004c4a      0x476 ./Core/Src/stm32g0xx_hal_msp.o
 .debug_info    0x000050c0     0x1adc ./Core/Src/stm32g0xx_it.o
 .debug_info    0x00006b9c      0x34e ./Core/Src/system_stm32g0xx.o
 .debug_info    0x00006eea     0x20fe ./Core/Src/tim.o
 .debug_info    0x00008fe8     0x2fa8 ./Core/Src/usart.o
 .debug_info    0x0000bf90       0x30 ./Core/Startup/startup_stm32g031g8ux.o
 .debug_info    0x0000bfc0      0x5ed ./Core/flash/myflash.o
 .debug_info    0x0000c5ad      0xaf0 ./Drivers/STM32G0xx_HAL_Driver/Src/stm32g0xx_hal.o
 .debug_info    0x0000d09d      0x9f4 ./Drivers/STM32G0xx_HAL_Driver/Src/stm32g0xx_hal_cortex.o
 .debug_info    0x0000da91      0x7f1 ./Drivers/STM32G0xx_HAL_Driver/Src/stm32g0xx_hal_flash.o
 .debug_info    0x0000e282      0xb10 ./Drivers/STM32G0xx_HAL_Driver/Src/stm32g0xx_hal_flash_ex.o
 .debug_info    0x0000ed92      0x5ef ./Drivers/STM32G0xx_HAL_Driver/Src/stm32g0xx_hal_gpio.o
 .debug_info    0x0000f381      0x7f9 ./Drivers/STM32G0xx_HAL_Driver/Src/stm32g0xx_hal_pwr_ex.o
 .debug_info    0x0000fb7a      0xd68 ./Drivers/STM32G0xx_HAL_Driver/Src/stm32g0xx_hal_rcc.o
 .debug_info    0x000108e2      0x8a4 ./Drivers/STM32G0xx_HAL_Driver/Src/stm32g0xx_hal_rcc_ex.o
 .debug_info    0x00011186     0x3e16 ./Drivers/STM32G0xx_HAL_Driver/Src/stm32g0xx_hal_tim.o
 .debug_info    0x00014f9c     0x1ed5 ./Drivers/STM32G0xx_HAL_Driver/Src/stm32g0xx_hal_tim_ex.o
 .debug_info    0x00016e71      0x83f ./Drivers/STM32G0xx_HAL_Driver/Src/stm32g0xx_ll_gpio.o
 .debug_info    0x000176b0      0xe86 ./Drivers/STM32G0xx_HAL_Driver/Src/stm32g0xx_ll_rcc.o
 .debug_info    0x00018536     0x153d ./Drivers/STM32G0xx_HAL_Driver/Src/stm32g0xx_ll_tim.o
 .debug_info    0x00019a73      0x942 ./Drivers/STM32G0xx_HAL_Driver/Src/stm32g0xx_ll_usart.o

.debug_abbrev   0x00000000     0x46bc
 .debug_abbrev  0x00000000      0x42b ./Core/Chain_Function/base_function.o
 .debug_abbrev  0x0000042b      0x292 ./Core/Chain_Function/encoder_function.o
 .debug_abbrev  0x000006bd      0x2b5 ./Core/RGB/RGB.o
 .debug_abbrev  0x00000972      0x1d1 ./Core/Src/dma.o
 .debug_abbrev  0x00000b43      0x1af ./Core/Src/gpio.o
 .debug_abbrev  0x00000cf2      0x17f ./Core/Src/iwdg.o
 .debug_abbrev  0x00000e71      0x37a ./Core/Src/main.o
 .debug_abbrev  0x000011eb      0x147 ./Core/Src/stm32g0xx_hal_msp.o
 .debug_abbrev  0x00001332      0x3cf ./Core/Src/stm32g0xx_it.o
 .debug_abbrev  0x00001701      0x148 ./Core/Src/system_stm32g0xx.o
 .debug_abbrev  0x00001849      0x34c ./Core/Src/tim.o
 .debug_abbrev  0x00001b95      0x38a ./Core/Src/usart.o
 .debug_abbrev  0x00001f1f       0x24 ./Core/Startup/startup_stm32g031g8ux.o
 .debug_abbrev  0x00001f43      0x202 ./Core/flash/myflash.o
 .debug_abbrev  0x00002145      0x2c8 ./Drivers/STM32G0xx_HAL_Driver/Src/stm32g0xx_hal.o
 .debug_abbrev  0x0000240d      0x30b ./Drivers/STM32G0xx_HAL_Driver/Src/stm32g0xx_hal_cortex.o
 .debug_abbrev  0x00002718      0x339 ./Drivers/STM32G0xx_HAL_Driver/Src/stm32g0xx_hal_flash.o
 .debug_abbrev  0x00002a51      0x2b7 ./Drivers/STM32G0xx_HAL_Driver/Src/stm32g0xx_hal_flash_ex.o
 .debug_abbrev  0x00002d08      0x208 ./Drivers/STM32G0xx_HAL_Driver/Src/stm32g0xx_hal_gpio.o
 .debug_abbrev  0x00002f10      0x256 ./Drivers/STM32G0xx_HAL_Driver/Src/stm32g0xx_hal_pwr_ex.o
 .debug_abbrev  0x00003166      0x2d5 ./Drivers/STM32G0xx_HAL_Driver/Src/stm32g0xx_hal_rcc.o
 .debug_abbrev  0x0000343b      0x28d ./Drivers/STM32G0xx_HAL_Driver/Src/stm32g0xx_hal_rcc_ex.o
 .debug_abbrev  0x000036c8      0x296 ./Drivers/STM32G0xx_HAL_Driver/Src/stm32g0xx_hal_tim.o
 .debug_abbrev  0x0000395e      0x2a9 ./Drivers/STM32G0xx_HAL_Driver/Src/stm32g0xx_hal_tim_ex.o
 .debug_abbrev  0x00003c07      0x23f ./Drivers/STM32G0xx_HAL_Driver/Src/stm32g0xx_ll_gpio.o
 .debug_abbrev  0x00003e46      0x2a4 ./Drivers/STM32G0xx_HAL_Driver/Src/stm32g0xx_ll_rcc.o
 .debug_abbrev  0x000040ea      0x2c9 ./Drivers/STM32G0xx_HAL_Driver/Src/stm32g0xx_ll_tim.o
 .debug_abbrev  0x000043b3      0x309 ./Drivers/STM32G0xx_HAL_Driver/Src/stm32g0xx_ll_usart.o

.debug_loclists
                0x00000000     0xa71e
 .debug_loclists
                0x00000000      0x40f ./Core/Chain_Function/base_function.o
 .debug_loclists
                0x0000040f       0x82 ./Core/Chain_Function/encoder_function.o
 .debug_loclists
                0x00000491      0x2c9 ./Core/RGB/RGB.o
 .debug_loclists
                0x0000075a       0x54 ./Core/Src/dma.o
 .debug_loclists
                0x000007ae       0x94 ./Core/Src/iwdg.o
 .debug_loclists
                0x00000842      0x12b ./Core/Src/main.o
 .debug_loclists
                0x0000096d      0x8f6 ./Core/Src/stm32g0xx_it.o
 .debug_loclists
                0x00001263       0x6d ./Core/Src/system_stm32g0xx.o
 .debug_loclists
                0x000012d0      0x402 ./Core/Src/tim.o
 .debug_loclists
                0x000016d2      0xfa4 ./Core/Src/usart.o
 .debug_loclists
                0x00002676      0x11e ./Core/flash/myflash.o
 .debug_loclists
                0x00002794      0x125 ./Drivers/STM32G0xx_HAL_Driver/Src/stm32g0xx_hal.o
 .debug_loclists
                0x000028b9      0x1c5 ./Drivers/STM32G0xx_HAL_Driver/Src/stm32g0xx_hal_cortex.o
 .debug_loclists
                0x00002a7e      0x2e2 ./Drivers/STM32G0xx_HAL_Driver/Src/stm32g0xx_hal_flash.o
 .debug_loclists
                0x00002d60      0x3e3 ./Drivers/STM32G0xx_HAL_Driver/Src/stm32g0xx_hal_flash_ex.o
 .debug_loclists
                0x00003143      0x27b ./Drivers/STM32G0xx_HAL_Driver/Src/stm32g0xx_hal_gpio.o
 .debug_loclists
                0x000033be      0x191 ./Drivers/STM32G0xx_HAL_Driver/Src/stm32g0xx_hal_pwr_ex.o
 .debug_loclists
                0x0000354f      0x4da ./Drivers/STM32G0xx_HAL_Driver/Src/stm32g0xx_hal_rcc.o
 .debug_loclists
                0x00003a29      0x62c ./Drivers/STM32G0xx_HAL_Driver/Src/stm32g0xx_hal_rcc_ex.o
 .debug_loclists
                0x00004055     0x3784 ./Drivers/STM32G0xx_HAL_Driver/Src/stm32g0xx_hal_tim.o
 .debug_loclists
                0x000077d9     0x19ab ./Drivers/STM32G0xx_HAL_Driver/Src/stm32g0xx_hal_tim_ex.o
 .debug_loclists
                0x00009184      0x233 ./Drivers/STM32G0xx_HAL_Driver/Src/stm32g0xx_ll_gpio.o
 .debug_loclists
                0x000093b7      0x481 ./Drivers/STM32G0xx_HAL_Driver/Src/stm32g0xx_ll_rcc.o
 .debug_loclists
                0x00009838      0xba5 ./Drivers/STM32G0xx_HAL_Driver/Src/stm32g0xx_ll_tim.o
 .debug_loclists
                0x0000a3dd      0x341 ./Drivers/STM32G0xx_HAL_Driver/Src/stm32g0xx_ll_usart.o

.debug_aranges  0x00000000     0x1110
 .debug_aranges
                0x00000000       0xc8 ./Core/Chain_Function/base_function.o
 .debug_aranges
                0x000000c8       0x68 ./Core/Chain_Function/encoder_function.o
 .debug_aranges
                0x00000130       0x68 ./Core/RGB/RGB.o
 .debug_aranges
                0x00000198       0x20 ./Core/Src/dma.o
 .debug_aranges
                0x000001b8       0x20 ./Core/Src/gpio.o
 .debug_aranges
                0x000001d8       0x20 ./Core/Src/iwdg.o
 .debug_aranges
                0x000001f8       0x48 ./Core/Src/main.o
 .debug_aranges
                0x00000240       0x20 ./Core/Src/stm32g0xx_hal_msp.o
 .debug_aranges
                0x00000260       0x90 ./Core/Src/stm32g0xx_it.o
 .debug_aranges
                0x000002f0       0x28 ./Core/Src/system_stm32g0xx.o
 .debug_aranges
                0x00000318       0x58 ./Core/Src/tim.o
 .debug_aranges
                0x00000370       0x48 ./Core/Src/usart.o
 .debug_aranges
                0x000003b8       0x28 ./Core/Startup/startup_stm32g031g8ux.o
 .debug_aranges
                0x000003e0       0x68 ./Core/flash/myflash.o
 .debug_aranges
                0x00000448      0x128 ./Drivers/STM32G0xx_HAL_Driver/Src/stm32g0xx_hal.o
 .debug_aranges
                0x00000570       0xc0 ./Drivers/STM32G0xx_HAL_Driver/Src/stm32g0xx_hal_cortex.o
 .debug_aranges
                0x00000630       0x88 ./Drivers/STM32G0xx_HAL_Driver/Src/stm32g0xx_hal_flash.o
 .debug_aranges
                0x000006b8       0xd0 ./Drivers/STM32G0xx_HAL_Driver/Src/stm32g0xx_hal_flash_ex.o
 .debug_aranges
                0x00000788       0x60 ./Drivers/STM32G0xx_HAL_Driver/Src/stm32g0xx_hal_gpio.o
 .debug_aranges
                0x000007e8       0xf0 ./Drivers/STM32G0xx_HAL_Driver/Src/stm32g0xx_hal_pwr_ex.o
 .debug_aranges
                0x000008d8       0x98 ./Drivers/STM32G0xx_HAL_Driver/Src/stm32g0xx_hal_rcc.o
 .debug_aranges
                0x00000970       0x40 ./Drivers/STM32G0xx_HAL_Driver/Src/stm32g0xx_hal_rcc_ex.o
 .debug_aranges
                0x000009b0      0x3e0 ./Drivers/STM32G0xx_HAL_Driver/Src/stm32g0xx_hal_tim.o
 .debug_aranges
                0x00000d90      0x198 ./Drivers/STM32G0xx_HAL_Driver/Src/stm32g0xx_hal_tim_ex.o
 .debug_aranges
                0x00000f28       0x30 ./Drivers/STM32G0xx_HAL_Driver/Src/stm32g0xx_ll_gpio.o
 .debug_aranges
                0x00000f58       0xa0 ./Drivers/STM32G0xx_HAL_Driver/Src/stm32g0xx_ll_rcc.o
 .debug_aranges
                0x00000ff8       0xd0 ./Drivers/STM32G0xx_HAL_Driver/Src/stm32g0xx_ll_tim.o
 .debug_aranges
                0x000010c8       0x48 ./Drivers/STM32G0xx_HAL_Driver/Src/stm32g0xx_ll_usart.o

.debug_rnglists
                0x00000000      0xe05
 .debug_rnglists
                0x00000000       0xab ./Core/Chain_Function/base_function.o
 .debug_rnglists
                0x000000ab       0x56 ./Core/Chain_Function/encoder_function.o
 .debug_rnglists
                0x00000101       0x4a ./Core/RGB/RGB.o
 .debug_rnglists
                0x0000014b       0x13 ./Core/Src/dma.o
 .debug_rnglists
                0x0000015e       0x13 ./Core/Src/gpio.o
 .debug_rnglists
                0x00000171       0x1f ./Core/Src/iwdg.o
 .debug_rnglists
                0x00000190       0x33 ./Core/Src/main.o
 .debug_rnglists
                0x000001c3       0x13 ./Core/Src/stm32g0xx_hal_msp.o
 .debug_rnglists
                0x000001d6       0xd6 ./Core/Src/stm32g0xx_it.o
 .debug_rnglists
                0x000002ac       0x1a ./Core/Src/system_stm32g0xx.o
 .debug_rnglists
                0x000002c6       0x3f ./Core/Src/tim.o
 .debug_rnglists
                0x00000305       0x37 ./Core/Src/usart.o
 .debug_rnglists
                0x0000033c       0x19 ./Core/Startup/startup_stm32g031g8ux.o
 .debug_rnglists
                0x00000355       0x49 ./Core/flash/myflash.o
 .debug_rnglists
                0x0000039e       0xd9 ./Drivers/STM32G0xx_HAL_Driver/Src/stm32g0xx_hal.o
 .debug_rnglists
                0x00000477       0x97 ./Drivers/STM32G0xx_HAL_Driver/Src/stm32g0xx_hal_cortex.o
 .debug_rnglists
                0x0000050e       0x6e ./Drivers/STM32G0xx_HAL_Driver/Src/stm32g0xx_hal_flash.o
 .debug_rnglists
                0x0000057c       0x99 ./Drivers/STM32G0xx_HAL_Driver/Src/stm32g0xx_hal_flash_ex.o
 .debug_rnglists
                0x00000615       0x45 ./Drivers/STM32G0xx_HAL_Driver/Src/stm32g0xx_hal_gpio.o
 .debug_rnglists
                0x0000065a       0xb2 ./Drivers/STM32G0xx_HAL_Driver/Src/stm32g0xx_hal_pwr_ex.o
 .debug_rnglists
                0x0000070c       0x85 ./Drivers/STM32G0xx_HAL_Driver/Src/stm32g0xx_hal_rcc.o
 .debug_rnglists
                0x00000791       0x3c ./Drivers/STM32G0xx_HAL_Driver/Src/stm32g0xx_hal_rcc_ex.o
 .debug_rnglists
                0x000007cd      0x310 ./Drivers/STM32G0xx_HAL_Driver/Src/stm32g0xx_hal_tim.o
 .debug_rnglists
                0x00000add      0x13f ./Drivers/STM32G0xx_HAL_Driver/Src/stm32g0xx_hal_tim_ex.o
 .debug_rnglists
                0x00000c1c       0x51 ./Drivers/STM32G0xx_HAL_Driver/Src/stm32g0xx_ll_gpio.o
 .debug_rnglists
                0x00000c6d       0x75 ./Drivers/STM32G0xx_HAL_Driver/Src/stm32g0xx_ll_rcc.o
 .debug_rnglists
                0x00000ce2       0xd9 ./Drivers/STM32G0xx_HAL_Driver/Src/stm32g0xx_ll_tim.o
 .debug_rnglists
                0x00000dbb       0x4a ./Drivers/STM32G0xx_HAL_Driver/Src/stm32g0xx_ll_usart.o

.debug_macro    0x00000000    0x1aeb1
 .debug_macro   0x00000000      0x32d ./Core/Chain_Function/base_function.o
 .debug_macro   0x0000032d      0xa90 ./Core/Chain_Function/base_function.o
 .debug_macro   0x00000dbd      0x117 ./Core/Chain_Function/base_function.o
 .debug_macro   0x00000ed4       0x2e ./Core/Chain_Function/base_function.o
 .debug_macro   0x00000f02       0x28 ./Core/Chain_Function/base_function.o
 .debug_macro   0x00000f2a       0x22 ./Core/Chain_Function/base_function.o
 .debug_macro   0x00000f4c       0x8e ./Core/Chain_Function/base_function.o
 .debug_macro   0x00000fda       0x51 ./Core/Chain_Function/base_function.o
 .debug_macro   0x0000102b      0x103 ./Core/Chain_Function/base_function.o
 .debug_macro   0x0000112e       0x6a ./Core/Chain_Function/base_function.o
 .debug_macro   0x00001198      0x1df ./Core/Chain_Function/base_function.o
 .debug_macro   0x00001377       0x1c ./Core/Chain_Function/base_function.o
 .debug_macro   0x00001393       0x22 ./Core/Chain_Function/base_function.o
 .debug_macro   0x000013b5       0xd1 ./Core/Chain_Function/base_function.o
 .debug_macro   0x00001486      0x4da ./Core/Chain_Function/base_function.o
 .debug_macro   0x00001960      0x11f ./Core/Chain_Function/base_function.o
 .debug_macro   0x00001a7f     0xac2c ./Core/Chain_Function/base_function.o
 .debug_macro   0x0000c6ab       0x66 ./Core/Chain_Function/base_function.o
 .debug_macro   0x0000c711     0x350e ./Core/Chain_Function/base_function.o
 .debug_macro   0x0000fc1f      0x189 ./Core/Chain_Function/base_function.o
 .debug_macro   0x0000fda8       0x5c ./Core/Chain_Function/base_function.o
 .debug_macro   0x0000fe04      0x526 ./Core/Chain_Function/base_function.o
 .debug_macro   0x0001032a      0xf70 ./Core/Chain_Function/base_function.o
 .debug_macro   0x0001129a      0x1d8 ./Core/Chain_Function/base_function.o
 .debug_macro   0x00011472      0x1cf ./Core/Chain_Function/base_function.o
 .debug_macro   0x00011641      0x122 ./Core/Chain_Function/base_function.o
 .debug_macro   0x00011763      0x390 ./Core/Chain_Function/base_function.o
 .debug_macro   0x00011af3      0x209 ./Core/Chain_Function/base_function.o
 .debug_macro   0x00011cfc      0x2ff ./Core/Chain_Function/base_function.o
 .debug_macro   0x00011ffb      0x1b2 ./Core/Chain_Function/base_function.o
 .debug_macro   0x000121ad       0x43 ./Core/Chain_Function/base_function.o
 .debug_macro   0x000121f0      0x1f1 ./Core/Chain_Function/base_function.o
 .debug_macro   0x000123e1      0x1d6 ./Core/Chain_Function/base_function.o
 .debug_macro   0x000125b7      0x38a ./Core/Chain_Function/base_function.o
 .debug_macro   0x00012941       0x28 ./Core/Chain_Function/base_function.o
 .debug_macro   0x00012969       0xe4 ./Core/Chain_Function/base_function.o
 .debug_macro   0x00012a4d      0x10c ./Core/Chain_Function/base_function.o
 .debug_macro   0x00012b59      0x240 ./Core/Chain_Function/base_function.o
 .debug_macro   0x00012d99      0xac2 ./Core/Chain_Function/base_function.o
 .debug_macro   0x0001385b      0x135 ./Core/Chain_Function/base_function.o
 .debug_macro   0x00013990      0x49d ./Core/Chain_Function/base_function.o
 .debug_macro   0x00013e2d       0x6a ./Core/Chain_Function/base_function.o
 .debug_macro   0x00013e97      0x916 ./Core/Chain_Function/base_function.o
 .debug_macro   0x000147ad      0x40f ./Core/Chain_Function/base_function.o
 .debug_macro   0x00014bbc       0xee ./Core/Chain_Function/base_function.o
 .debug_macro   0x00014caa      0x174 ./Core/Chain_Function/base_function.o
 .debug_macro   0x00014e1e      0x156 ./Core/Chain_Function/base_function.o
 .debug_macro   0x00014f74       0x5a ./Core/Chain_Function/base_function.o
 .debug_macro   0x00014fce      0x1c7 ./Core/Chain_Function/base_function.o
 .debug_macro   0x00015195      0x131 ./Core/Chain_Function/base_function.o
 .debug_macro   0x000152c6      0x192 ./Core/Chain_Function/base_function.o
 .debug_macro   0x00015458       0x3a ./Core/Chain_Function/base_function.o
 .debug_macro   0x00015492       0x61 ./Core/Chain_Function/base_function.o
 .debug_macro   0x000154f3       0x24 ./Core/Chain_Function/base_function.o
 .debug_macro   0x00015517       0x43 ./Core/Chain_Function/base_function.o
 .debug_macro   0x0001555a       0x34 ./Core/Chain_Function/base_function.o
 .debug_macro   0x0001558e       0x16 ./Core/Chain_Function/base_function.o
 .debug_macro   0x000155a4       0x43 ./Core/Chain_Function/base_function.o
 .debug_macro   0x000155e7       0x34 ./Core/Chain_Function/base_function.o
 .debug_macro   0x0001561b       0x10 ./Core/Chain_Function/base_function.o
 .debug_macro   0x0001562b       0x58 ./Core/Chain_Function/base_function.o
 .debug_macro   0x00015683       0x8e ./Core/Chain_Function/base_function.o
 .debug_macro   0x00015711       0x1c ./Core/Chain_Function/base_function.o
 .debug_macro   0x0001572d      0x177 ./Core/Chain_Function/base_function.o
 .debug_macro   0x000158a4      0x369 ./Core/Chain_Function/base_function.o
 .debug_macro   0x00015c0d       0x10 ./Core/Chain_Function/base_function.o
 .debug_macro   0x00015c1d       0x35 ./Core/Chain_Function/base_function.o
 .debug_macro   0x00015c52       0x20 ./Core/Chain_Function/base_function.o
 .debug_macro   0x00015c72       0x46 ./Core/Chain_Function/base_function.o
 .debug_macro   0x00015cb8      0x363 ./Core/Chain_Function/encoder_function.o
 .debug_macro   0x0001601b       0x22 ./Core/Chain_Function/encoder_function.o
 .debug_macro   0x0001603d       0x28 ./Core/Chain_Function/encoder_function.o
 .debug_macro   0x00016065      0x39c ./Core/RGB/RGB.o
 .debug_macro   0x00016401       0x16 ./Core/RGB/RGB.o
 .debug_macro   0x00016417       0x10 ./Core/RGB/RGB.o
 .debug_macro   0x00016427       0x16 ./Core/RGB/RGB.o
 .debug_macro   0x0001643d       0x16 ./Core/RGB/RGB.o
 .debug_macro   0x00016453      0x146 ./Core/RGB/RGB.o
 .debug_macro   0x00016599       0x16 ./Core/RGB/RGB.o
 .debug_macro   0x000165af       0x16 ./Core/RGB/RGB.o
 .debug_macro   0x000165c5      0x246 ./Core/Src/dma.o
 .debug_macro   0x0001680b      0x246 ./Core/Src/gpio.o
 .debug_macro   0x00016a51      0x246 ./Core/Src/iwdg.o
 .debug_macro   0x00016c97      0x3c2 ./Core/Src/main.o
 .debug_macro   0x00017059       0x4c ./Core/Src/main.o
 .debug_macro   0x000170a5       0x1c ./Core/Src/main.o
 .debug_macro   0x000170c1       0x1c ./Core/Src/main.o
 .debug_macro   0x000170dd      0x23c ./Core/Src/stm32g0xx_hal_msp.o
 .debug_macro   0x00017319      0x331 ./Core/Src/stm32g0xx_it.o
 .debug_macro   0x0001764a      0x1cb ./Core/Src/system_stm32g0xx.o
 .debug_macro   0x00017815      0x246 ./Core/Src/tim.o
 .debug_macro   0x00017a5b      0x31a ./Core/Src/usart.o
 .debug_macro   0x00017d75      0x258 ./Core/flash/myflash.o
 .debug_macro   0x00017fcd      0x1ef ./Drivers/STM32G0xx_HAL_Driver/Src/stm32g0xx_hal.o
 .debug_macro   0x000181bc      0x1cb ./Drivers/STM32G0xx_HAL_Driver/Src/stm32g0xx_hal_cortex.o
 .debug_macro   0x00018387      0x1cb ./Drivers/STM32G0xx_HAL_Driver/Src/stm32g0xx_hal_flash.o
 .debug_macro   0x00018552      0x1cb ./Drivers/STM32G0xx_HAL_Driver/Src/stm32g0xx_hal_flash_ex.o
 .debug_macro   0x0001871d      0x1d2 ./Drivers/STM32G0xx_HAL_Driver/Src/stm32g0xx_hal_gpio.o
 .debug_macro   0x000188ef      0x1f5 ./Drivers/STM32G0xx_HAL_Driver/Src/stm32g0xx_hal_pwr_ex.o
 .debug_macro   0x00018ae4      0x20d ./Drivers/STM32G0xx_HAL_Driver/Src/stm32g0xx_hal_rcc.o
 .debug_macro   0x00018cf1      0x1e3 ./Drivers/STM32G0xx_HAL_Driver/Src/stm32g0xx_hal_rcc_ex.o
 .debug_macro   0x00018ed4      0x1d3 ./Drivers/STM32G0xx_HAL_Driver/Src/stm32g0xx_hal_tim.o
 .debug_macro   0x000190a7      0x1d1 ./Drivers/STM32G0xx_HAL_Driver/Src/stm32g0xx_hal_tim_ex.o
 .debug_macro   0x00019278      0x20d ./Drivers/STM32G0xx_HAL_Driver/Src/stm32g0xx_ll_gpio.o
 .debug_macro   0x00019485      0x12b ./Drivers/STM32G0xx_HAL_Driver/Src/stm32g0xx_ll_gpio.o
 .debug_macro   0x000195b0      0x205 ./Drivers/STM32G0xx_HAL_Driver/Src/stm32g0xx_ll_rcc.o
 .debug_macro   0x000197b5      0x520 ./Drivers/STM32G0xx_HAL_Driver/Src/stm32g0xx_ll_rcc.o
 .debug_macro   0x00019cd5      0x282 ./Drivers/STM32G0xx_HAL_Driver/Src/stm32g0xx_ll_tim.o
 .debug_macro   0x00019f57      0x910 ./Drivers/STM32G0xx_HAL_Driver/Src/stm32g0xx_ll_tim.o
 .debug_macro   0x0001a867      0x241 ./Drivers/STM32G0xx_HAL_Driver/Src/stm32g0xx_ll_usart.o
 .debug_macro   0x0001aaa8      0x409 ./Drivers/STM32G0xx_HAL_Driver/Src/stm32g0xx_ll_usart.o

.debug_line     0x00000000    0x1cb5b
 .debug_line    0x00000000     0x10ae ./Core/Chain_Function/base_function.o
 .debug_line    0x000010ae      0xd27 ./Core/Chain_Function/encoder_function.o
 .debug_line    0x00001dd5      0xf40 ./Core/RGB/RGB.o
 .debug_line    0x00002d15      0x8bb ./Core/Src/dma.o
 .debug_line    0x000035d0      0x864 ./Core/Src/gpio.o
 .debug_line    0x00003e34      0x8d2 ./Core/Src/iwdg.o
 .debug_line    0x00004706      0xf36 ./Core/Src/main.o
 .debug_line    0x0000563c      0x838 ./Core/Src/stm32g0xx_hal_msp.o
 .debug_line    0x00005e74     0x14ea ./Core/Src/stm32g0xx_it.o
 .debug_line    0x0000735e      0x81b ./Core/Src/system_stm32g0xx.o
 .debug_line    0x00007b79      0xeb8 ./Core/Src/tim.o
 .debug_line    0x00008a31     0x17f2 ./Core/Src/usart.o
 .debug_line    0x0000a223       0x7b ./Core/Startup/startup_stm32g031g8ux.o
 .debug_line    0x0000a29e      0xa05 ./Core/flash/myflash.o
 .debug_line    0x0000aca3      0xbae ./Drivers/STM32G0xx_HAL_Driver/Src/stm32g0xx_hal.o
 .debug_line    0x0000b851      0xc24 ./Drivers/STM32G0xx_HAL_Driver/Src/stm32g0xx_hal_cortex.o
 .debug_line    0x0000c475      0xc40 ./Drivers/STM32G0xx_HAL_Driver/Src/stm32g0xx_hal_flash.o
 .debug_line    0x0000d0b5      0xea1 ./Drivers/STM32G0xx_HAL_Driver/Src/stm32g0xx_hal_flash_ex.o
 .debug_line    0x0000df56      0xc65 ./Drivers/STM32G0xx_HAL_Driver/Src/stm32g0xx_hal_gpio.o
 .debug_line    0x0000ebbb      0xc49 ./Drivers/STM32G0xx_HAL_Driver/Src/stm32g0xx_hal_pwr_ex.o
 .debug_line    0x0000f804     0x1302 ./Drivers/STM32G0xx_HAL_Driver/Src/stm32g0xx_hal_rcc.o
 .debug_line    0x00010b06      0xea3 ./Drivers/STM32G0xx_HAL_Driver/Src/stm32g0xx_hal_rcc_ex.o
 .debug_line    0x000119a9     0x545b ./Drivers/STM32G0xx_HAL_Driver/Src/stm32g0xx_hal_tim.o
 .debug_line    0x00016e04     0x2552 ./Drivers/STM32G0xx_HAL_Driver/Src/stm32g0xx_hal_tim_ex.o
 .debug_line    0x00019356      0xa23 ./Drivers/STM32G0xx_HAL_Driver/Src/stm32g0xx_ll_gpio.o
 .debug_line    0x00019d79     0x10e5 ./Drivers/STM32G0xx_HAL_Driver/Src/stm32g0xx_ll_rcc.o
 .debug_line    0x0001ae5e     0x12a3 ./Drivers/STM32G0xx_HAL_Driver/Src/stm32g0xx_ll_tim.o
 .debug_line    0x0001c101      0xa5a ./Drivers/STM32G0xx_HAL_Driver/Src/stm32g0xx_ll_usart.o

.debug_str      0x00000000    0x9b211
 .debug_str     0x00000000    0x92cbc ./Core/Chain_Function/base_function.o
                              0x93c1c (size before relaxing)
 .debug_str     0x00092cbc      0x9fc ./Core/Chain_Function/encoder_function.o
                              0x940fc (size before relaxing)
 .debug_str     0x000936b8      0x947 ./Core/RGB/RGB.o
                              0x941bf (size before relaxing)
 .debug_str     0x00093fff      0x226 ./Core/Src/dma.o
                              0x906cf (size before relaxing)
 .debug_str     0x00094225       0x2c ./Core/Src/gpio.o
                              0x906de (size before relaxing)
 .debug_str     0x00094251       0xc1 ./Core/Src/iwdg.o
                              0x90435 (size before relaxing)
 .debug_str     0x00094312      0x375 ./Core/Src/main.o
                              0x94835 (size before relaxing)
 .debug_str     0x00094687       0x2c ./Core/Src/stm32g0xx_hal_msp.o
                              0x90637 (size before relaxing)
 .debug_str     0x000946b3      0x3db ./Core/Src/stm32g0xx_it.o
                              0x93e04 (size before relaxing)
 .debug_str     0x00094a8e       0x9c ./Core/Src/system_stm32g0xx.o
                              0x86a0f (size before relaxing)
 .debug_str     0x00094b2a      0x688 ./Core/Src/tim.o
                              0x914a6 (size before relaxing)
 .debug_str     0x000951b2      0x213 ./Core/Src/usart.o
                              0x9409d (size before relaxing)
 .debug_str     0x000953c5       0x44 ./Core/Startup/startup_stm32g031g8ux.o
                                 0x7b (size before relaxing)
 .debug_str     0x00095409      0x137 ./Core/flash/myflash.o
                              0x906e4 (size before relaxing)
 .debug_str     0x00095540      0x541 ./Drivers/STM32G0xx_HAL_Driver/Src/stm32g0xx_hal.o
                              0x871e5 (size before relaxing)
 .debug_str     0x00095a81      0x23e ./Drivers/STM32G0xx_HAL_Driver/Src/stm32g0xx_hal_cortex.o
                              0x86e8b (size before relaxing)
 .debug_str     0x00095cbf      0x1b4 ./Drivers/STM32G0xx_HAL_Driver/Src/stm32g0xx_hal_flash.o
                              0x86c32 (size before relaxing)
 .debug_str     0x00095e73      0x365 ./Drivers/STM32G0xx_HAL_Driver/Src/stm32g0xx_hal_flash_ex.o
                              0x86dd5 (size before relaxing)
 .debug_str     0x000961d8       0xfd ./Drivers/STM32G0xx_HAL_Driver/Src/stm32g0xx_hal_gpio.o
                              0x86b36 (size before relaxing)
 .debug_str     0x000962d5      0x38b ./Drivers/STM32G0xx_HAL_Driver/Src/stm32g0xx_hal_pwr_ex.o
                              0x86e88 (size before relaxing)
 .debug_str     0x00096660      0x4ae ./Drivers/STM32G0xx_HAL_Driver/Src/stm32g0xx_hal_rcc.o
                              0x87165 (size before relaxing)
 .debug_str     0x00096b0e      0x17b ./Drivers/STM32G0xx_HAL_Driver/Src/stm32g0xx_hal_rcc_ex.o
                              0x86d9e (size before relaxing)
 .debug_str     0x00096c89      0xdd0 ./Drivers/STM32G0xx_HAL_Driver/Src/stm32g0xx_hal_tim.o
                              0x87f43 (size before relaxing)
 .debug_str     0x00097a59      0x570 ./Drivers/STM32G0xx_HAL_Driver/Src/stm32g0xx_hal_tim_ex.o
                              0x878d1 (size before relaxing)
 .debug_str     0x00097fc9      0x53a ./Drivers/STM32G0xx_HAL_Driver/Src/stm32g0xx_ll_gpio.o
                              0x87c6f (size before relaxing)
 .debug_str     0x00098503      0x797 ./Drivers/STM32G0xx_HAL_Driver/Src/stm32g0xx_ll_rcc.o
                              0x871ac (size before relaxing)
 .debug_str     0x00098c9a     0x1b4d ./Drivers/STM32G0xx_HAL_Driver/Src/stm32g0xx_ll_tim.o
                              0x8d429 (size before relaxing)
 .debug_str     0x0009a7e7      0xa2a ./Drivers/STM32G0xx_HAL_Driver/Src/stm32g0xx_ll_usart.o
                              0x8952a (size before relaxing)

.comment        0x00000000       0x43
 .comment       0x00000000       0x43 ./Core/Chain_Function/base_function.o
                                 0x44 (size before relaxing)
 .comment       0x00000043       0x44 ./Core/Chain_Function/encoder_function.o
 .comment       0x00000043       0x44 ./Core/RGB/RGB.o
 .comment       0x00000043       0x44 ./Core/Src/dma.o
 .comment       0x00000043       0x44 ./Core/Src/gpio.o
 .comment       0x00000043       0x44 ./Core/Src/iwdg.o
 .comment       0x00000043       0x44 ./Core/Src/main.o
 .comment       0x00000043       0x44 ./Core/Src/stm32g0xx_hal_msp.o
 .comment       0x00000043       0x44 ./Core/Src/stm32g0xx_it.o
 .comment       0x00000043       0x44 ./Core/Src/system_stm32g0xx.o
 .comment       0x00000043       0x44 ./Core/Src/tim.o
 .comment       0x00000043       0x44 ./Core/Src/usart.o
 .comment       0x00000043       0x44 ./Core/flash/myflash.o
 .comment       0x00000043       0x44 ./Drivers/STM32G0xx_HAL_Driver/Src/stm32g0xx_hal.o
 .comment       0x00000043       0x44 ./Drivers/STM32G0xx_HAL_Driver/Src/stm32g0xx_hal_cortex.o
 .comment       0x00000043       0x44 ./Drivers/STM32G0xx_HAL_Driver/Src/stm32g0xx_hal_flash.o
 .comment       0x00000043       0x44 ./Drivers/STM32G0xx_HAL_Driver/Src/stm32g0xx_hal_flash_ex.o
 .comment       0x00000043       0x44 ./Drivers/STM32G0xx_HAL_Driver/Src/stm32g0xx_hal_gpio.o
 .comment       0x00000043       0x44 ./Drivers/STM32G0xx_HAL_Driver/Src/stm32g0xx_hal_pwr_ex.o
 .comment       0x00000043       0x44 ./Drivers/STM32G0xx_HAL_Driver/Src/stm32g0xx_hal_rcc.o
 .comment       0x00000043       0x44 ./Drivers/STM32G0xx_HAL_Driver/Src/stm32g0xx_hal_rcc_ex.o
 .comment       0x00000043       0x44 ./Drivers/STM32G0xx_HAL_Driver/Src/stm32g0xx_hal_tim.o
 .comment       0x00000043       0x44 ./Drivers/STM32G0xx_HAL_Driver/Src/stm32g0xx_hal_tim_ex.o
 .comment       0x00000043       0x44 ./Drivers/STM32G0xx_HAL_Driver/Src/stm32g0xx_ll_gpio.o
 .comment       0x00000043       0x44 ./Drivers/STM32G0xx_HAL_Driver/Src/stm32g0xx_ll_rcc.o
 .comment       0x00000043       0x44 ./Drivers/STM32G0xx_HAL_Driver/Src/stm32g0xx_ll_tim.o
 .comment       0x00000043       0x44 ./Drivers/STM32G0xx_HAL_Driver/Src/stm32g0xx_ll_usart.o

.debug_frame    0x00000000     0x2c4c
 .debug_frame   0x00000000      0x228 ./Core/Chain_Function/base_function.o
 .debug_frame   0x00000228       0xf8 ./Core/Chain_Function/encoder_function.o
 .debug_frame   0x00000320       0xfc ./Core/RGB/RGB.o
 .debug_frame   0x0000041c       0x28 ./Core/Src/dma.o
 .debug_frame   0x00000444       0x28 ./Core/Src/gpio.o
 .debug_frame   0x0000046c       0x20 ./Core/Src/iwdg.o
 .debug_frame   0x0000048c       0x98 ./Core/Src/main.o
 .debug_frame   0x00000524       0x28 ./Core/Src/stm32g0xx_hal_msp.o
 .debug_frame   0x0000054c      0x170 ./Core/Src/stm32g0xx_it.o
 .debug_frame   0x000006bc       0x38 ./Core/Src/system_stm32g0xx.o
 .debug_frame   0x000006f4       0xe8 ./Core/Src/tim.o
 .debug_frame   0x000007dc       0xd8 ./Core/Src/usart.o
 .debug_frame   0x000008b4       0xec ./Core/flash/myflash.o
 .debug_frame   0x000009a0      0x264 ./Drivers/STM32G0xx_HAL_Driver/Src/stm32g0xx_hal.o
 .debug_frame   0x00000c04      0x194 ./Drivers/STM32G0xx_HAL_Driver/Src/stm32g0xx_hal_cortex.o
 .debug_frame   0x00000d98      0x148 ./Drivers/STM32G0xx_HAL_Driver/Src/stm32g0xx_hal_flash.o
 .debug_frame   0x00000ee0      0x1e4 ./Drivers/STM32G0xx_HAL_Driver/Src/stm32g0xx_hal_flash_ex.o
 .debug_frame   0x000010c4       0xd0 ./Drivers/STM32G0xx_HAL_Driver/Src/stm32g0xx_hal_gpio.o
 .debug_frame   0x00001194      0x1e0 ./Drivers/STM32G0xx_HAL_Driver/Src/stm32g0xx_hal_pwr_ex.o
 .debug_frame   0x00001374      0x16c ./Drivers/STM32G0xx_HAL_Driver/Src/stm32g0xx_hal_rcc.o
 .debug_frame   0x000014e0       0x90 ./Drivers/STM32G0xx_HAL_Driver/Src/stm32g0xx_hal_rcc_ex.o
 .debug_frame   0x00001570      0xb18 ./Drivers/STM32G0xx_HAL_Driver/Src/stm32g0xx_hal_tim.o
 .debug_frame   0x00002088      0x4c0 ./Drivers/STM32G0xx_HAL_Driver/Src/stm32g0xx_hal_tim_ex.o
 .debug_frame   0x00002548       0x50 ./Drivers/STM32G0xx_HAL_Driver/Src/stm32g0xx_ll_gpio.o
 .debug_frame   0x00002598      0x18c ./Drivers/STM32G0xx_HAL_Driver/Src/stm32g0xx_ll_rcc.o
 .debug_frame   0x00002724      0x21c ./Drivers/STM32G0xx_HAL_Driver/Src/stm32g0xx_ll_tim.o
 .debug_frame   0x00002940       0x8c ./Drivers/STM32G0xx_HAL_Driver/Src/stm32g0xx_ll_usart.o
 .debug_frame   0x000029cc       0x20 C:/CubeIDE/STM32CubeIDE_1.16.0/STM32CubeIDE/plugins/com.st.stm32cube.ide.mcu.externaltools.gnu-tools-for-stm32.12.3.rel1.win32_1.0.200.202406191623/tools/bin/../lib/gcc/arm-none-eabi/12.3.1/../../../../arm-none-eabi/lib/thumb/v6-m/nofp\libc_nano.a(libc_a-memset.o)
 .debug_frame   0x000029ec       0x2c C:/CubeIDE/STM32CubeIDE_1.16.0/STM32CubeIDE/plugins/com.st.stm32cube.ide.mcu.externaltools.gnu-tools-for-stm32.12.3.rel1.win32_1.0.200.202406191623/tools/bin/../lib/gcc/arm-none-eabi/12.3.1/../../../../arm-none-eabi/lib/thumb/v6-m/nofp\libc_nano.a(libc_a-init.o)
 .debug_frame   0x00002a18       0x28 C:/CubeIDE/STM32CubeIDE_1.16.0/STM32CubeIDE/plugins/com.st.stm32cube.ide.mcu.externaltools.gnu-tools-for-stm32.12.3.rel1.win32_1.0.200.202406191623/tools/bin/../lib/gcc/arm-none-eabi/12.3.1/../../../../arm-none-eabi/lib/thumb/v6-m/nofp\libc_nano.a(libc_a-memcpy-stub.o)
 .debug_frame   0x00002a40       0x20 C:/CubeIDE/STM32CubeIDE_1.16.0/STM32CubeIDE/plugins/com.st.stm32cube.ide.mcu.externaltools.gnu-tools-for-stm32.12.3.rel1.win32_1.0.200.202406191623/tools/bin/../lib/gcc/arm-none-eabi/12.3.1/thumb/v6-m/nofp\libgcc.a(_udivsi3.o)
 .debug_frame   0x00002a60       0x2c C:/CubeIDE/STM32CubeIDE_1.16.0/STM32CubeIDE/plugins/com.st.stm32cube.ide.mcu.externaltools.gnu-tools-for-stm32.12.3.rel1.win32_1.0.200.202406191623/tools/bin/../lib/gcc/arm-none-eabi/12.3.1/thumb/v6-m/nofp\libgcc.a(_fixunsdfsi.o)
 .debug_frame   0x00002a8c       0x3c C:/CubeIDE/STM32CubeIDE_1.16.0/STM32CubeIDE/plugins/com.st.stm32cube.ide.mcu.externaltools.gnu-tools-for-stm32.12.3.rel1.win32_1.0.200.202406191623/tools/bin/../lib/gcc/arm-none-eabi/12.3.1/thumb/v6-m/nofp\libgcc.a(divdf3.o)
 .debug_frame   0x00002ac8       0x3c C:/CubeIDE/STM32CubeIDE_1.16.0/STM32CubeIDE/plugins/com.st.stm32cube.ide.mcu.externaltools.gnu-tools-for-stm32.12.3.rel1.win32_1.0.200.202406191623/tools/bin/../lib/gcc/arm-none-eabi/12.3.1/thumb/v6-m/nofp\libgcc.a(muldf3.o)
 .debug_frame   0x00002b04       0x3c C:/CubeIDE/STM32CubeIDE_1.16.0/STM32CubeIDE/plugins/com.st.stm32cube.ide.mcu.externaltools.gnu-tools-for-stm32.12.3.rel1.win32_1.0.200.202406191623/tools/bin/../lib/gcc/arm-none-eabi/12.3.1/thumb/v6-m/nofp\libgcc.a(subdf3.o)
 .debug_frame   0x00002b40       0x30 C:/CubeIDE/STM32CubeIDE_1.16.0/STM32CubeIDE/plugins/com.st.stm32cube.ide.mcu.externaltools.gnu-tools-for-stm32.12.3.rel1.win32_1.0.200.202406191623/tools/bin/../lib/gcc/arm-none-eabi/12.3.1/thumb/v6-m/nofp\libgcc.a(fixdfsi.o)
 .debug_frame   0x00002b70       0x2c C:/CubeIDE/STM32CubeIDE_1.16.0/STM32CubeIDE/plugins/com.st.stm32cube.ide.mcu.externaltools.gnu-tools-for-stm32.12.3.rel1.win32_1.0.200.202406191623/tools/bin/../lib/gcc/arm-none-eabi/12.3.1/thumb/v6-m/nofp\libgcc.a(floatsidf.o)
 .debug_frame   0x00002b9c       0x38 C:/CubeIDE/STM32CubeIDE_1.16.0/STM32CubeIDE/plugins/com.st.stm32cube.ide.mcu.externaltools.gnu-tools-for-stm32.12.3.rel1.win32_1.0.200.202406191623/tools/bin/../lib/gcc/arm-none-eabi/12.3.1/thumb/v6-m/nofp\libgcc.a(eqdf2.o)
 .debug_frame   0x00002bd4       0x3c C:/CubeIDE/STM32CubeIDE_1.16.0/STM32CubeIDE/plugins/com.st.stm32cube.ide.mcu.externaltools.gnu-tools-for-stm32.12.3.rel1.win32_1.0.200.202406191623/tools/bin/../lib/gcc/arm-none-eabi/12.3.1/thumb/v6-m/nofp\libgcc.a(gedf2.o)
 .debug_frame   0x00002c10       0x3c C:/CubeIDE/STM32CubeIDE_1.16.0/STM32CubeIDE/plugins/com.st.stm32cube.ide.mcu.externaltools.gnu-tools-for-stm32.12.3.rel1.win32_1.0.200.202406191623/tools/bin/../lib/gcc/arm-none-eabi/12.3.1/thumb/v6-m/nofp\libgcc.a(ledf2.o)

.debug_line_str
                0x00000000       0x5f
 .debug_line_str
                0x00000000       0x5f ./Core/Startup/startup_stm32g031g8ux.o