../Core/flash/myflash.c:13:17:get_page	0	static
../Core/flash/myflash.c:26:17:my_flash_read_half_word	0	static
../Core/flash/myflash.c:40:13:my_flash_earse_pages	32	static
../Core/flash/myflash.c:65:13:my_flash_write_double_word	16	static
../Core/flash/myflash.c:73:6:read_flash_data	8	static
../Core/flash/myflash.c:81:6:write_flash_data	16	static
../Core/flash/myflash.c:117:9:get_rgb_light	0	static
../Core/flash/myflash.c:103:6:set_rgb_light	8	static
../Core/flash/myflash.c:129:9:get_bootloader_version	0	static
../Core/flash/myflash.c:133:6:set_map_range_light	16	static
../Core/flash/myflash.c:139:9:get_map_range_light	16	static
