Archive member included to satisfy reference by file (symbol)

C:/CubeIDE/STM32CubeIDE_1.16.0/STM32CubeIDE/plugins/com.st.stm32cube.ide.mcu.externaltools.gnu-tools-for-stm32.12.3.rel1.win32_1.0.200.202406191623/tools/bin/../lib/gcc/arm-none-eabi/12.3.1/../../../../arm-none-eabi/lib/thumb/v6-m/nofp\libc_nano.a(libc_a-exit.o)
                              C:/CubeIDE/STM32CubeIDE_1.16.0/STM32CubeIDE/plugins/com.st.stm32cube.ide.mcu.externaltools.gnu-tools-for-stm32.12.3.rel1.win32_1.0.200.202406191623/tools/bin/../lib/gcc/arm-none-eabi/12.3.1/../../../../arm-none-eabi/lib/thumb/v6-m/nofp/crt0.o (exit)
C:/CubeIDE/STM32CubeIDE_1.16.0/STM32CubeIDE/plugins/com.st.stm32cube.ide.mcu.externaltools.gnu-tools-for-stm32.12.3.rel1.win32_1.0.200.202406191623/tools/bin/../lib/gcc/arm-none-eabi/12.3.1/../../../../arm-none-eabi/lib/thumb/v6-m/nofp\libc_nano.a(libc_a-findfp.o)
                              C:/CubeIDE/STM32CubeIDE_1.16.0/STM32CubeIDE/plugins/com.st.stm32cube.ide.mcu.externaltools.gnu-tools-for-stm32.12.3.rel1.win32_1.0.200.202406191623/tools/bin/../lib/gcc/arm-none-eabi/12.3.1/../../../../arm-none-eabi/lib/thumb/v6-m/nofp\libc_nano.a(libc_a-exit.o) (__stdio_exit_handler)
C:/CubeIDE/STM32CubeIDE_1.16.0/STM32CubeIDE/plugins/com.st.stm32cube.ide.mcu.externaltools.gnu-tools-for-stm32.12.3.rel1.win32_1.0.200.202406191623/tools/bin/../lib/gcc/arm-none-eabi/12.3.1/../../../../arm-none-eabi/lib/thumb/v6-m/nofp\libc_nano.a(libc_a-fwalk.o)
                              C:/CubeIDE/STM32CubeIDE_1.16.0/STM32CubeIDE/plugins/com.st.stm32cube.ide.mcu.externaltools.gnu-tools-for-stm32.12.3.rel1.win32_1.0.200.202406191623/tools/bin/../lib/gcc/arm-none-eabi/12.3.1/../../../../arm-none-eabi/lib/thumb/v6-m/nofp\libc_nano.a(libc_a-findfp.o) (_fwalk_sglue)
C:/CubeIDE/STM32CubeIDE_1.16.0/STM32CubeIDE/plugins/com.st.stm32cube.ide.mcu.externaltools.gnu-tools-for-stm32.12.3.rel1.win32_1.0.200.202406191623/tools/bin/../lib/gcc/arm-none-eabi/12.3.1/../../../../arm-none-eabi/lib/thumb/v6-m/nofp\libc_nano.a(libc_a-stdio.o)
                              C:/CubeIDE/STM32CubeIDE_1.16.0/STM32CubeIDE/plugins/com.st.stm32cube.ide.mcu.externaltools.gnu-tools-for-stm32.12.3.rel1.win32_1.0.200.202406191623/tools/bin/../lib/gcc/arm-none-eabi/12.3.1/../../../../arm-none-eabi/lib/thumb/v6-m/nofp\libc_nano.a(libc_a-findfp.o) (__sread)
C:/CubeIDE/STM32CubeIDE_1.16.0/STM32CubeIDE/plugins/com.st.stm32cube.ide.mcu.externaltools.gnu-tools-for-stm32.12.3.rel1.win32_1.0.200.202406191623/tools/bin/../lib/gcc/arm-none-eabi/12.3.1/../../../../arm-none-eabi/lib/thumb/v6-m/nofp\libc_nano.a(libc_a-memset.o)
                              C:/CubeIDE/STM32CubeIDE_1.16.0/STM32CubeIDE/plugins/com.st.stm32cube.ide.mcu.externaltools.gnu-tools-for-stm32.12.3.rel1.win32_1.0.200.202406191623/tools/bin/../lib/gcc/arm-none-eabi/12.3.1/../../../../arm-none-eabi/lib/thumb/v6-m/nofp/crt0.o (memset)
C:/CubeIDE/STM32CubeIDE_1.16.0/STM32CubeIDE/plugins/com.st.stm32cube.ide.mcu.externaltools.gnu-tools-for-stm32.12.3.rel1.win32_1.0.200.202406191623/tools/bin/../lib/gcc/arm-none-eabi/12.3.1/../../../../arm-none-eabi/lib/thumb/v6-m/nofp\libc_nano.a(libc_a-closer.o)
                              C:/CubeIDE/STM32CubeIDE_1.16.0/STM32CubeIDE/plugins/com.st.stm32cube.ide.mcu.externaltools.gnu-tools-for-stm32.12.3.rel1.win32_1.0.200.202406191623/tools/bin/../lib/gcc/arm-none-eabi/12.3.1/../../../../arm-none-eabi/lib/thumb/v6-m/nofp\libc_nano.a(libc_a-stdio.o) (_close_r)
C:/CubeIDE/STM32CubeIDE_1.16.0/STM32CubeIDE/plugins/com.st.stm32cube.ide.mcu.externaltools.gnu-tools-for-stm32.12.3.rel1.win32_1.0.200.202406191623/tools/bin/../lib/gcc/arm-none-eabi/12.3.1/../../../../arm-none-eabi/lib/thumb/v6-m/nofp\libc_nano.a(libc_a-reent.o)
                              C:/CubeIDE/STM32CubeIDE_1.16.0/STM32CubeIDE/plugins/com.st.stm32cube.ide.mcu.externaltools.gnu-tools-for-stm32.12.3.rel1.win32_1.0.200.202406191623/tools/bin/../lib/gcc/arm-none-eabi/12.3.1/../../../../arm-none-eabi/lib/thumb/v6-m/nofp\libc_nano.a(libc_a-closer.o) (errno)
C:/CubeIDE/STM32CubeIDE_1.16.0/STM32CubeIDE/plugins/com.st.stm32cube.ide.mcu.externaltools.gnu-tools-for-stm32.12.3.rel1.win32_1.0.200.202406191623/tools/bin/../lib/gcc/arm-none-eabi/12.3.1/../../../../arm-none-eabi/lib/thumb/v6-m/nofp\libc_nano.a(libc_a-impure.o)
                              C:/CubeIDE/STM32CubeIDE_1.16.0/STM32CubeIDE/plugins/com.st.stm32cube.ide.mcu.externaltools.gnu-tools-for-stm32.12.3.rel1.win32_1.0.200.202406191623/tools/bin/../lib/gcc/arm-none-eabi/12.3.1/../../../../arm-none-eabi/lib/thumb/v6-m/nofp\libc_nano.a(libc_a-reent.o) (_impure_ptr)
C:/CubeIDE/STM32CubeIDE_1.16.0/STM32CubeIDE/plugins/com.st.stm32cube.ide.mcu.externaltools.gnu-tools-for-stm32.12.3.rel1.win32_1.0.200.202406191623/tools/bin/../lib/gcc/arm-none-eabi/12.3.1/../../../../arm-none-eabi/lib/thumb/v6-m/nofp\libc_nano.a(libc_a-lseekr.o)
[...]
Memory Configuration

Name             Origin             Length             Attributes
RAM              0x200000c0         0x00001f40         xrw
FLASH            0x08002000         0x0000e000         xr
*default*        0x00000000         0xffffffff

Linker script and memory map

LOAD C:/CubeIDE/STM32CubeIDE_1.16.0/STM32CubeIDE/plugins/com.st.stm32cube.ide.mcu.externaltools.gnu-tools-for-stm32.12.3.rel1.win32_1.0.200.202406191623/tools/bin/../lib/gcc/arm-none-eabi/12.3.1/thumb/v6-m/nofp/crti.o
LOAD C:/CubeIDE/STM32CubeIDE_1.16.0/STM32CubeIDE/plugins/com.st.stm32cube.ide.mcu.externaltools.gnu-tools-for-stm32.12.3.rel1.win32_1.0.200.202406191623/tools/bin/../lib/gcc/arm-none-eabi/12.3.1/thumb/v6-m/nofp/crtbegin.o
LOAD C:/CubeIDE/STM32CubeIDE_1.16.0/STM32CubeIDE/plugins/com.st.stm32cube.ide.mcu.externaltools.gnu-tools-for-stm32.12.3.rel1.win32_1.0.200.202406191623/tools/bin/../lib/gcc/arm-none-eabi/12.3.1/../../../../arm-none-eabi/lib/thumb/v6-m/nofp/crt0.o
LOAD ./Core/Chain_Function/base_function.o
LOAD ./Core/Chain_Function/encoder_function.o
LOAD ./Core/RGB/RGB.o
LOAD ./Core/Src/dma.o
LOAD ./Core/Src/gpio.o
LOAD ./Core/Src/iwdg.o
LOAD ./Core/Src/main.o
LOAD ./Core/Src/stm32g0xx_hal_msp.o
LOAD ./Core/Src/stm32g0xx_it.o
LOAD ./Core/Src/syscalls.o
LOAD ./Core/Src/sysmem.o
LOAD ./Core/Src/system_stm32g0xx.o
LOAD ./Core/Src/tim.o
LOAD ./Core/Src/usart.o
LOAD ./Core/Startup/startup_stm32g031g8ux.o
LOAD ./Core/flash/myflash.o
LOAD ./Drivers/STM32G0xx_HAL_Driver/Src/stm32g0xx_hal.o
LOAD ./Drivers/STM32G0xx_HAL_Driver/Src/stm32g0xx_hal_cortex.o
LOAD ./Drivers/STM32G0xx_HAL_Driver/Src/stm32g0xx_hal_dma.o
LOAD ./Drivers/STM32G0xx_HAL_Driver/Src/stm32g0xx_hal_dma_ex.o
LOAD ./Drivers/STM32G0xx_HAL_Driver/Src/stm32g0xx_hal_exti.o
LOAD ./Drivers/STM32G0xx_HAL_Driver/Src/stm32g0xx_hal_flash.o
LOAD ./Drivers/STM32G0xx_HAL_Driver/Src/stm32g0xx_hal_flash_ex.o
LOAD ./Drivers/STM32G0xx_HAL_Driver/Src/stm32g0xx_hal_gpio.o
LOAD ./Drivers/STM32G0xx_HAL_Driver/Src/stm32g0xx_hal_pwr.o
LOAD ./Drivers/STM32G0xx_HAL_Driver/Src/stm32g0xx_hal_pwr_ex.o
LOAD ./Drivers/STM32G0xx_HAL_Driver/Src/stm32g0xx_hal_rcc.o
LOAD ./Drivers/STM32G0xx_HAL_Driver/Src/stm32g0xx_hal_rcc_ex.o
LOAD ./Drivers/STM32G0xx_HAL_Driver/Src/stm32g0xx_hal_tim.o
LOAD ./Drivers/STM32G0xx_HAL_Driver/Src/stm32g0xx_hal_tim_ex.o
LOAD ./Drivers/STM32G0xx_HAL_Driver/Src/stm32g0xx_ll_dma.o
LOAD ./Drivers/STM32G0xx_HAL_Driver/Src/stm32g0xx_ll_exti.o
LOAD ./Drivers/STM32G0xx_HAL_Driver/Src/stm32g0xx_ll_gpio.o
LOAD ./Drivers/STM32G0xx_HAL_Driver/Src/stm32g0xx_ll_rcc.o
LOAD ./Drivers/STM32G0xx_HAL_Driver/Src/stm32g0xx_ll_tim.o
LOAD ./Drivers/STM32G0xx_HAL_Driver/Src/stm32g0xx_ll_usart.o
LOAD ./Drivers/STM32G0xx_HAL_Driver/Src/stm32g0xx_ll_utils.o
START GROUP
LOAD C:/CubeIDE/STM32CubeIDE_1.16.0/STM32CubeIDE/plugins/com.st.stm32cube.ide.mcu.externaltools.gnu-tools-for-stm32.12.3.rel1.win32_1.0.200.202406191623/tools/bin/../lib/gcc/arm-none-eabi/12.3.1/../../../../arm-none-eabi/lib/thumb/v6-m/nofp\libc_nano.a
LOAD C:/CubeIDE/STM32CubeIDE_1.16.0/STM32CubeIDE/plugins/com.st.stm32cube.ide.mcu.externaltools.gnu-tools-for-stm32.12.3.rel1.win32_1.0.200.202406191623/tools/bin/../lib/gcc/arm-none-eabi/12.3.1/../../../../arm-none-eabi/lib/thumb/v6-m/nofp\libm.a
END GROUP
START GROUP
LOAD C:/CubeIDE/STM32CubeIDE_1.16.0/STM32CubeIDE/plugins/com.st.stm32cube.ide.mcu.externaltools.gnu-tools-for-stm32.12.3.rel1.win32_1.0.200.202406191623/tools/bin/../lib/gcc/arm-none-eabi/12.3.1/thumb/v6-m/nofp\libgcc.a
LOAD C:/CubeIDE/STM32CubeIDE_1.16.0/STM32CubeIDE/plugins/com.st.stm32cube.ide.mcu.externaltools.gnu-tools-for-stm32.12.3.rel1.win32_1.0.200.202406191623/tools/bin/../lib/gcc/arm-none-eabi/12.3.1/../../../../arm-none-eabi/lib/thumb/v6-m/nofp\libc_nano.a
END GROUP
START GROUP
LOAD C:/CubeIDE/STM32CubeIDE_1.16.0/STM32CubeIDE/plugins/com.st.stm32cube.ide.mcu.externaltools.gnu-tools-for-stm32.12.3.rel1.win32_1.0.200.202406191623/tools/bin/../lib/gcc/arm-none-eabi/12.3.1/thumb/v6-m/nofp\libgcc.a
LOAD C:/CubeIDE/STM32CubeIDE_1.16.0/STM32CubeIDE/plugins/com.st.stm32cube.ide.mcu.externaltools.gnu-tools-for-stm32.12.3.rel1.win32_1.0.200.202406191623/tools/bin/../lib/gcc/arm-none-eabi/12.3.1/../../../../arm-none-eabi/lib/thumb/v6-m/nofp\libc_nano.a
LOAD C:/CubeIDE/STM32CubeIDE_1.16.0/STM32CubeIDE/plugins/com.st.stm32cube.ide.mcu.externaltools.gnu-tools-for-stm32.12.3.rel1.win32_1.0.200.202406191623/tools/bin/../lib/gcc/arm-none-eabi/12.3.1/../../../../arm-none-eabi/lib/thumb/v6-m/nofp\libnosys.a
END GROUP
START GROUP
LOAD C:/CubeIDE/STM32CubeIDE_1.16.0/STM32CubeIDE/plugins/com.st.stm32cube.ide.mcu.externaltools.gnu-tools-for-stm32.12.3.rel1.win32_1.0.200.202406191623/tools/bin/../lib/gcc/arm-none-eabi/12.3.1/thumb/v6-m/nofp\libgcc.a
LOAD C:/CubeIDE/STM32CubeIDE_1.16.0/STM32CubeIDE/plugins/com.st.stm32cube.ide.mcu.externaltools.gnu-tools-for-stm32.12.3.rel1.win32_1.0.200.202406191623/tools/bin/../lib/gcc/arm-none-eabi/12.3.1/../../../../arm-none-eabi/lib/thumb/v6-m/nofp\libc_nano.a
LOAD C:/CubeIDE/STM32CubeIDE_1.16.0/STM32CubeIDE/plugins/com.st.stm32cube.ide.mcu.externaltools.gnu-tools-for-stm32.12.3.rel1.win32_1.0.200.202406191623/tools/bin/../lib/gcc/arm-none-eabi/12.3.1/../../../../arm-none-eabi/lib/thumb/v6-m/nofp\libnosys.a
END GROUP
LOAD C:/CubeIDE/STM32CubeIDE_1.16.0/STM32CubeIDE/plugins/com.st.stm32cube.ide.mcu.externaltools.gnu-tools-for-stm32.12.3.rel1.win32_1.0.200.202406191623/tools/bin/../lib/gcc/arm-none-eabi/12.3.1/thumb/v6-m/nofp/crtend.o
LOAD C:/CubeIDE/STM32CubeIDE_1.16.0/STM32CubeIDE/plugins/com.st.stm32cube.ide.mcu.externaltools.gnu-tools-for-stm32.12.3.rel1.win32_1.0.200.202406191623/tools/bin/../lib/gcc/arm-none-eabi/12.3.1/thumb/v6-m/nofp/crtn.o
                0x20002000                        _estack = (ORIGIN (RAM) + LENGTH (RAM))
                0x00000200                        _Min_Heap_Size = 0x200
                0x00000400                        _Min_Stack_Size = 0x400

.isr_vector     0x08002000       0xbc
                0x08002000                        . = ALIGN (0x4)
 *(.isr_vector)
 .isr_vector    0x08002000       0xbc ./Core/Startup/startup_stm32g031g8ux.o
                0x08002000                g_pfnVectors
                0x080020bc                        . = ALIGN (0x4)

.text           0x080020c0     0x5178
                0x080020c0                        . = ALIGN (0x4)
 *(.text)
 .text          0x080020c0       0x48 C:/CubeIDE/STM32CubeIDE_1.16.0/STM32CubeIDE/plugins/com.st.stm32cube.ide.mcu.externaltools.gnu-tools-for-stm32.12.3.rel1.win32_1.0.200.202406191623/tools/bin/../lib/gcc/arm-none-eabi/12.3.1/thumb/v6-m/nofp/crtbegin.o
 .text          0x08002108      0x114 C:/CubeIDE/STM32CubeIDE_1.16.0/STM32CubeIDE/plugins/com.st.stm32cube.ide.mcu.externaltools.gnu-tools-for-stm32.12.3.rel1.win32_1.0.200.202406191623/tools/bin/../lib/gcc/arm-none-eabi/12.3.1/thumb/v6-m/nofp\libgcc.a(_udivsi3.o)
                0x08002108                __aeabi_uidiv
                0x08002108                __udivsi3
                0x08002214                __aeabi_uidivmod
 .text          0x0800221c        0x4 C:/CubeIDE/STM32CubeIDE_1.16.0/STM32CubeIDE/plugins/com.st.stm32cube.ide.mcu.externaltools.gnu-tools-for-stm32.12.3.rel1.win32_1.0.200.202406191623/tools/bin/../lib/gcc/arm-none-eabi/12.3.1/thumb/v6-m/nofp\libgcc.a(_dvmd_tls.o)
                0x0800221c                __aeabi_idiv0
                0x0800221c                __aeabi_ldiv0
 .text          0x08002220       0x3c C:/CubeIDE/STM32CubeIDE_1.16.0/STM32CubeIDE/plugins/com.st.stm32cube.ide.mcu.externaltools.gnu-tools-for-stm32.12.3.rel1.win32_1.0.200.202406191623/tools/bin/../lib/gcc/arm-none-eabi/12.3.1/thumb/v6-m/nofp\libgcc.a(_fixunsdfsi.o)
                0x08002220                __aeabi_d2uiz
                0x08002220                __fixunsdfsi
 .text          0x0800225c      0x634 C:/CubeIDE/STM32CubeIDE_1.16.0/STM32CubeIDE/plugins/com.st.stm32cube.ide.mcu.externaltools.gnu-tools-for-stm32.12.3.rel1.win32_1.0.200.202406191623/tools/bin/../lib/gcc/arm-none-eabi/12.3.1/thumb/v6-m/nofp\libgcc.a(divdf3.o)
                0x0800225c                __aeabi_ddiv
 .text          0x08002890      0x590 C:/CubeIDE/STM32CubeIDE_1.16.0/STM32CubeIDE/plugins/com.st.stm32cube.ide.mcu.externaltools.gnu-tools-for-stm32.12.3.rel1.win32_1.0.200.202406191623/tools/bin/../lib/gcc/arm-none-eabi/12.3.1/thumb/v6-m/nofp\libgcc.a(muldf3.o)
                0x08002890                __aeabi_dmul
 .text          0x08002e20      0x738 C:/CubeIDE/STM32CubeIDE_1.16.0/STM32CubeIDE/plugins/com.st.stm32cube.ide.mcu.externaltools.gnu-tools-for-stm32.12.3.rel1.win32_1.0.200.202406191623/tools/bin/../lib/gcc/arm-none-eabi/12.3.1/thumb/v6-m/nofp\libgcc.a(subdf3.o)
                0x08002e20                __aeabi_dsub
 .text          0x08003558       0x78 C:/CubeIDE/STM32CubeIDE_1.16.0/STM32CubeIDE/plugins/com.st.stm32cube.ide.mcu.externaltools.gnu-tools-for-stm32.12.3.rel1.win32_1.0.200.202406191623/tools/bin/../lib/gcc/arm-none-eabi/12.3.1/thumb/v6-m/nofp\libgcc.a(fixdfsi.o)
                0x08003558                __aeabi_d2iz
 .text          0x080035d0       0x5c C:/CubeIDE/STM32CubeIDE_1.16.0/STM32CubeIDE/plugins/com.st.stm32cube.ide.mcu.externaltools.gnu-tools-for-stm32.12.3.rel1.win32_1.0.200.202406191623/tools/bin/../lib/gcc/arm-none-eabi/12.3.1/thumb/v6-m/nofp\libgcc.a(floatsidf.o)
                0x080035d0                __aeabi_i2d
 .text          0x0800362c       0x7c C:/CubeIDE/STM32CubeIDE_1.16.0/STM32CubeIDE/plugins/com.st.stm32cube.ide.mcu.externaltools.gnu-tools-for-stm32.12.3.rel1.win32_1.0.200.202406191623/tools/bin/../lib/gcc/arm-none-eabi/12.3.1/thumb/v6-m/nofp\libgcc.a(_arm_cmpdf2.o)
                0x0800362c                __aeabi_cdrcmple
                0x0800363c                __aeabi_cdcmple
                0x0800363c                __aeabi_cdcmpeq
                0x0800364c                __aeabi_dcmpeq
                0x08003658                __aeabi_dcmplt
                0x0800366c                __aeabi_dcmple
                0x08003680                __aeabi_dcmpgt
                0x08003694                __aeabi_dcmpge
 .text          0x080036a8       0x3c C:/CubeIDE/STM32CubeIDE_1.16.0/STM32CubeIDE/plugins/com.st.stm32cube.ide.mcu.externaltools.gnu-tools-for-stm32.12.3.rel1.win32_1.0.200.202406191623/tools/bin/../lib/gcc/arm-none-eabi/12.3.1/thumb/v6-m/nofp\libgcc.a(_clzsi2.o)
                0x080036a8                __clzsi2
 .text          0x080036e4       0x88 C:/CubeIDE/STM32CubeIDE_1.16.0/STM32CubeIDE/plugins/com.st.stm32cube.ide.mcu.externaltools.gnu-tools-for-stm32.12.3.rel1.win32_1.0.200.202406191623/tools/bin/../lib/gcc/arm-none-eabi/12.3.1/thumb/v6-m/nofp\libgcc.a(eqdf2.o)
                0x080036e4                __nedf2
                0x080036e4                __eqdf2
 .text          0x0800376c       0xe8 C:/CubeIDE/STM32CubeIDE_1.16.0/STM32CubeIDE/plugins/com.st.stm32cube.ide.mcu.externaltools.gnu-tools-for-stm32.12.3.rel1.win32_1.0.200.202406191623/tools/bin/../lib/gcc/arm-none-eabi/12.3.1/thumb/v6-m/nofp\libgcc.a(gedf2.o)
                0x0800376c                __gedf2
                0x0800376c                __gtdf2
 .text          0x08003854       0xe4 C:/CubeIDE/STM32CubeIDE_1.16.0/STM32CubeIDE/plugins/com.st.stm32cube.ide.mcu.externaltools.gnu-tools-for-stm32.12.3.rel1.win32_1.0.200.202406191623/tools/bin/../lib/gcc/arm-none-eabi/12.3.1/thumb/v6-m/nofp\libgcc.a(ledf2.o)
                0x08003854                __ledf2
                0x08003854                __ltdf2
 *(.text*)
 .text.__NVIC_SystemReset
                0x08003938       0x1c ./Core/Chain_Function/base_function.o
 .text.iap_gpio_init
                0x08003954       0x3c ./Core/Chain_Function/base_function.o
 .text.add_pack_head
                0x08003990       0x24 ./Core/Chain_Function/base_function.o
                0x08003990                add_pack_head
 .text.add_pack_end
                0x080039b4       0x24 ./Core/Chain_Function/base_function.o
                0x080039b4                add_pack_end
 .text.head_end_check
                0x080039d8       0x34 ./Core/Chain_Function/base_function.o
                0x080039d8                head_end_check
 .text.crc_check
                0x08003a0c       0x32 ./Core/Chain_Function/base_function.o
                0x08003a0c                crc_check
 .text.pack_check
                0x08003a3e       0x2a ./Core/Chain_Function/base_function.o
                0x08003a3e                pack_check
 .text.crc_construct
                0x08003a68       0x1a ./Core/Chain_Function/base_function.o
                0x08003a68                crc_construct
 .text.uart_in_send
                0x08003a82        0x8 ./Core/Chain_Function/base_function.o
                0x08003a82                uart_in_send
 .text.uart_out_send
                0x08003a8a        0x8 ./Core/Chain_Function/base_function.o
                0x08003a8a                uart_out_send
 *fill*         0x08003a92        0x2 
 .text.chain_enum_handle
                0x08003a94       0x28 ./Core/Chain_Function/base_function.o
                0x08003a94                chain_enum_handle
 .text.chain_enum_return_handle
                0x08003abc        0x8 ./Core/Chain_Function/base_function.o
                0x08003abc                chain_enum_return_handle
 .text.chain_enum_please_handle
                0x08003ac4        0x8 ./Core/Chain_Function/base_function.o
                0x08003ac4                chain_enum_please_handle
 .text.chain_heartbeat_in_receive_handle
                0x08003acc       0x10 ./Core/Chain_Function/base_function.o
                0x08003acc                chain_heartbeat_in_receive_handle
 .text.chain_deal_data_packet_handle
                0x08003adc       0x50 ./Core/Chain_Function/base_function.o
                0x08003adc                chain_deal_data_packet_handle
 .text.chain_out_relay_handle
                0x08003b2c       0x16 ./Core/Chain_Function/base_function.o
                0x08003b2c                chain_out_relay_handle
 .text.chain_in_relay_handle
                0x08003b42       0x16 ./Core/Chain_Function/base_function.o
                0x08003b42                chain_in_relay_handle
 .text.chain_command_complete_return
                0x08003b58       0x94 ./Core/Chain_Function/base_function.o
                0x08003b58                chain_command_complete_return
 .text.chain_get_bootloader_version_handle
                0x08003bec       0x14 ./Core/Chain_Function/base_function.o
                0x08003bec                chain_get_bootloader_version_handle
 .text.chain_get_firmware_version_handle
                0x08003c00       0x14 ./Core/Chain_Function/base_function.o
                0x08003c00                chain_get_firmware_version_handle
 .text.chain_get_device_type_handle
                0x08003c14       0x14 ./Core/Chain_Function/base_function.o
                0x08003c14                chain_get_device_type_handle
 .text.chain_iap_update_handle
                0x08003c28       0x9c ./Core/Chain_Function/base_function.o
                0x08003c28                chain_iap_update_handle
 .text.check_add_overflow
                0x08003cc4       0x20 ./Core/Chain_Function/encoder_function.o
 .text.encoder_init
                0x08003ce4       0x18 ./Core/Chain_Function/encoder_function.o
                0x08003ce4                encoder_init
 .text.encoder_update
                0x08003cfc       0x8c ./Core/Chain_Function/encoder_function.o
                0x08003cfc                encoder_update
 .text.chain_encoder_get_value_handle
                0x08003d88       0x14 ./Core/Chain_Function/encoder_function.o
                0x08003d88                chain_encoder_get_value_handle
 .text.chain_encoder_get_inc_value_handle
                0x08003d9c       0x14 ./Core/Chain_Function/encoder_function.o
                0x08003d9c                chain_encoder_get_inc_value_handle
 .text.key_press_down_send
                0x08003db0       0x18 ./Core/Chain_Function/encoder_function.o
                0x08003db0                key_press_down_send
 .text.chain_encoder_reset_value_handle
                0x08003dc8       0x48 ./Core/Chain_Function/encoder_function.o
                0x08003dc8                chain_encoder_reset_value_handle
 .text.chain_encoder_reset_inc_value_handle
                0x08003e10       0x48 ./Core/Chain_Function/encoder_function.o
                0x08003e10                chain_encoder_reset_inc_value_handle
 .text.chain_encoder_set_ab_status_handle
                0x08003e58       0x48 ./Core/Chain_Function/encoder_function.o
                0x08003e58                chain_encoder_set_ab_status_handle
 .text.chain_encoder_get_ab_status_handle
                0x08003ea0       0x28 ./Core/Chain_Function/encoder_function.o
                0x08003ea0                chain_encoder_get_ab_status_handle
 .text.activate_tim1_dma
                0x08003ec8       0x68 ./Core/RGB/RGB.o
 .text.rgb_setcolor
                0x08003f30      0x144 ./Core/RGB/RGB.o
 .text.reset_load
                0x08004074       0x1c ./Core/RGB/RGB.o
 .text.rgb_send_array
                0x08004090       0x28 ./Core/RGB/RGB.o
 .text.turn_off_all_handle
                0x080040b8       0x1c ./Core/RGB/RGB.o
                0x080040b8                turn_off_all_handle
 .text.rgb_init
                0x080040d4       0x12 ./Core/RGB/RGB.o
                0x080040d4                rgb_init
 *fill*         0x080040e6        0x2 
 .text.chain_set_rgb_value
                0x080040e8       0x60 ./Core/RGB/RGB.o
                0x080040e8                chain_set_rgb_value
 .text.chain_get_rgb_value
                0x08004148       0x3c ./Core/RGB/RGB.o
                0x08004148                chain_get_rgb_value
 .text.chain_set_light_value
                0x08004184       0x64 ./Core/RGB/RGB.o
                0x08004184                chain_set_light_value
 .text.chain_get_light_value
                0x080041e8       0x28 ./Core/RGB/RGB.o
                0x080041e8                chain_get_light_value
 .text.MX_DMA_Init
                0x08004210       0x68 ./Core/Src/dma.o
                0x08004210                MX_DMA_Init
 .text.MX_GPIO_Init
                0x08004278       0x60 ./Core/Src/gpio.o
                0x08004278                MX_GPIO_Init
 .text.MX_IWDG_Init
                0x080042d8       0x44 ./Core/Src/iwdg.o
                0x080042d8                MX_IWDG_Init
 .text.iap_set  0x0800431c       0x4c ./Core/Src/main.o
                0x0800431c                iap_set
 .text.chain_init
                0x08004368       0x58 ./Core/Src/main.o
                0x08004368                chain_init
 .text.HAL_GPIO_EXTI_Falling_Callback
                0x080043c0       0x2c ./Core/Src/main.o
                0x080043c0                HAL_GPIO_EXTI_Falling_Callback
 .text.Error_Handler
                0x080043ec        0x4 ./Core/Src/main.o
                0x080043ec                Error_Handler
 .text.SystemClock_Config
                0x080043f0       0x82 ./Core/Src/main.o
                0x080043f0                SystemClock_Config
 *fill*         0x08004472        0x2 
 .text.main     0x08004474      0x1a0 ./Core/Src/main.o
                0x08004474                main
 .text.HAL_MspInit
                0x08004614       0x40 ./Core/Src/stm32g0xx_hal_msp.o
                0x08004614                HAL_MspInit
 .text.NMI_Handler
                0x08004654        0x2 ./Core/Src/stm32g0xx_it.o
                0x08004654                NMI_Handler
 .text.HardFault_Handler
                0x08004656        0x2 ./Core/Src/stm32g0xx_it.o
                0x08004656                HardFault_Handler
 .text.SVC_Handler
                0x08004658        0x2 ./Core/Src/stm32g0xx_it.o
                0x08004658                SVC_Handler
 .text.PendSV_Handler
                0x0800465a        0x2 ./Core/Src/stm32g0xx_it.o
                0x0800465a                PendSV_Handler
 .text.SysTick_Handler
                0x0800465c        0x8 ./Core/Src/stm32g0xx_it.o
                0x0800465c                SysTick_Handler
 .text.FLASH_IRQHandler
                0x08004664        0x8 ./Core/Src/stm32g0xx_it.o
                0x08004664                FLASH_IRQHandler
 .text.EXTI0_1_IRQHandler
                0x0800466c        0xa ./Core/Src/stm32g0xx_it.o
                0x0800466c                EXTI0_1_IRQHandler
 .text.DMA1_Channel1_IRQHandler
                0x08004676        0x2 ./Core/Src/stm32g0xx_it.o
                0x08004676                DMA1_Channel1_IRQHandler
 .text.DMA1_Channel2_3_IRQHandler
                0x08004678       0x94 ./Core/Src/stm32g0xx_it.o
                0x08004678                DMA1_Channel2_3_IRQHandler
 .text.DMA1_Ch4_5_DMAMUX1_OVR_IRQHandler
                0x0800470c       0xc8 ./Core/Src/stm32g0xx_it.o
                0x0800470c                DMA1_Ch4_5_DMAMUX1_OVR_IRQHandler
 .text.TIM14_IRQHandler
                0x080047d4       0x48 ./Core/Src/stm32g0xx_it.o
                0x080047d4                TIM14_IRQHandler
 .text.TIM16_IRQHandler
                0x0800481c       0x44 ./Core/Src/stm32g0xx_it.o
                0x0800481c                TIM16_IRQHandler
 .text.TIM17_IRQHandler
                0x08004860       0x24 ./Core/Src/stm32g0xx_it.o
                0x08004860                TIM17_IRQHandler
 .text.USART1_IRQHandler
                0x08004884      0x150 ./Core/Src/stm32g0xx_it.o
                0x08004884                USART1_IRQHandler
 .text.USART2_IRQHandler
                0x080049d4      0x144 ./Core/Src/stm32g0xx_it.o
                0x080049d4                USART2_IRQHandler
 .text.SystemInit
                0x08004b18        0x2 ./Core/Src/system_stm32g0xx.o
                0x08004b18                SystemInit
 *fill*         0x08004b1a        0x2 
 .text.LL_TIM_OC_DisableFast
                0x08004b1c       0x80 ./Core/Src/tim.o
 .text.MX_TIM1_Init
                0x08004b9c      0x1bc ./Core/Src/tim.o
                0x08004b9c                MX_TIM1_Init
 .text.MX_TIM3_Init
                0x08004d58       0x74 ./Core/Src/tim.o
                0x08004d58                MX_TIM3_Init
 .text.MX_TIM14_Init
                0x08004dcc       0x78 ./Core/Src/tim.o
                0x08004dcc                MX_TIM14_Init
 .text.MX_TIM16_Init
                0x08004e44       0x7c ./Core/Src/tim.o
                0x08004e44                MX_TIM16_Init
 .text.MX_TIM17_Init
                0x08004ec0       0x78 ./Core/Src/tim.o
                0x08004ec0                MX_TIM17_Init
 .text.HAL_TIM_Encoder_MspInit
                0x08004f38       0x5c ./Core/Src/tim.o
                0x08004f38                HAL_TIM_Encoder_MspInit
 .text.usart1_hart_init
                0x08004f94       0xbc ./Core/Src/usart.o
                0x08004f94                usart1_hart_init
 .text.MX_USART1_UART_Init
                0x08005050      0x20c ./Core/Src/usart.o
                0x08005050                MX_USART1_UART_Init
 .text.usart2_hart_init
                0x0800525c       0xbc ./Core/Src/usart.o
                0x0800525c                usart2_hart_init
 .text.MX_USART2_UART_Init
                0x08005318      0x1b0 ./Core/Src/usart.o
                0x08005318                MX_USART2_UART_Init
 .text.usart1_transmit_dma
                0x080054c8       0x94 ./Core/Src/usart.o
                0x080054c8                usart1_transmit_dma
 .text.usart2_transmit_dma
                0x0800555c       0x94 ./Core/Src/usart.o
                0x0800555c                usart2_transmit_dma
 .text.Reset_Handler
                0x080055f0       0x50 ./Core/Startup/startup_stm32g031g8ux.o
                0x080055f0                Reset_Handler
 .text.Default_Handler
                0x08005640        0x2 ./Core/Startup/startup_stm32g031g8ux.o
                0x08005640                TIM1_CC_IRQHandler
                0x08005640                PVD_IRQHandler
                0x08005640                I2C1_IRQHandler
                0x08005640                LPTIM2_IRQHandler
                0x08005640                RTC_TAMP_IRQHandler
                0x08005640                SPI1_IRQHandler
                0x08005640                EXTI2_3_IRQHandler
                0x08005640                ADC1_IRQHandler
                0x08005640                I2C2_IRQHandler
                0x08005640                TIM3_IRQHandler
                0x08005640                EXTI4_15_IRQHandler
                0x08005640                RCC_IRQHandler
                0x08005640                Default_Handler
                0x08005640                SPI2_IRQHandler
                0x08005640                WWDG_IRQHandler
                0x08005640                LPUART1_IRQHandler
                0x08005640                TIM2_IRQHandler
                0x08005640                TIM1_BRK_UP_TRG_COM_IRQHandler
                0x08005640                LPTIM1_IRQHandler
 .text.get_page
                0x08005642        0xc ./Core/flash/myflash.o
 .text.set_byte_in_uint64
                0x0800564e       0x4c ./Core/flash/myflash.o
 .text.my_flash_read_double_word
                0x0800569a        0x6 ./Core/flash/myflash.o
 .text.my_flash_earse_pages
                0x080056a0       0x32 ./Core/flash/myflash.o
 .text.my_flash_write_double_word
                0x080056d2       0x26 ./Core/flash/myflash.o
 .text.get_rgb_light
                0x080056f8        0xc ./Core/flash/myflash.o
                0x080056f8                get_rgb_light
 .text.set_rgb_light
                0x08005704       0x44 ./Core/flash/myflash.o
                0x08005704                set_rgb_light
 .text.get_bootloader_version
                0x08005748        0xc ./Core/flash/myflash.o
                0x08005748                get_bootloader_version
 .text.get_ab_status
                0x08005754        0xc ./Core/flash/myflash.o
                0x08005754                get_ab_status
 .text.set_ab_status
                0x08005760       0x44 ./Core/flash/myflash.o
                0x08005760                set_ab_status
 .text.HAL_InitTick
                0x080057a4       0x58 ./Drivers/STM32G0xx_HAL_Driver/Src/stm32g0xx_hal.o
                0x080057a4                HAL_InitTick
 .text.HAL_Init
                0x080057fc       0x28 ./Drivers/STM32G0xx_HAL_Driver/Src/stm32g0xx_hal.o
                0x080057fc                HAL_Init
 .text.HAL_IncTick
                0x08005824       0x18 ./Drivers/STM32G0xx_HAL_Driver/Src/stm32g0xx_hal.o
                0x08005824                HAL_IncTick
 .text.HAL_GetTick
                0x0800583c        0xc ./Drivers/STM32G0xx_HAL_Driver/Src/stm32g0xx_hal.o
                0x0800583c                HAL_GetTick
 .text.HAL_Delay
                0x08005848       0x24 ./Drivers/STM32G0xx_HAL_Driver/Src/stm32g0xx_hal.o
                0x08005848                HAL_Delay
 .text.__NVIC_SetPriority
                0x0800586c       0x60 ./Drivers/STM32G0xx_HAL_Driver/Src/stm32g0xx_hal_cortex.o
 .text.SysTick_Config
                0x080058cc       0x38 ./Drivers/STM32G0xx_HAL_Driver/Src/stm32g0xx_hal_cortex.o
 .text.HAL_NVIC_SetPriority
                0x08005904        0x8 ./Drivers/STM32G0xx_HAL_Driver/Src/stm32g0xx_hal_cortex.o
                0x08005904                HAL_NVIC_SetPriority
 .text.HAL_NVIC_EnableIRQ
                0x0800590c       0x18 ./Drivers/STM32G0xx_HAL_Driver/Src/stm32g0xx_hal_cortex.o
                0x0800590c                HAL_NVIC_EnableIRQ
 .text.HAL_SYSTICK_Config
                0x08005924        0x8 ./Drivers/STM32G0xx_HAL_Driver/Src/stm32g0xx_hal_cortex.o
                0x08005924                HAL_SYSTICK_Config
 .text.FLASH_Program_DoubleWord
                0x0800592c       0x1c ./Drivers/STM32G0xx_HAL_Driver/Src/stm32g0xx_hal_flash.o
 .text.HAL_FLASH_EndOfOperationCallback
                0x08005948        0x2 ./Drivers/STM32G0xx_HAL_Driver/Src/stm32g0xx_hal_flash.o
                0x08005948                HAL_FLASH_EndOfOperationCallback
 .text.HAL_FLASH_OperationErrorCallback
                0x0800594a        0x2 ./Drivers/STM32G0xx_HAL_Driver/Src/stm32g0xx_hal_flash.o
                0x0800594a                HAL_FLASH_OperationErrorCallback
 .text.HAL_FLASH_IRQHandler
                0x0800594c       0xc0 ./Drivers/STM32G0xx_HAL_Driver/Src/stm32g0xx_hal_flash.o
                0x0800594c                HAL_FLASH_IRQHandler
 .text.HAL_FLASH_Unlock
                0x08005a0c       0x30 ./Drivers/STM32G0xx_HAL_Driver/Src/stm32g0xx_hal_flash.o
                0x08005a0c                HAL_FLASH_Unlock
 .text.FLASH_WaitForLastOperation
                0x08005a3c       0x6c ./Drivers/STM32G0xx_HAL_Driver/Src/stm32g0xx_hal_flash.o
                0x08005a3c                FLASH_WaitForLastOperation
 .text.HAL_FLASH_Program
                0x08005aa8       0x64 ./Drivers/STM32G0xx_HAL_Driver/Src/stm32g0xx_hal_flash.o
                0x08005aa8                HAL_FLASH_Program
 .text.HAL_FLASH_Lock
                0x08005b0c       0x28 ./Drivers/STM32G0xx_HAL_Driver/Src/stm32g0xx_hal_flash.o
                0x08005b0c                HAL_FLASH_Lock
 .text.FLASH_MassErase
                0x08005b34       0x14 ./Drivers/STM32G0xx_HAL_Driver/Src/stm32g0xx_hal_flash_ex.o
 .text.FLASH_PageErase
                0x08005b48       0x20 ./Drivers/STM32G0xx_HAL_Driver/Src/stm32g0xx_hal_flash_ex.o
                0x08005b48                FLASH_PageErase
 .text.HAL_FLASHEx_Erase
                0x08005b68       0x88 ./Drivers/STM32G0xx_HAL_Driver/Src/stm32g0xx_hal_flash_ex.o
                0x08005b68                HAL_FLASHEx_Erase
 .text.HAL_GPIO_Init
                0x08005bf0      0x174 ./Drivers/STM32G0xx_HAL_Driver/Src/stm32g0xx_hal_gpio.o
                0x08005bf0                HAL_GPIO_Init
 .text.HAL_GPIO_ReadPin
                0x08005d64        0xe ./Drivers/STM32G0xx_HAL_Driver/Src/stm32g0xx_hal_gpio.o
                0x08005d64                HAL_GPIO_ReadPin
 .text.HAL_GPIO_EXTI_Rising_Callback
                0x08005d72        0x2 ./Drivers/STM32G0xx_HAL_Driver/Src/stm32g0xx_hal_gpio.o
                0x08005d72                HAL_GPIO_EXTI_Rising_Callback
 .text.HAL_GPIO_EXTI_IRQHandler
                0x08005d74       0x30 ./Drivers/STM32G0xx_HAL_Driver/Src/stm32g0xx_hal_gpio.o
                0x08005d74                HAL_GPIO_EXTI_IRQHandler
 .text.HAL_PWREx_ControlVoltageScaling
                0x08005da4       0x54 ./Drivers/STM32G0xx_HAL_Driver/Src/stm32g0xx_hal_pwr_ex.o
                0x08005da4                HAL_PWREx_ControlVoltageScaling
 .text.HAL_RCC_OscConfig
                0x08005df8      0x4b8 ./Drivers/STM32G0xx_HAL_Driver/Src/stm32g0xx_hal_rcc.o
                0x08005df8                HAL_RCC_OscConfig
 .text.HAL_RCC_GetSysClockFreq
                0x080062b0       0xb8 ./Drivers/STM32G0xx_HAL_Driver/Src/stm32g0xx_hal_rcc.o
                0x080062b0                HAL_RCC_GetSysClockFreq
 .text.HAL_RCC_ClockConfig
                0x08006368      0x18c ./Drivers/STM32G0xx_HAL_Driver/Src/stm32g0xx_hal_rcc.o
                0x08006368                HAL_RCC_ClockConfig
 .text.HAL_RCCEx_PeriphCLKConfig
                0x080064f4      0x1f4 ./Drivers/STM32G0xx_HAL_Driver/Src/stm32g0xx_hal_rcc_ex.o
                0x080064f4                HAL_RCCEx_PeriphCLKConfig
 .text.TIM_Base_SetConfig
                0x080066e8       0xa0 ./Drivers/STM32G0xx_HAL_Driver/Src/stm32g0xx_hal_tim.o
                0x080066e8                TIM_Base_SetConfig
 .text.HAL_TIM_Encoder_Init
                0x08006788       0xbc ./Drivers/STM32G0xx_HAL_Driver/Src/stm32g0xx_hal_tim.o
                0x08006788                HAL_TIM_Encoder_Init
 .text.TIM_CCxChannelCmd
                0x08006844       0x1a ./Drivers/STM32G0xx_HAL_Driver/Src/stm32g0xx_hal_tim.o
                0x08006844                TIM_CCxChannelCmd
 .text.HAL_TIM_Encoder_Start
                0x0800685e       0xc8 ./Drivers/STM32G0xx_HAL_Driver/Src/stm32g0xx_hal_tim.o
                0x0800685e                HAL_TIM_Encoder_Start
 *fill*         0x08006926        0x2 
 .text.HAL_TIMEx_MasterConfigSynchronization
                0x08006928       0x78 ./Drivers/STM32G0xx_HAL_Driver/Src/stm32g0xx_hal_tim_ex.o
                0x08006928                HAL_TIMEx_MasterConfigSynchronization
 .text.LL_GPIO_Init
                0x080069a0       0xb6 ./Drivers/STM32G0xx_HAL_Driver/Src/stm32g0xx_ll_gpio.o
                0x080069a0                LL_GPIO_Init
 *fill*         0x08006a56        0x2 
 .text.RCC_GetHCLKClockFreq
                0x08006a58       0x20 ./Drivers/STM32G0xx_HAL_Driver/Src/stm32g0xx_ll_rcc.o
 .text.RCC_GetPCLK1ClockFreq
                0x08006a78       0x20 ./Drivers/STM32G0xx_HAL_Driver/Src/stm32g0xx_ll_rcc.o
 .text.RCC_PLL_GetFreqDomain_SYS
                0x08006a98       0x48 ./Drivers/STM32G0xx_HAL_Driver/Src/stm32g0xx_ll_rcc.o
 .text.RCC_GetSystemClockFreq
                0x08006ae0       0x38 ./Drivers/STM32G0xx_HAL_Driver/Src/stm32g0xx_ll_rcc.o
 .text.LL_RCC_GetSystemClocksFreq
                0x08006b18       0x18 ./Drivers/STM32G0xx_HAL_Driver/Src/stm32g0xx_ll_rcc.o
                0x08006b18                LL_RCC_GetSystemClocksFreq
 .text.LL_RCC_GetUSARTClockFreq
                0x08006b30       0x78 ./Drivers/STM32G0xx_HAL_Driver/Src/stm32g0xx_ll_rcc.o
                0x08006b30                LL_RCC_GetUSARTClockFreq
 .text.OC1Config
                0x08006ba8       0x84 ./Drivers/STM32G0xx_HAL_Driver/Src/stm32g0xx_ll_tim.o
 .text.OC2Config
                0x08006c2c       0x8c ./Drivers/STM32G0xx_HAL_Driver/Src/stm32g0xx_ll_tim.o
 .text.OC3Config
                0x08006cb8       0x9c ./Drivers/STM32G0xx_HAL_Driver/Src/stm32g0xx_ll_tim.o
 .text.OC4Config
                0x08006d54       0x74 ./Drivers/STM32G0xx_HAL_Driver/Src/stm32g0xx_ll_tim.o
 .text.OC5Config
                0x08006dc8       0x70 ./Drivers/STM32G0xx_HAL_Driver/Src/stm32g0xx_ll_tim.o
 .text.OC6Config
                0x08006e38       0x74 ./Drivers/STM32G0xx_HAL_Driver/Src/stm32g0xx_ll_tim.o
 .text.LL_TIM_Init
                0x08006eac       0x90 ./Drivers/STM32G0xx_HAL_Driver/Src/stm32g0xx_ll_tim.o
                0x08006eac                LL_TIM_Init
 .text.LL_TIM_OC_Init
                0x08006f3c       0x5c ./Drivers/STM32G0xx_HAL_Driver/Src/stm32g0xx_ll_tim.o
                0x08006f3c                LL_TIM_OC_Init
 .text.LL_TIM_BDTR_Init
                0x08006f98       0x9c ./Drivers/STM32G0xx_HAL_Driver/Src/stm32g0xx_ll_tim.o
                0x08006f98                LL_TIM_BDTR_Init
 .text.LL_USART_SetBaudRate
                0x08007034       0x70 ./Drivers/STM32G0xx_HAL_Driver/Src/stm32g0xx_ll_usart.o
 .text.LL_USART_DeInit
                0x080070a4       0x54 ./Drivers/STM32G0xx_HAL_Driver/Src/stm32g0xx_ll_usart.o
                0x080070a4                LL_USART_DeInit
 .text.LL_USART_Init
                0x080070f8       0xac ./Drivers/STM32G0xx_HAL_Driver/Src/stm32g0xx_ll_usart.o
                0x080070f8                LL_USART_Init
 .text.memset   0x080071a4       0x10 C:/CubeIDE/STM32CubeIDE_1.16.0/STM32CubeIDE/plugins/com.st.stm32cube.ide.mcu.externaltools.gnu-tools-for-stm32.12.3.rel1.win32_1.0.200.202406191623/tools/bin/../lib/gcc/arm-none-eabi/12.3.1/../../../../arm-none-eabi/lib/thumb/v6-m/nofp\libc_nano.a(libc_a-memset.o)
                0x080071a4                memset
 .text.__libc_init_array
                0x080071b4       0x48 C:/CubeIDE/STM32CubeIDE_1.16.0/STM32CubeIDE/plugins/com.st.stm32cube.ide.mcu.externaltools.gnu-tools-for-stm32.12.3.rel1.win32_1.0.200.202406191623/tools/bin/../lib/gcc/arm-none-eabi/12.3.1/../../../../arm-none-eabi/lib/thumb/v6-m/nofp\libc_nano.a(libc_a-init.o)
                0x080071b4                __libc_init_array
 .text.memcpy   0x080071fc       0x12 C:/CubeIDE/STM32CubeIDE_1.16.0/STM32CubeIDE/plugins/com.st.stm32cube.ide.mcu.externaltools.gnu-tools-for-stm32.12.3.rel1.win32_1.0.200.202406191623/tools/bin/../lib/gcc/arm-none-eabi/12.3.1/../../../../arm-none-eabi/lib/thumb/v6-m/nofp\libc_nano.a(libc_a-memcpy-stub.o)
                0x080071fc                memcpy
 *(.glue_7)
 .glue_7        0x0800720e        0x0 linker stubs
 *(.glue_7t)
 .glue_7t       0x0800720e        0x0 linker stubs
 *(.eh_frame)
 *fill*         0x0800720e        0x2 
 .eh_frame      0x08007210        0x0 C:/CubeIDE/STM32CubeIDE_1.16.0/STM32CubeIDE/plugins/com.st.stm32cube.ide.mcu.externaltools.gnu-tools-for-stm32.12.3.rel1.win32_1.0.200.202406191623/tools/bin/../lib/gcc/arm-none-eabi/12.3.1/thumb/v6-m/nofp/crtbegin.o
 *(.init)
 .init          0x08007210        0x4 C:/CubeIDE/STM32CubeIDE_1.16.0/STM32CubeIDE/plugins/com.st.stm32cube.ide.mcu.externaltools.gnu-tools-for-stm32.12.3.rel1.win32_1.0.200.202406191623/tools/bin/../lib/gcc/arm-none-eabi/12.3.1/thumb/v6-m/nofp/crti.o
                0x08007210                _init
 .init          0x08007214        0x8 C:/CubeIDE/STM32CubeIDE_1.16.0/STM32CubeIDE/plugins/com.st.stm32cube.ide.mcu.externaltools.gnu-tools-for-stm32.12.3.rel1.win32_1.0.200.202406191623/tools/bin/../lib/gcc/arm-none-eabi/12.3.1/thumb/v6-m/nofp/crtn.o
 *(.fini)
 .fini          0x0800721c        0x4 C:/CubeIDE/STM32CubeIDE_1.16.0/STM32CubeIDE/plugins/com.st.stm32cube.ide.mcu.externaltools.gnu-tools-for-stm32.12.3.rel1.win32_1.0.200.202406191623/tools/bin/../lib/gcc/arm-none-eabi/12.3.1/thumb/v6-m/nofp/crti.o
                0x0800721c                _fini
 .fini          0x08007220        0x8 C:/CubeIDE/STM32CubeIDE_1.16.0/STM32CubeIDE/plugins/com.st.stm32cube.ide.mcu.externaltools.gnu-tools-for-stm32.12.3.rel1.win32_1.0.200.202406191623/tools/bin/../lib/gcc/arm-none-eabi/12.3.1/thumb/v6-m/nofp/crtn.o
 .fini.__stub   0x08007228       0x10 linker stubs
                0x08007238                        . = ALIGN (0x4)
                0x08007238                        _etext = .

.vfp11_veneer   0x08007238        0x0
 .vfp11_veneer  0x08007238        0x0 linker stubs

.v4_bx          0x08007238        0x0
 .v4_bx         0x08007238        0x0 linker stubs

.iplt           0x08007238        0x0
 .iplt          0x08007238        0x0 C:/CubeIDE/STM32CubeIDE_1.16.0/STM32CubeIDE/plugins/com.st.stm32cube.ide.mcu.externaltools.gnu-tools-for-stm32.12.3.rel1.win32_1.0.200.202406191623/tools/bin/../lib/gcc/arm-none-eabi/12.3.1/thumb/v6-m/nofp/crtbegin.o

.rodata         0x08007238      0x13c
                0x08007238                        . = ALIGN (0x4)
 *(.rodata)
 .rodata        0x08007238       0x40 C:/CubeIDE/STM32CubeIDE_1.16.0/STM32CubeIDE/plugins/com.st.stm32cube.ide.mcu.externaltools.gnu-tools-for-stm32.12.3.rel1.win32_1.0.200.202406191623/tools/bin/../lib/gcc/arm-none-eabi/12.3.1/thumb/v6-m/nofp\libgcc.a(divdf3.o)
 *(.rodata*)
 .rodata.BLACK  0x08007278        0x3 ./Core/RGB/RGB.o
 *fill*         0x0800727b        0x1 
 .rodata.main   0x0800727c       0x50 ./Core/Src/main.o
 .rodata.APBPrescTable
                0x080072cc       0x20 ./Core/Src/system_stm32g0xx.o
                0x080072cc                APBPrescTable
 .rodata.AHBPrescTable
                0x080072ec       0x40 ./Core/Src/system_stm32g0xx.o
                0x080072ec                AHBPrescTable
 .rodata.SHIFT_TAB_OCxx
                0x0800732c        0x9 ./Core/Src/tim.o
 *fill*         0x08007335        0x3 
 .rodata.OFFSET_TAB_CCMRx
                0x08007338        0x9 ./Core/Src/tim.o
 *fill*         0x08007341        0x3 
 .rodata.USART_PRESCALER_TAB
                0x08007344       0x30 ./Drivers/STM32G0xx_HAL_Driver/Src/stm32g0xx_ll_usart.o
                0x08007374                        . = ALIGN (0x4)

.ARM.extab      0x08007374        0x0
                0x08007374                        . = ALIGN (0x4)
 *(.ARM.extab* .gnu.linkonce.armextab.*)
                0x08007374                        . = ALIGN (0x4)

.ARM            0x08007374        0x0
                0x08007374                        . = ALIGN (0x4)
                0x08007374                        __exidx_start = .
 *(.ARM.exidx*)
                0x08007374                        __exidx_end = .
                0x08007374                        . = ALIGN (0x4)

.preinit_array  0x08007374        0x0
                0x08007374                        . = ALIGN (0x4)
                0x08007374                        PROVIDE (__preinit_array_start = .)
 *(.preinit_array*)
                0x08007374                        PROVIDE (__preinit_array_end = .)
                0x08007374                        . = ALIGN (0x4)

.init_array     0x08007374        0x4
                0x08007374                        . = ALIGN (0x4)
                0x08007374                        PROVIDE (__init_array_start = .)
 *(SORT_BY_NAME(.init_array.*))
 *(.init_array*)
 .init_array    0x08007374        0x4 C:/CubeIDE/STM32CubeIDE_1.16.0/STM32CubeIDE/plugins/com.st.stm32cube.ide.mcu.externaltools.gnu-tools-for-stm32.12.3.rel1.win32_1.0.200.202406191623/tools/bin/../lib/gcc/arm-none-eabi/12.3.1/thumb/v6-m/nofp/crtbegin.o
                0x08007378                        PROVIDE (__init_array_end = .)
                0x08007378                        . = ALIGN (0x4)

.fini_array     0x08007378        0x4
                0x08007378                        . = ALIGN (0x4)
                [!provide]                        PROVIDE (__fini_array_start = .)
 *(SORT_BY_NAME(.fini_array.*))
 *(.fini_array*)
 .fini_array    0x08007378        0x4 C:/CubeIDE/STM32CubeIDE_1.16.0/STM32CubeIDE/plugins/com.st.stm32cube.ide.mcu.externaltools.gnu-tools-for-stm32.12.3.rel1.win32_1.0.200.202406191623/tools/bin/../lib/gcc/arm-none-eabi/12.3.1/thumb/v6-m/nofp/crtbegin.o
                [!provide]                        PROVIDE (__fini_array_end = .)
                0x0800737c                        . = ALIGN (0x4)
                0x0800737c                        _sidata = LOADADDR (.data)

.rel.dyn        0x0800737c        0x0
 .rel.iplt      0x0800737c        0x0 C:/CubeIDE/STM32CubeIDE_1.16.0/STM32CubeIDE/plugins/com.st.stm32cube.ide.mcu.externaltools.gnu-tools-for-stm32.12.3.rel1.win32_1.0.200.202406191623/tools/bin/../lib/gcc/arm-none-eabi/12.3.1/thumb/v6-m/nofp/crtbegin.o

.data           0x200000c0       0x64 load address 0x0800737c
                0x200000c0                        . = ALIGN (0x4)
                0x200000c0                        _sdata = .
 *(.data)
 *(.data*)
 .data.g_device_type
                0x200000c0        0x2 ./Core/Src/main.o
                0x200000c0                g_device_type
 .data.g_firmware_version
                0x200000c2        0x1 ./Core/Src/main.o
                0x200000c2                g_firmware_version
 .data.g_tail_status
                0x200000c3        0x1 ./Core/Src/main.o
                0x200000c3                g_tail_status
 .data.g_uart_out_transmit_complete
                0x200000c4        0x1 ./Core/Src/main.o
                0x200000c4                g_uart_out_transmit_complete
 .data.g_uart_in_transmit_complete
                0x200000c5        0x1 ./Core/Src/main.o
                0x200000c5                g_uart_in_transmit_complete
 *fill*         0x200000c6        0x2 
 .data.g_heartbeat_data_pack_buf
                0x200000c8        0x9 ./Core/Src/stm32g0xx_it.o
                0x200000c8                g_heartbeat_data_pack_buf
 *fill*         0x200000d1        0x3 
 .data.s_enum_please_data_packet_buf
                0x200000d4        0x9 ./Core/Src/stm32g0xx_it.o
 .data.g_enum_please_nums
                0x200000dd        0x1 ./Core/Src/stm32g0xx_it.o
                0x200000dd                g_enum_please_nums
 *fill*         0x200000de        0x2 
 .data.SystemCoreClock
                0x200000e0        0x4 ./Core/Src/system_stm32g0xx.o
                0x200000e0                SystemCoreClock
 .data.uwTickFreq
                0x200000e4        0x1 ./Drivers/STM32G0xx_HAL_Driver/Src/stm32g0xx_hal.o
                0x200000e4                uwTickFreq
 *fill*         0x200000e5        0x3 
 .data.uwTickPrio
                0x200000e8        0x4 ./Drivers/STM32G0xx_HAL_Driver/Src/stm32g0xx_hal.o
                0x200000e8                uwTickPrio
 *(.RamFunc)
 .RamFunc       0x200000ec       0x38 ./Drivers/STM32G0xx_HAL_Driver/Src/stm32g0xx_hal_flash.o
 *(.RamFunc*)
                0x20000124                        . = ALIGN (0x4)
                0x20000124                        _edata = .

.igot.plt       0x20000124        0x0 load address 0x080073e0
 .igot.plt      0x20000124        0x0 C:/CubeIDE/STM32CubeIDE_1.16.0/STM32CubeIDE/plugins/com.st.stm32cube.ide.mcu.externaltools.gnu-tools-for-stm32.12.3.rel1.win32_1.0.200.202406191623/tools/bin/../lib/gcc/arm-none-eabi/12.3.1/thumb/v6-m/nofp/crtbegin.o
                0x20000124                        . = ALIGN (0x4)

.bss            0x20000124      0xf18 load address 0x080073e0
                0x20000124                        _sbss = .
                0x20000124                        __bss_start__ = _sbss
 *(.bss)
 .bss           0x20000124       0x1c C:/CubeIDE/STM32CubeIDE_1.16.0/STM32CubeIDE/plugins/com.st.stm32cube.ide.mcu.externaltools.gnu-tools-for-stm32.12.3.rel1.win32_1.0.200.202406191623/tools/bin/../lib/gcc/arm-none-eabi/12.3.1/thumb/v6-m/nofp/crtbegin.o
 *(.bss*)
 .bss.s_send_len
                0x20000140        0x1 ./Core/Chain_Function/base_function.o
 *fill*         0x20000141        0x3 
 .bss.s_send_buf
                0x20000144      0x100 ./Core/Chain_Function/base_function.o
 .bss.s_ret_buf_size
                0x20000244        0x1 ./Core/Chain_Function/encoder_function.o
 *fill*         0x20000245        0x3 
 .bss.s_ret_buf
                0x20000248       0x14 ./Core/Chain_Function/encoder_function.o
 .bss.s_key_status
                0x2000025c        0x1 ./Core/Chain_Function/encoder_function.o
 *fill*         0x2000025d        0x1 
 .bss.s_us_now_cnt
                0x2000025e        0x2 ./Core/Chain_Function/encoder_function.o
 .bss.s_ret_buf_size
                0x20000260        0x1 ./Core/RGB/RGB.o
 *fill*         0x20000261        0x3 
 .bss.s_ret_buf
                0x20000264       0x14 ./Core/RGB/RGB.o
 .bss.s_rgb_buf
                0x20000278       0x30 ./Core/RGB/RGB.o
 .bss.color     0x200002a8        0x3 ./Core/RGB/RGB.o
 .bss.s_key_flag
                0x200002ab        0x1 ./Core/Src/main.o
 .bss.s_last_press_time
                0x200002ac        0x4 ./Core/Src/main.o
 .bss.g_light   0x200002b0        0x1 ./Core/Src/main.o
                0x200002b0                g_light
 .bss.g_bootloader_version
                0x200002b1        0x1 ./Core/Src/main.o
                0x200002b1                g_bootloader_version
 .bss.g_cmd_status
                0x200002b2        0x1 ./Core/Src/main.o
                0x200002b2                g_cmd_status
 .bss.g_cmd_size
                0x200002b3        0x1 ./Core/Src/main.o
                0x200002b3                g_cmd_size
 .bss.g_cmd_buf
                0x200002b4      0x100 ./Core/Src/main.o
                0x200002b4                g_cmd_buf
 .bss.g_uart_out_rx_index
                0x200003b4        0x1 ./Core/Src/main.o
                0x200003b4                g_uart_out_rx_index
 .bss.g_uart_in_rx_index
                0x200003b5        0x1 ./Core/Src/main.o
                0x200003b5                g_uart_in_rx_index
 *fill*         0x200003b6        0x2 
 .bss.g_uart_out_rx_buf
                0x200003b8      0x400 ./Core/Src/main.o
                0x200003b8                g_uart_out_rx_buf
 .bss.g_uart_in_rx_buf
                0x200007b8      0x400 ./Core/Src/main.o
                0x200007b8                g_uart_in_rx_buf
 .bss.g_encoder_direct
                0x20000bb8        0x1 ./Core/Src/main.o
                0x20000bb8                g_encoder_direct
 *fill*         0x20000bb9        0x1 
 .bss.g_increment_count
                0x20000bba        0x2 ./Core/Src/main.o
                0x20000bba                g_increment_count
 .bss.g_encoder_count
                0x20000bbc        0x2 ./Core/Src/main.o
                0x20000bbc                g_encoder_count
 *fill*         0x20000bbe        0x2 
 .bss.htim3     0x20000bc0       0x4c ./Core/Src/tim.o
                0x20000bc0                htim3
 .bss.tx_out_buffer
                0x20000c0c      0x208 ./Core/Src/usart.o
                0x20000c0c                tx_out_buffer
 .bss.tx_in_buffer
                0x20000e14      0x208 ./Core/Src/usart.o
                0x20000e14                tx_in_buffer
 .bss.uwTick    0x2000101c        0x4 ./Drivers/STM32G0xx_HAL_Driver/Src/stm32g0xx_hal.o
                0x2000101c                uwTick
 .bss.pFlash    0x20001020       0x1c ./Drivers/STM32G0xx_HAL_Driver/Src/stm32g0xx_hal_flash.o
                0x20001020                pFlash
 *(COMMON)
                0x2000103c                        . = ALIGN (0x4)
                0x2000103c                        _ebss = .
                0x2000103c                        __bss_end__ = _ebss

._user_heap_stack
                0x2000103c      0x604 load address 0x080073e0
                0x20001040                        . = ALIGN (0x8)
 *fill*         0x2000103c        0x4 
                [!provide]                        PROVIDE (end = .)
                0x20001040                        PROVIDE (_end = .)
                0x20001240                        . = (. + _Min_Heap_Size)
 *fill*         0x20001040      0x200 
                0x20001640                        . = (. + _Min_Stack_Size)
 *fill*         0x20001240      0x400 
                0x20001640                        . = ALIGN (0x8)

/DISCARD/
 libc.a(*)
 libm.a(*)
 libgcc.a(*)

.ARM.attributes
                0x00000000       0x28
 *(.ARM.attributes)
 .ARM.attributes
                0x00000000       0x1e C:/CubeIDE/STM32CubeIDE_1.16.0/STM32CubeIDE/plugins/com.st.stm32cube.ide.mcu.externaltools.gnu-tools-for-stm32.12.3.rel1.win32_1.0.200.202406191623/tools/bin/../lib/gcc/arm-none-eabi/12.3.1/thumb/v6-m/nofp/crti.o
 .ARM.attributes
                0x0000001e       0x2c C:/CubeIDE/STM32CubeIDE_1.16.0/STM32CubeIDE/plugins/com.st.stm32cube.ide.mcu.externaltools.gnu-tools-for-stm32.12.3.rel1.win32_1.0.200.202406191623/tools/bin/../lib/gcc/arm-none-eabi/12.3.1/thumb/v6-m/nofp/crtbegin.o
 .ARM.attributes
                0x0000004a       0x2c ./Core/Chain_Function/base_function.o
 .ARM.attributes
                0x00000076       0x2c ./Core/Chain_Function/encoder_function.o
 .ARM.attributes
                0x000000a2       0x2c ./Core/RGB/RGB.o
 .ARM.attributes
                0x000000ce       0x2c ./Core/Src/dma.o
 .ARM.attributes
                0x000000fa       0x2c ./Core/Src/gpio.o
 .ARM.attributes
                0x00000126       0x2c ./Core/Src/iwdg.o
 .ARM.attributes
                0x00000152       0x2c ./Core/Src/main.o
 .ARM.attributes
                0x0000017e       0x2c ./Core/Src/stm32g0xx_hal_msp.o
 .ARM.attributes
                0x000001aa       0x2c ./Core/Src/stm32g0xx_it.o
 .ARM.attributes
                0x000001d6       0x2c ./Core/Src/system_stm32g0xx.o
 .ARM.attributes
                0x00000202       0x2c ./Core/Src/tim.o
 .ARM.attributes
                0x0000022e       0x2c ./Core/Src/usart.o
 .ARM.attributes
                0x0000025a       0x22 ./Core/Startup/startup_stm32g031g8ux.o
 .ARM.attributes
                0x0000027c       0x2c ./Core/flash/myflash.o
 .ARM.attributes
                0x000002a8       0x2c ./Drivers/STM32G0xx_HAL_Driver/Src/stm32g0xx_hal.o
 .ARM.attributes
                0x000002d4       0x2c ./Drivers/STM32G0xx_HAL_Driver/Src/stm32g0xx_hal_cortex.o
 .ARM.attributes
                0x00000300       0x2c ./Drivers/STM32G0xx_HAL_Driver/Src/stm32g0xx_hal_flash.o
 .ARM.attributes
                0x0000032c       0x2c ./Drivers/STM32G0xx_HAL_Driver/Src/stm32g0xx_hal_flash_ex.o
 .ARM.attributes
                0x00000358       0x2c ./Drivers/STM32G0xx_HAL_Driver/Src/stm32g0xx_hal_gpio.o
 .ARM.attributes
                0x00000384       0x2c ./Drivers/STM32G0xx_HAL_Driver/Src/stm32g0xx_hal_pwr_ex.o
 .ARM.attributes
                0x000003b0       0x2c ./Drivers/STM32G0xx_HAL_Driver/Src/stm32g0xx_hal_rcc.o
 .ARM.attributes
                0x000003dc       0x2c ./Drivers/STM32G0xx_HAL_Driver/Src/stm32g0xx_hal_rcc_ex.o
 .ARM.attributes
                0x00000408       0x2c ./Drivers/STM32G0xx_HAL_Driver/Src/stm32g0xx_hal_tim.o
 .ARM.attributes
                0x00000434       0x2c ./Drivers/STM32G0xx_HAL_Driver/Src/stm32g0xx_hal_tim_ex.o
 .ARM.attributes
                0x00000460       0x2c ./Drivers/STM32G0xx_HAL_Driver/Src/stm32g0xx_ll_gpio.o
 .ARM.attributes
                0x0000048c       0x2c ./Drivers/STM32G0xx_HAL_Driver/Src/stm32g0xx_ll_rcc.o
 .ARM.attributes
                0x000004b8       0x2c ./Drivers/STM32G0xx_HAL_Driver/Src/stm32g0xx_ll_tim.o
 .ARM.attributes
                0x000004e4       0x2c ./Drivers/STM32G0xx_HAL_Driver/Src/stm32g0xx_ll_usart.o
 .ARM.attributes
                0x00000510       0x2c C:/CubeIDE/STM32CubeIDE_1.16.0/STM32CubeIDE/plugins/com.st.stm32cube.ide.mcu.externaltools.gnu-tools-for-stm32.12.3.rel1.win32_1.0.200.202406191623/tools/bin/../lib/gcc/arm-none-eabi/12.3.1/../../../../arm-none-eabi/lib/thumb/v6-m/nofp\libc_nano.a(libc_a-memset.o)
 .ARM.attributes
                0x0000053c       0x2c C:/CubeIDE/STM32CubeIDE_1.16.0/STM32CubeIDE/plugins/com.st.stm32cube.ide.mcu.externaltools.gnu-tools-for-stm32.12.3.rel1.win32_1.0.200.202406191623/tools/bin/../lib/gcc/arm-none-eabi/12.3.1/../../../../arm-none-eabi/lib/thumb/v6-m/nofp\libc_nano.a(libc_a-init.o)
 .ARM.attributes
                0x00000568       0x2c C:/CubeIDE/STM32CubeIDE_1.16.0/STM32CubeIDE/plugins/com.st.stm32cube.ide.mcu.externaltools.gnu-tools-for-stm32.12.3.rel1.win32_1.0.200.202406191623/tools/bin/../lib/gcc/arm-none-eabi/12.3.1/../../../../arm-none-eabi/lib/thumb/v6-m/nofp\libc_nano.a(libc_a-memcpy-stub.o)
 .ARM.attributes
                0x00000594       0x1e C:/CubeIDE/STM32CubeIDE_1.16.0/STM32CubeIDE/plugins/com.st.stm32cube.ide.mcu.externaltools.gnu-tools-for-stm32.12.3.rel1.win32_1.0.200.202406191623/tools/bin/../lib/gcc/arm-none-eabi/12.3.1/thumb/v6-m/nofp\libgcc.a(_udivsi3.o)
 .ARM.attributes
                0x000005b2       0x1e C:/CubeIDE/STM32CubeIDE_1.16.0/STM32CubeIDE/plugins/com.st.stm32cube.ide.mcu.externaltools.gnu-tools-for-stm32.12.3.rel1.win32_1.0.200.202406191623/tools/bin/../lib/gcc/arm-none-eabi/12.3.1/thumb/v6-m/nofp\libgcc.a(_dvmd_tls.o)
 .ARM.attributes
                0x000005d0       0x2c C:/CubeIDE/STM32CubeIDE_1.16.0/STM32CubeIDE/plugins/com.st.stm32cube.ide.mcu.externaltools.gnu-tools-for-stm32.12.3.rel1.win32_1.0.200.202406191623/tools/bin/../lib/gcc/arm-none-eabi/12.3.1/thumb/v6-m/nofp\libgcc.a(_fixunsdfsi.o)
 .ARM.attributes
                0x000005fc       0x2c C:/CubeIDE/STM32CubeIDE_1.16.0/STM32CubeIDE/plugins/com.st.stm32cube.ide.mcu.externaltools.gnu-tools-for-stm32.12.3.rel1.win32_1.0.200.202406191623/tools/bin/../lib/gcc/arm-none-eabi/12.3.1/thumb/v6-m/nofp\libgcc.a(divdf3.o)
 .ARM.attributes
                0x00000628       0x2c C:/CubeIDE/STM32CubeIDE_1.16.0/STM32CubeIDE/plugins/com.st.stm32cube.ide.mcu.externaltools.gnu-tools-for-stm32.12.3.rel1.win32_1.0.200.202406191623/tools/bin/../lib/gcc/arm-none-eabi/12.3.1/thumb/v6-m/nofp\libgcc.a(muldf3.o)
 .ARM.attributes
                0x00000654       0x2c C:/CubeIDE/STM32CubeIDE_1.16.0/STM32CubeIDE/plugins/com.st.stm32cube.ide.mcu.externaltools.gnu-tools-for-stm32.12.3.rel1.win32_1.0.200.202406191623/tools/bin/../lib/gcc/arm-none-eabi/12.3.1/thumb/v6-m/nofp\libgcc.a(subdf3.o)
 .ARM.attributes
                0x00000680       0x2c C:/CubeIDE/STM32CubeIDE_1.16.0/STM32CubeIDE/plugins/com.st.stm32cube.ide.mcu.externaltools.gnu-tools-for-stm32.12.3.rel1.win32_1.0.200.202406191623/tools/bin/../lib/gcc/arm-none-eabi/12.3.1/thumb/v6-m/nofp\libgcc.a(fixdfsi.o)
 .ARM.attributes
                0x000006ac       0x2c C:/CubeIDE/STM32CubeIDE_1.16.0/STM32CubeIDE/plugins/com.st.stm32cube.ide.mcu.externaltools.gnu-tools-for-stm32.12.3.rel1.win32_1.0.200.202406191623/tools/bin/../lib/gcc/arm-none-eabi/12.3.1/thumb/v6-m/nofp\libgcc.a(floatsidf.o)
 .ARM.attributes
                0x000006d8       0x1e C:/CubeIDE/STM32CubeIDE_1.16.0/STM32CubeIDE/plugins/com.st.stm32cube.ide.mcu.externaltools.gnu-tools-for-stm32.12.3.rel1.win32_1.0.200.202406191623/tools/bin/../lib/gcc/arm-none-eabi/12.3.1/thumb/v6-m/nofp\libgcc.a(_arm_cmpdf2.o)
 .ARM.attributes
                0x000006f6       0x1e C:/CubeIDE/STM32CubeIDE_1.16.0/STM32CubeIDE/plugins/com.st.stm32cube.ide.mcu.externaltools.gnu-tools-for-stm32.12.3.rel1.win32_1.0.200.202406191623/tools/bin/../lib/gcc/arm-none-eabi/12.3.1/thumb/v6-m/nofp\libgcc.a(_clzsi2.o)
 .ARM.attributes
                0x00000714       0x2c C:/CubeIDE/STM32CubeIDE_1.16.0/STM32CubeIDE/plugins/com.st.stm32cube.ide.mcu.externaltools.gnu-tools-for-stm32.12.3.rel1.win32_1.0.200.202406191623/tools/bin/../lib/gcc/arm-none-eabi/12.3.1/thumb/v6-m/nofp\libgcc.a(eqdf2.o)
 .ARM.attributes
                0x00000740       0x2c C:/CubeIDE/STM32CubeIDE_1.16.0/STM32CubeIDE/plugins/com.st.stm32cube.ide.mcu.externaltools.gnu-tools-for-stm32.12.3.rel1.win32_1.0.200.202406191623/tools/bin/../lib/gcc/arm-none-eabi/12.3.1/thumb/v6-m/nofp\libgcc.a(gedf2.o)
 .ARM.attributes
                0x0000076c       0x2c C:/CubeIDE/STM32CubeIDE_1.16.0/STM32CubeIDE/plugins/com.st.stm32cube.ide.mcu.externaltools.gnu-tools-for-stm32.12.3.rel1.win32_1.0.200.202406191623/tools/bin/../lib/gcc/arm-none-eabi/12.3.1/thumb/v6-m/nofp\libgcc.a(ledf2.o)
 .ARM.attributes
                0x00000798       0x1e C:/CubeIDE/STM32CubeIDE_1.16.0/STM32CubeIDE/plugins/com.st.stm32cube.ide.mcu.externaltools.gnu-tools-for-stm32.12.3.rel1.win32_1.0.200.202406191623/tools/bin/../lib/gcc/arm-none-eabi/12.3.1/thumb/v6-m/nofp/crtn.o
OUTPUT(Chain_Encoder.elf elf32-littlearm)
LOAD linker stubs
LOAD C:/CubeIDE/STM32CubeIDE_1.16.0/STM32CubeIDE/plugins/com.st.stm32cube.ide.mcu.externaltools.gnu-tools-for-stm32.12.3.rel1.win32_1.0.200.202406191623/tools/bin/../lib/gcc/arm-none-eabi/12.3.1/../../../../arm-none-eabi/lib/thumb/v6-m/nofp\libc.a
LOAD C:/CubeIDE/STM32CubeIDE_1.16.0/STM32CubeIDE/plugins/com.st.stm32cube.ide.mcu.externaltools.gnu-tools-for-stm32.12.3.rel1.win32_1.0.200.202406191623/tools/bin/../lib/gcc/arm-none-eabi/12.3.1/../../../../arm-none-eabi/lib/thumb/v6-m/nofp\libm.a
LOAD C:/CubeIDE/STM32CubeIDE_1.16.0/STM32CubeIDE/plugins/com.st.stm32cube.ide.mcu.externaltools.gnu-tools-for-stm32.12.3.rel1.win32_1.0.200.202406191623/tools/bin/../lib/gcc/arm-none-eabi/12.3.1/thumb/v6-m/nofp\libgcc.a

.comment        0x00000000       0x43
 .comment       0x00000000       0x43 ./Core/Chain_Function/base_function.o
                                 0x44 (size before relaxing)
 .comment       0x00000043       0x44 ./Core/Chain_Function/encoder_function.o
 .comment       0x00000043       0x44 ./Core/RGB/RGB.o
 .comment       0x00000043       0x44 ./Core/Src/dma.o
 .comment       0x00000043       0x44 ./Core/Src/gpio.o
 .comment       0x00000043       0x44 ./Core/Src/iwdg.o
 .comment       0x00000043       0x44 ./Core/Src/main.o
 .comment       0x00000043       0x44 ./Core/Src/stm32g0xx_hal_msp.o
 .comment       0x00000043       0x44 ./Core/Src/stm32g0xx_it.o
 .comment       0x00000043       0x44 ./Core/Src/system_stm32g0xx.o
 .comment       0x00000043       0x44 ./Core/Src/tim.o
 .comment       0x00000043       0x44 ./Core/Src/usart.o
 .comment       0x00000043       0x44 ./Core/flash/myflash.o
 .comment       0x00000043       0x44 ./Drivers/STM32G0xx_HAL_Driver/Src/stm32g0xx_hal.o
 .comment       0x00000043       0x44 ./Drivers/STM32G0xx_HAL_Driver/Src/stm32g0xx_hal_cortex.o
 .comment       0x00000043       0x44 ./Drivers/STM32G0xx_HAL_Driver/Src/stm32g0xx_hal_flash.o
 .comment       0x00000043       0x44 ./Drivers/STM32G0xx_HAL_Driver/Src/stm32g0xx_hal_flash_ex.o
 .comment       0x00000043       0x44 ./Drivers/STM32G0xx_HAL_Driver/Src/stm32g0xx_hal_gpio.o
 .comment       0x00000043       0x44 ./Drivers/STM32G0xx_HAL_Driver/Src/stm32g0xx_hal_pwr_ex.o
 .comment       0x00000043       0x44 ./Drivers/STM32G0xx_HAL_Driver/Src/stm32g0xx_hal_rcc.o
 .comment       0x00000043       0x44 ./Drivers/STM32G0xx_HAL_Driver/Src/stm32g0xx_hal_rcc_ex.o
 .comment       0x00000043       0x44 ./Drivers/STM32G0xx_HAL_Driver/Src/stm32g0xx_hal_tim.o
 .comment       0x00000043       0x44 ./Drivers/STM32G0xx_HAL_Driver/Src/stm32g0xx_hal_tim_ex.o
 .comment       0x00000043       0x44 ./Drivers/STM32G0xx_HAL_Driver/Src/stm32g0xx_ll_gpio.o
 .comment       0x00000043       0x44 ./Drivers/STM32G0xx_HAL_Driver/Src/stm32g0xx_ll_rcc.o
 .comment       0x00000043       0x44 ./Drivers/STM32G0xx_HAL_Driver/Src/stm32g0xx_ll_tim.o
 .comment       0x00000043       0x44 ./Drivers/STM32G0xx_HAL_Driver/Src/stm32g0xx_ll_usart.o

.debug_frame    0x00000000      0x280
 .debug_frame   0x00000000       0x20 C:/CubeIDE/STM32CubeIDE_1.16.0/STM32CubeIDE/plugins/com.st.stm32cube.ide.mcu.externaltools.gnu-tools-for-stm32.12.3.rel1.win32_1.0.200.202406191623/tools/bin/../lib/gcc/arm-none-eabi/12.3.1/../../../../arm-none-eabi/lib/thumb/v6-m/nofp\libc_nano.a(libc_a-memset.o)
 .debug_frame   0x00000020       0x2c C:/CubeIDE/STM32CubeIDE_1.16.0/STM32CubeIDE/plugins/com.st.stm32cube.ide.mcu.externaltools.gnu-tools-for-stm32.12.3.rel1.win32_1.0.200.202406191623/tools/bin/../lib/gcc/arm-none-eabi/12.3.1/../../../../arm-none-eabi/lib/thumb/v6-m/nofp\libc_nano.a(libc_a-init.o)
 .debug_frame   0x0000004c       0x28 C:/CubeIDE/STM32CubeIDE_1.16.0/STM32CubeIDE/plugins/com.st.stm32cube.ide.mcu.externaltools.gnu-tools-for-stm32.12.3.rel1.win32_1.0.200.202406191623/tools/bin/../lib/gcc/arm-none-eabi/12.3.1/../../../../arm-none-eabi/lib/thumb/v6-m/nofp\libc_nano.a(libc_a-memcpy-stub.o)
 .debug_frame   0x00000074       0x20 C:/CubeIDE/STM32CubeIDE_1.16.0/STM32CubeIDE/plugins/com.st.stm32cube.ide.mcu.externaltools.gnu-tools-for-stm32.12.3.rel1.win32_1.0.200.202406191623/tools/bin/../lib/gcc/arm-none-eabi/12.3.1/thumb/v6-m/nofp\libgcc.a(_udivsi3.o)
 .debug_frame   0x00000094       0x2c C:/CubeIDE/STM32CubeIDE_1.16.0/STM32CubeIDE/plugins/com.st.stm32cube.ide.mcu.externaltools.gnu-tools-for-stm32.12.3.rel1.win32_1.0.200.202406191623/tools/bin/../lib/gcc/arm-none-eabi/12.3.1/thumb/v6-m/nofp\libgcc.a(_fixunsdfsi.o)
 .debug_frame   0x000000c0       0x3c C:/CubeIDE/STM32CubeIDE_1.16.0/STM32CubeIDE/plugins/com.st.stm32cube.ide.mcu.externaltools.gnu-tools-for-stm32.12.3.rel1.win32_1.0.200.202406191623/tools/bin/../lib/gcc/arm-none-eabi/12.3.1/thumb/v6-m/nofp\libgcc.a(divdf3.o)
 .debug_frame   0x000000fc       0x3c C:/CubeIDE/STM32CubeIDE_1.16.0/STM32CubeIDE/plugins/com.st.stm32cube.ide.mcu.externaltools.gnu-tools-for-stm32.12.3.rel1.win32_1.0.200.202406191623/tools/bin/../lib/gcc/arm-none-eabi/12.3.1/thumb/v6-m/nofp\libgcc.a(muldf3.o)
 .debug_frame   0x00000138       0x3c C:/CubeIDE/STM32CubeIDE_1.16.0/STM32CubeIDE/plugins/com.st.stm32cube.ide.mcu.externaltools.gnu-tools-for-stm32.12.3.rel1.win32_1.0.200.202406191623/tools/bin/../lib/gcc/arm-none-eabi/12.3.1/thumb/v6-m/nofp\libgcc.a(subdf3.o)
 .debug_frame   0x00000174       0x30 C:/CubeIDE/STM32CubeIDE_1.16.0/STM32CubeIDE/plugins/com.st.stm32cube.ide.mcu.externaltools.gnu-tools-for-stm32.12.3.rel1.win32_1.0.200.202406191623/tools/bin/../lib/gcc/arm-none-eabi/12.3.1/thumb/v6-m/nofp\libgcc.a(fixdfsi.o)
 .debug_frame   0x000001a4       0x2c C:/CubeIDE/STM32CubeIDE_1.16.0/STM32CubeIDE/plugins/com.st.stm32cube.ide.mcu.externaltools.gnu-tools-for-stm32.12.3.rel1.win32_1.0.200.202406191623/tools/bin/../lib/gcc/arm-none-eabi/12.3.1/thumb/v6-m/nofp\libgcc.a(floatsidf.o)
 .debug_frame   0x000001d0       0x38 C:/CubeIDE/STM32CubeIDE_1.16.0/STM32CubeIDE/plugins/com.st.stm32cube.ide.mcu.externaltools.gnu-tools-for-stm32.12.3.rel1.win32_1.0.200.202406191623/tools/bin/../lib/gcc/arm-none-eabi/12.3.1/thumb/v6-m/nofp\libgcc.a(eqdf2.o)
 .debug_frame   0x00000208       0x3c C:/CubeIDE/STM32CubeIDE_1.16.0/STM32CubeIDE/plugins/com.st.stm32cube.ide.mcu.externaltools.gnu-tools-for-stm32.12.3.rel1.win32_1.0.200.202406191623/tools/bin/../lib/gcc/arm-none-eabi/12.3.1/thumb/v6-m/nofp\libgcc.a(gedf2.o)
 .debug_frame   0x00000244       0x3c C:/CubeIDE/STM32CubeIDE_1.16.0/STM32CubeIDE/plugins/com.st.stm32cube.ide.mcu.externaltools.gnu-tools-for-stm32.12.3.rel1.win32_1.0.200.202406191623/tools/bin/../lib/gcc/arm-none-eabi/12.3.1/thumb/v6-m/nofp\libgcc.a(ledf2.o)
