../Core/RGB/RGB.c:19:13:activate_tim1_dma	0	static
../Core/RGB/RGB.c:38:13:rgb_setcolor	48	static
../Core/RGB/RGB.c:58:13:reset_load	0	static
../Core/RGB/RGB.c:70:13:rgb_send_array	0	static
../Core/RGB/RGB.c:81:13:turn_off_all_handle	8	static
../Core/RGB/RGB.c:92:6:rgb_init	8	static
../Core/RGB/RGB.c:104:6:chain_set_rgb_value	8	static
../Core/RGB/RGB.c:130:6:chain_get_rgb_value	8	static
../Core/RGB/RGB.c:143:6:chain_set_light_value	8	static
../Core/RGB/RGB.c:167:6:chain_get_light_value	8	static
