../Drivers/VL53L1X/VL53L1X.c:19:9:readReg	32	static
../Drivers/VL53L1X/VL53L1X.c:40:10:readReg16Bit	32	static
../Drivers/VL53L1X/VL53L1X.c:62:6:writeReg	24	static
../Drivers/VL53L1X/VL53L1X.c:81:6:writeReg16Bit	24	static
../Drivers/VL53L1X/VL53L1X.c:101:6:writeReg32Bit	24	static
../Drivers/VL53L1X/VL53L1X.c:122:6:setDistanceMode	8	static
../Drivers/VL53L1X/VL53L1X.c:185:6:dataReady	8	static
../Drivers/VL53L1X/VL53L1X.c:197:10:calcMacroPeriod	8	static
../Drivers/VL53L1X/VL53L1X.c:222:10:encodeTimeout	0	static
../Drivers/VL53L1X/VL53L1X.c:256:10:timeoutMicrosecondsToMclks	8	static
../Drivers/VL53L1X/VL53L1X.c:268:6:setMeasurementTimingBudget	16	static
../Drivers/VL53L1X/VL53L1X.c:331:6:vl53l1xInit	8	static
../Drivers/VL53L1X/VL53L1X.c:476:6:readResults	48	static
../Drivers/VL53L1X/VL53L1X.c:524:6:updateDSS	16	static
../Drivers/VL53L1X/VL53L1X.c:577:7:countRateFixedToFloat	8	static
../Drivers/VL53L1X/VL53L1X.c:587:6:getRangingData	16	static
../Drivers/VL53L1X/VL53L1X.c:673:10:getDistance	8	static
