../Drivers/VL53L1X/VL53L1X.c:11:6:print_debug	8	static
../Drivers/VL53L1X/VL53L1X.c:14:9:readReg	40	static
../Drivers/VL53L1X/VL53L1X.c:21:10:readReg16Bit	40	static
../Drivers/VL53L1X/VL53L1X.c:28:6:writeReg	32	static
../Drivers/VL53L1X/VL53L1X.c:34:6:writeReg16Bit	32	static
../Drivers/VL53L1X/VL53L1X.c:42:6:writeReg32Bit	32	static
../Drivers/VL53L1X/VL53L1X.c:52:6:setDistanceMode	8	static
../Drivers/VL53L1X/VL53L1X.c:106:6:dataReady	8	static
../Drivers/VL53L1X/VL53L1X.c:109:6:vl53l1x_init	8	static
../Drivers/VL53L1X/VL53L1X.c:234:10:readResults	48	static
../Drivers/VL53L1X/VL53L1X.c:241:10:get_distance	8	static
