../Core/Src/stm32g0xx_it.c:88:9:uart_in_data_pack_type	8	static
../Core/Src/stm32g0xx_it.c:125:9:uart_out_data_pack_type	8	static
../Core/Src/stm32g0xx_it.c:165:6:NMI_Handler	0	static
../Core/Src/stm32g0xx_it.c:180:6:HardFault_Handler	0	static
../Core/Src/stm32g0xx_it.c:195:6:SVC_Handler	0	static
../Core/Src/stm32g0xx_it.c:208:6:PendSV_Handler	0	static
../Core/Src/stm32g0xx_it.c:221:6:SysTick_Handler	8	static
../Core/Src/stm32g0xx_it.c:242:6:FLASH_IRQHandler	8	static
../Core/Src/stm32g0xx_it.c:256:6:DMA1_Channel1_IRQHandler	0	static
../Core/Src/stm32g0xx_it.c:270:6:DMA1_Channel2_3_IRQHandler	0	static
../Core/Src/stm32g0xx_it.c:289:6:DMA1_Ch4_5_DMAMUX1_OVR_IRQHandler	0	static
../Core/Src/stm32g0xx_it.c:308:6:TIM14_IRQHandler	8	static
../Core/Src/stm32g0xx_it.c:335:6:TIM16_IRQHandler	16	static
../Core/Src/stm32g0xx_it.c:370:6:USART1_IRQHandler	16	static,ignoring_inline_asm
../Core/Src/stm32g0xx_it.c:421:6:USART2_IRQHandler	16	static,ignoring_inline_asm
