../Core/Chain_Function/joystick_function.c:45:6:map	8	static
../Core/Chain_Function/joystick_function.c:70:6:update_adc_cal_value	0	static
../Core/Chain_Function/joystick_function.c:91:6:HAL_ADC_ConvCpltCallback	32	static
../Core/Chain_Function/joystick_function.c:155:6:joystick_init	8	static
../Core/Chain_Function/joystick_function.c:169:6:chain_joystick_get_16adc	8	static
../Core/Chain_Function/joystick_function.c:195:6:chain_joystick_get_8adc	8	static
../Core/Chain_Function/joystick_function.c:222:6:chain_joystick_get_adc_xy_mapped_range	8	static
../Core/Chain_Function/joystick_function.c:257:6:chain_joystick_set_adc_xy_mapped_range	8	static
../Core/Chain_Function/joystick_function.c:313:6:chain_joystick_get_adc_xy_mapped_int16_value	8	static
../Core/Chain_Function/joystick_function.c:340:6:chain_joystick_get_adc_xy_mapped_int8_value	8	static
../Core/Chain_Function/joystick_function.c:367:6:chain_joystick_button_press	8	static
../Core/Chain_Function/joystick_function.c:389:6:HAL_GPIO_EXTI_Falling_Callback	8	static
