../Drivers/VL53L0X/Src/VL53L0X.c:245:6:VL53L0X_writeReg	24	static
../Drivers/VL53L0X/Src/VL53L0X.c:17:6:VL53L0X_setAddress	16	static
../Drivers/VL53L0X/Src/VL53L0X.c:255:6:VL53L0X_writeReg16Bit	24	static
../Drivers/VL53L0X/Src/VL53L0X.c:266:6:VL53L0X_writeReg32Bit	24	static
../Drivers/VL53L0X/Src/VL53L0X.c:279:9:VL53L0X_readReg	48	static
../Drivers/VL53L0X/Src/VL53L0X.c:290:10:VL53L0X_readReg16Bit	40	static
../Drivers/VL53L0X/Src/VL53L0X.c:304:10:VL53L0X_readReg32Bit	48	static
../Drivers/VL53L0X/Src/VL53L0X.c:321:6:VL53L0X_writeMulti	40	static
../Drivers/VL53L0X/Src/VL53L0X.c:330:6:VL53L0X_readMulti	40	static
../Drivers/VL53L0X/Src/VL53L0X.c:346:6:VL53L0X_setSignalRateLimit	16	static
../Drivers/VL53L0X/Src/VL53L0X.c:356:7:VL53L0X_getSignalRateLimit	8	static
../Drivers/VL53L0X/Src/VL53L0X.c:675:9:VL53L0X_getVcselPulsePeriod	8	static
../Drivers/VL53L0X/Src/VL53L0X.c:695:6:VL53L0X_startContinuous	16	static
../Drivers/VL53L0X/Src/VL53L0X.c:734:6:VL53L0X_stopContinuous	8	static
../Drivers/VL53L0X/Src/VL53L0X.c:802:6:VL53L0X_timeoutOccurred	0	static
../Drivers/VL53L0X/Src/VL53L0X.c:856:6:VL53L0X_getSequenceStepEnables	8	static
../Drivers/VL53L0X/Src/VL53L0X.c:898:10:VL53L0X_decodeTimeout	0	static
../Drivers/VL53L0X/Src/VL53L0X.c:909:10:VL53L0X_encodeTimeout	0	static
../Drivers/VL53L0X/Src/VL53L0X.c:933:10:VL53L0X_timeoutMclksToMicroseconds	16	static
../Drivers/VL53L0X/Src/VL53L0X.c:872:6:VL53L0X_getSequenceStepTimeouts	16	static
../Drivers/VL53L0X/Src/VL53L0X.c:448:10:VL53L0X_getMeasurementTimingBudget	48	static
../Drivers/VL53L0X/Src/VL53L0X.c:942:10:VL53L0X_timeoutMicrosecondsToMclks	24	static
../Drivers/VL53L0X/Src/VL53L0X.c:363:6:VL53L0X_setMeasurementTimingBudget	56	static
../Drivers/VL53L0X/Src/VL53L0X.c:969:6:VL53L0X_startTimeout	8	static
../Drivers/VL53L0X/Src/VL53L0X.c:973:6:VL53L0X_checkTimeoutExpired	8	static
../Drivers/VL53L0X/Src/VL53L0X.c:748:10:VL53L0X_readRangeContinuousMillimeters	16	static
../Drivers/VL53L0X/Src/VL53L0X.c:773:10:VL53L0X_readRangeSingleMillimeters	8	static
../Drivers/VL53L0X/Src/VL53L0X.c:813:6:VL53L0X_getSpadInfo	16	static
../Drivers/VL53L0X/Src/VL53L0X.c:951:6:VL53L0X_performSingleRefCalibration	8	static
../Drivers/VL53L0X/Src/VL53L0X.c:23:6:VL53L0X_init	32	static
../Drivers/VL53L0X/Src/VL53L0X.c:503:6:VL53L0X_setVcselPulsePeriod	56	static
