Archive member included to satisfy reference by file (symbol)

C:/CubeIDE/STM32CubeIDE_1.16.0/STM32CubeIDE/plugins/com.st.stm32cube.ide.mcu.externaltools.gnu-tools-for-stm32.12.3.rel1.win32_1.0.200.202406191623/tools/bin/../lib/gcc/arm-none-eabi/12.3.1/../../../../arm-none-eabi/lib/thumb/v6-m/nofp\libc_nano.a(libc_a-calloc.o)
                              ./Core/RGB/RGB.o (calloc)
C:/CubeIDE/STM32CubeIDE_1.16.0/STM32CubeIDE/plugins/com.st.stm32cube.ide.mcu.externaltools.gnu-tools-for-stm32.12.3.rel1.win32_1.0.200.202406191623/tools/bin/../lib/gcc/arm-none-eabi/12.3.1/../../../../arm-none-eabi/lib/thumb/v6-m/nofp\libc_nano.a(libc_a-callocr.o)
                              C:/CubeIDE/STM32CubeIDE_1.16.0/STM32CubeIDE/plugins/com.st.stm32cube.ide.mcu.externaltools.gnu-tools-for-stm32.12.3.rel1.win32_1.0.200.202406191623/tools/bin/../lib/gcc/arm-none-eabi/12.3.1/../../../../arm-none-eabi/lib/thumb/v6-m/nofp\libc_nano.a(libc_a-calloc.o) (_calloc_r)
C:/CubeIDE/STM32CubeIDE_1.16.0/STM32CubeIDE/plugins/com.st.stm32cube.ide.mcu.externaltools.gnu-tools-for-stm32.12.3.rel1.win32_1.0.200.202406191623/tools/bin/../lib/gcc/arm-none-eabi/12.3.1/../../../../arm-none-eabi/lib/thumb/v6-m/nofp\libc_nano.a(libc_a-exit.o)
                              C:/CubeIDE/STM32CubeIDE_1.16.0/STM32CubeIDE/plugins/com.st.stm32cube.ide.mcu.externaltools.gnu-tools-for-stm32.12.3.rel1.win32_1.0.200.202406191623/tools/bin/../lib/gcc/arm-none-eabi/12.3.1/../../../../arm-none-eabi/lib/thumb/v6-m/nofp/crt0.o (exit)
C:/CubeIDE/STM32CubeIDE_1.16.0/STM32CubeIDE/plugins/com.st.stm32cube.ide.mcu.externaltools.gnu-tools-for-stm32.12.3.rel1.win32_1.0.200.202406191623/tools/bin/../lib/gcc/arm-none-eabi/12.3.1/../../../../arm-none-eabi/lib/thumb/v6-m/nofp\libc_nano.a(libc_a-mallocr.o)
                              C:/CubeIDE/STM32CubeIDE_1.16.0/STM32CubeIDE/plugins/com.st.stm32cube.ide.mcu.externaltools.gnu-tools-for-stm32.12.3.rel1.win32_1.0.200.202406191623/tools/bin/../lib/gcc/arm-none-eabi/12.3.1/../../../../arm-none-eabi/lib/thumb/v6-m/nofp\libc_nano.a(libc_a-callocr.o) (_malloc_r)
C:/CubeIDE/STM32CubeIDE_1.16.0/STM32CubeIDE/plugins/com.st.stm32cube.ide.mcu.externaltools.gnu-tools-for-stm32.12.3.rel1.win32_1.0.200.202406191623/tools/bin/../lib/gcc/arm-none-eabi/12.3.1/../../../../arm-none-eabi/lib/thumb/v6-m/nofp\libc_nano.a(libc_a-mlock.o)
                              C:/CubeIDE/STM32CubeIDE_1.16.0/STM32CubeIDE/plugins/com.st.stm32cube.ide.mcu.externaltools.gnu-tools-for-stm32.12.3.rel1.win32_1.0.200.202406191623/tools/bin/../lib/gcc/arm-none-eabi/12.3.1/../../../../arm-none-eabi/lib/thumb/v6-m/nofp\libc_nano.a(libc_a-mallocr.o) (__malloc_lock)
C:/CubeIDE/STM32CubeIDE_1.16.0/STM32CubeIDE/plugins/com.st.stm32cube.ide.mcu.externaltools.gnu-tools-for-stm32.12.3.rel1.win32_1.0.200.202406191623/tools/bin/../lib/gcc/arm-none-eabi/12.3.1/../../../../arm-none-eabi/lib/thumb/v6-m/nofp\libc_nano.a(libc_a-findfp.o)
                              C:/CubeIDE/STM32CubeIDE_1.16.0/STM32CubeIDE/plugins/com.st.stm32cube.ide.mcu.externaltools.gnu-tools-for-stm32.12.3.rel1.win32_1.0.200.202406191623/tools/bin/../lib/gcc/arm-none-eabi/12.3.1/../../../../arm-none-eabi/lib/thumb/v6-m/nofp\libc_nano.a(libc_a-exit.o) (__stdio_exit_handler)
C:/CubeIDE/STM32CubeIDE_1.16.0/STM32CubeIDE/plugins/com.st.stm32cube.ide.mcu.externaltools.gnu-tools-for-stm32.12.3.rel1.win32_1.0.200.202406191623/tools/bin/../lib/gcc/arm-none-eabi/12.3.1/../../../../arm-none-eabi/lib/thumb/v6-m/nofp\libc_nano.a(libc_a-fwalk.o)
                              C:/CubeIDE/STM32CubeIDE_1.16.0/STM32CubeIDE/plugins/com.st.stm32cube.ide.mcu.externaltools.gnu-tools-for-stm32.12.3.rel1.win32_1.0.200.202406191623/tools/bin/../lib/gcc/arm-none-eabi/12.3.1/../../../../arm-none-eabi/lib/thumb/v6-m/nofp\libc_nano.a(libc_a-findfp.o) (_fwalk_sglue)
C:/CubeIDE/STM32CubeIDE_1.16.0/STM32CubeIDE/plugins/com.st.stm32cube.ide.mcu.externaltools.gnu-tools-for-stm32.12.3.rel1.win32_1.0.200.202406191623/tools/bin/../lib/gcc/arm-none-eabi/12.3.1/../../../../arm-none-eabi/lib/thumb/v6-m/nofp\libc_nano.a(libc_a-stdio.o)
                              C:/CubeIDE/STM32CubeIDE_1.16.0/STM32CubeIDE/plugins/com.st.stm32cube.ide.mcu.externaltools.gnu-tools-for-stm32.12.3.rel1.win32_1.0.200.202406191623/tools/bin/../lib/gcc/arm-none-eabi/12.3.1/../../../../arm-none-eabi/lib/thumb/v6-m/nofp\libc_nano.a(libc_a-findfp.o) (__sread)
C:/CubeIDE/STM32CubeIDE_1.16.0/STM32CubeIDE/plugins/com.st.stm32cube.ide.mcu.externaltools.gnu-tools-for-stm32.12.3.rel1.win32_1.0.200.202406191623/tools/bin/../lib/gcc/arm-none-eabi/12.3.1/../../../../arm-none-eabi/lib/thumb/v6-m/nofp\libc_nano.a(libc_a-memset.o)
                              C:/CubeIDE/STM32CubeIDE_1.16.0/STM32CubeIDE/plugins/com.st.stm32cube.ide.mcu.externaltools.gnu-tools-for-stm32.12.3.rel1.win32_1.0.200.202406191623/tools/bin/../lib/gcc/arm-none-eabi/12.3.1/../../../../arm-none-eabi/lib/thumb/v6-m/nofp/crt0.o (memset)
[...]
Memory Configuration

Name             Origin             Length             Attributes
RAM              0x200000c0         0x00001f40         xrw
FLASH            0x08002000         0x0000e000         xr
*default*        0x00000000         0xffffffff

Linker script and memory map

LOAD C:/CubeIDE/STM32CubeIDE_1.16.0/STM32CubeIDE/plugins/com.st.stm32cube.ide.mcu.externaltools.gnu-tools-for-stm32.12.3.rel1.win32_1.0.200.202406191623/tools/bin/../lib/gcc/arm-none-eabi/12.3.1/thumb/v6-m/nofp/crti.o
LOAD C:/CubeIDE/STM32CubeIDE_1.16.0/STM32CubeIDE/plugins/com.st.stm32cube.ide.mcu.externaltools.gnu-tools-for-stm32.12.3.rel1.win32_1.0.200.202406191623/tools/bin/../lib/gcc/arm-none-eabi/12.3.1/thumb/v6-m/nofp/crtbegin.o
LOAD C:/CubeIDE/STM32CubeIDE_1.16.0/STM32CubeIDE/plugins/com.st.stm32cube.ide.mcu.externaltools.gnu-tools-for-stm32.12.3.rel1.win32_1.0.200.202406191623/tools/bin/../lib/gcc/arm-none-eabi/12.3.1/../../../../arm-none-eabi/lib/thumb/v6-m/nofp/crt0.o
LOAD ./Core/Chain_Function/base_function.o
LOAD ./Core/Chain_Function/uart_function.o
LOAD ./Core/RGB/RGB.o
LOAD ./Core/Src/adc.o
LOAD ./Core/Src/dma.o
LOAD ./Core/Src/gpio.o
LOAD ./Core/Src/i2c.o
LOAD ./Core/Src/iwdg.o
LOAD ./Core/Src/main.o
LOAD ./Core/Src/stm32g0xx_hal_msp.o
LOAD ./Core/Src/stm32g0xx_it.o
LOAD ./Core/Src/syscalls.o
LOAD ./Core/Src/sysmem.o
LOAD ./Core/Src/system_stm32g0xx.o
LOAD ./Core/Src/tim.o
LOAD ./Core/Src/usart.o
LOAD ./Core/Startup/startup_stm32g031g8ux.o
LOAD ./Core/flash/myflash.o
LOAD ./Drivers/STM32G0xx_HAL_Driver/Src/stm32g0xx_hal.o
LOAD ./Drivers/STM32G0xx_HAL_Driver/Src/stm32g0xx_hal_adc.o
LOAD ./Drivers/STM32G0xx_HAL_Driver/Src/stm32g0xx_hal_adc_ex.o
LOAD ./Drivers/STM32G0xx_HAL_Driver/Src/stm32g0xx_hal_cortex.o
LOAD ./Drivers/STM32G0xx_HAL_Driver/Src/stm32g0xx_hal_dma.o
LOAD ./Drivers/STM32G0xx_HAL_Driver/Src/stm32g0xx_hal_dma_ex.o
LOAD ./Drivers/STM32G0xx_HAL_Driver/Src/stm32g0xx_hal_exti.o
LOAD ./Drivers/STM32G0xx_HAL_Driver/Src/stm32g0xx_hal_flash.o
LOAD ./Drivers/STM32G0xx_HAL_Driver/Src/stm32g0xx_hal_flash_ex.o
LOAD ./Drivers/STM32G0xx_HAL_Driver/Src/stm32g0xx_hal_gpio.o
LOAD ./Drivers/STM32G0xx_HAL_Driver/Src/stm32g0xx_hal_i2c.o
LOAD ./Drivers/STM32G0xx_HAL_Driver/Src/stm32g0xx_hal_i2c_ex.o
LOAD ./Drivers/STM32G0xx_HAL_Driver/Src/stm32g0xx_hal_pwr.o
LOAD ./Drivers/STM32G0xx_HAL_Driver/Src/stm32g0xx_hal_pwr_ex.o
LOAD ./Drivers/STM32G0xx_HAL_Driver/Src/stm32g0xx_hal_rcc.o
LOAD ./Drivers/STM32G0xx_HAL_Driver/Src/stm32g0xx_hal_rcc_ex.o
LOAD ./Drivers/STM32G0xx_HAL_Driver/Src/stm32g0xx_hal_tim.o
LOAD ./Drivers/STM32G0xx_HAL_Driver/Src/stm32g0xx_hal_tim_ex.o
LOAD ./Drivers/STM32G0xx_HAL_Driver/Src/stm32g0xx_ll_adc.o
LOAD ./Drivers/STM32G0xx_HAL_Driver/Src/stm32g0xx_ll_dma.o
LOAD ./Drivers/STM32G0xx_HAL_Driver/Src/stm32g0xx_ll_exti.o
LOAD ./Drivers/STM32G0xx_HAL_Driver/Src/stm32g0xx_ll_gpio.o
LOAD ./Drivers/STM32G0xx_HAL_Driver/Src/stm32g0xx_ll_rcc.o
LOAD ./Drivers/STM32G0xx_HAL_Driver/Src/stm32g0xx_ll_tim.o
LOAD ./Drivers/STM32G0xx_HAL_Driver/Src/stm32g0xx_ll_usart.o
LOAD ./Drivers/STM32G0xx_HAL_Driver/Src/stm32g0xx_ll_utils.o
START GROUP
LOAD C:/CubeIDE/STM32CubeIDE_1.16.0/STM32CubeIDE/plugins/com.st.stm32cube.ide.mcu.externaltools.gnu-tools-for-stm32.12.3.rel1.win32_1.0.200.202406191623/tools/bin/../lib/gcc/arm-none-eabi/12.3.1/../../../../arm-none-eabi/lib/thumb/v6-m/nofp\libc_nano.a
LOAD C:/CubeIDE/STM32CubeIDE_1.16.0/STM32CubeIDE/plugins/com.st.stm32cube.ide.mcu.externaltools.gnu-tools-for-stm32.12.3.rel1.win32_1.0.200.202406191623/tools/bin/../lib/gcc/arm-none-eabi/12.3.1/../../../../arm-none-eabi/lib/thumb/v6-m/nofp\libm.a
END GROUP
START GROUP
LOAD C:/CubeIDE/STM32CubeIDE_1.16.0/STM32CubeIDE/plugins/com.st.stm32cube.ide.mcu.externaltools.gnu-tools-for-stm32.12.3.rel1.win32_1.0.200.202406191623/tools/bin/../lib/gcc/arm-none-eabi/12.3.1/thumb/v6-m/nofp\libgcc.a
LOAD C:/CubeIDE/STM32CubeIDE_1.16.0/STM32CubeIDE/plugins/com.st.stm32cube.ide.mcu.externaltools.gnu-tools-for-stm32.12.3.rel1.win32_1.0.200.202406191623/tools/bin/../lib/gcc/arm-none-eabi/12.3.1/../../../../arm-none-eabi/lib/thumb/v6-m/nofp\libc_nano.a
END GROUP
START GROUP
LOAD C:/CubeIDE/STM32CubeIDE_1.16.0/STM32CubeIDE/plugins/com.st.stm32cube.ide.mcu.externaltools.gnu-tools-for-stm32.12.3.rel1.win32_1.0.200.202406191623/tools/bin/../lib/gcc/arm-none-eabi/12.3.1/thumb/v6-m/nofp\libgcc.a
LOAD C:/CubeIDE/STM32CubeIDE_1.16.0/STM32CubeIDE/plugins/com.st.stm32cube.ide.mcu.externaltools.gnu-tools-for-stm32.12.3.rel1.win32_1.0.200.202406191623/tools/bin/../lib/gcc/arm-none-eabi/12.3.1/../../../../arm-none-eabi/lib/thumb/v6-m/nofp\libc_nano.a
LOAD C:/CubeIDE/STM32CubeIDE_1.16.0/STM32CubeIDE/plugins/com.st.stm32cube.ide.mcu.externaltools.gnu-tools-for-stm32.12.3.rel1.win32_1.0.200.202406191623/tools/bin/../lib/gcc/arm-none-eabi/12.3.1/../../../../arm-none-eabi/lib/thumb/v6-m/nofp\libnosys.a
END GROUP
START GROUP
LOAD C:/CubeIDE/STM32CubeIDE_1.16.0/STM32CubeIDE/plugins/com.st.stm32cube.ide.mcu.externaltools.gnu-tools-for-stm32.12.3.rel1.win32_1.0.200.202406191623/tools/bin/../lib/gcc/arm-none-eabi/12.3.1/thumb/v6-m/nofp\libgcc.a
LOAD C:/CubeIDE/STM32CubeIDE_1.16.0/STM32CubeIDE/plugins/com.st.stm32cube.ide.mcu.externaltools.gnu-tools-for-stm32.12.3.rel1.win32_1.0.200.202406191623/tools/bin/../lib/gcc/arm-none-eabi/12.3.1/../../../../arm-none-eabi/lib/thumb/v6-m/nofp\libc_nano.a
LOAD C:/CubeIDE/STM32CubeIDE_1.16.0/STM32CubeIDE/plugins/com.st.stm32cube.ide.mcu.externaltools.gnu-tools-for-stm32.12.3.rel1.win32_1.0.200.202406191623/tools/bin/../lib/gcc/arm-none-eabi/12.3.1/../../../../arm-none-eabi/lib/thumb/v6-m/nofp\libnosys.a
END GROUP
LOAD C:/CubeIDE/STM32CubeIDE_1.16.0/STM32CubeIDE/plugins/com.st.stm32cube.ide.mcu.externaltools.gnu-tools-for-stm32.12.3.rel1.win32_1.0.200.202406191623/tools/bin/../lib/gcc/arm-none-eabi/12.3.1/thumb/v6-m/nofp/crtend.o
LOAD C:/CubeIDE/STM32CubeIDE_1.16.0/STM32CubeIDE/plugins/com.st.stm32cube.ide.mcu.externaltools.gnu-tools-for-stm32.12.3.rel1.win32_1.0.200.202406191623/tools/bin/../lib/gcc/arm-none-eabi/12.3.1/thumb/v6-m/nofp/crtn.o
                0x20002000                        _estack = (ORIGIN (RAM) + LENGTH (RAM))
                0x00000200                        _Min_Heap_Size = 0x200
                0x00000400                        _Min_Stack_Size = 0x400

.isr_vector     0x08002000       0xbc
                0x08002000                        . = ALIGN (0x4)
 *(.isr_vector)
 .isr_vector    0x08002000       0xbc ./Core/Startup/startup_stm32g031g8ux.o
                0x08002000                g_pfnVectors
                0x080020bc                        . = ALIGN (0x4)

.text           0x080020c0     0x74a0
                0x080020c0                        . = ALIGN (0x4)
 *(.text)
 .text          0x080020c0       0x48 C:/CubeIDE/STM32CubeIDE_1.16.0/STM32CubeIDE/plugins/com.st.stm32cube.ide.mcu.externaltools.gnu-tools-for-stm32.12.3.rel1.win32_1.0.200.202406191623/tools/bin/../lib/gcc/arm-none-eabi/12.3.1/thumb/v6-m/nofp/crtbegin.o
 .text          0x08002108      0x114 C:/CubeIDE/STM32CubeIDE_1.16.0/STM32CubeIDE/plugins/com.st.stm32cube.ide.mcu.externaltools.gnu-tools-for-stm32.12.3.rel1.win32_1.0.200.202406191623/tools/bin/../lib/gcc/arm-none-eabi/12.3.1/thumb/v6-m/nofp\libgcc.a(_udivsi3.o)
                0x08002108                __aeabi_uidiv
                0x08002108                __udivsi3
                0x08002214                __aeabi_uidivmod
 .text          0x0800221c      0x1d4 C:/CubeIDE/STM32CubeIDE_1.16.0/STM32CubeIDE/plugins/com.st.stm32cube.ide.mcu.externaltools.gnu-tools-for-stm32.12.3.rel1.win32_1.0.200.202406191623/tools/bin/../lib/gcc/arm-none-eabi/12.3.1/thumb/v6-m/nofp\libgcc.a(_divsi3.o)
                0x0800221c                __divsi3
                0x0800221c                __aeabi_idiv
                0x080023e8                __aeabi_idivmod
 .text          0x080023f0        0x4 C:/CubeIDE/STM32CubeIDE_1.16.0/STM32CubeIDE/plugins/com.st.stm32cube.ide.mcu.externaltools.gnu-tools-for-stm32.12.3.rel1.win32_1.0.200.202406191623/tools/bin/../lib/gcc/arm-none-eabi/12.3.1/thumb/v6-m/nofp\libgcc.a(_dvmd_tls.o)
                0x080023f0                __aeabi_idiv0
                0x080023f0                __aeabi_ldiv0
 .text          0x080023f4       0x3c C:/CubeIDE/STM32CubeIDE_1.16.0/STM32CubeIDE/plugins/com.st.stm32cube.ide.mcu.externaltools.gnu-tools-for-stm32.12.3.rel1.win32_1.0.200.202406191623/tools/bin/../lib/gcc/arm-none-eabi/12.3.1/thumb/v6-m/nofp\libgcc.a(_fixunsdfsi.o)
                0x080023f4                __aeabi_d2uiz
                0x080023f4                __fixunsdfsi
 .text          0x08002430      0x634 C:/CubeIDE/STM32CubeIDE_1.16.0/STM32CubeIDE/plugins/com.st.stm32cube.ide.mcu.externaltools.gnu-tools-for-stm32.12.3.rel1.win32_1.0.200.202406191623/tools/bin/../lib/gcc/arm-none-eabi/12.3.1/thumb/v6-m/nofp\libgcc.a(divdf3.o)
                0x08002430                __aeabi_ddiv
 .text          0x08002a64      0x590 C:/CubeIDE/STM32CubeIDE_1.16.0/STM32CubeIDE/plugins/com.st.stm32cube.ide.mcu.externaltools.gnu-tools-for-stm32.12.3.rel1.win32_1.0.200.202406191623/tools/bin/../lib/gcc/arm-none-eabi/12.3.1/thumb/v6-m/nofp\libgcc.a(muldf3.o)
                0x08002a64                __aeabi_dmul
 .text          0x08002ff4      0x738 C:/CubeIDE/STM32CubeIDE_1.16.0/STM32CubeIDE/plugins/com.st.stm32cube.ide.mcu.externaltools.gnu-tools-for-stm32.12.3.rel1.win32_1.0.200.202406191623/tools/bin/../lib/gcc/arm-none-eabi/12.3.1/thumb/v6-m/nofp\libgcc.a(subdf3.o)
                0x08002ff4                __aeabi_dsub
 .text          0x0800372c       0x78 C:/CubeIDE/STM32CubeIDE_1.16.0/STM32CubeIDE/plugins/com.st.stm32cube.ide.mcu.externaltools.gnu-tools-for-stm32.12.3.rel1.win32_1.0.200.202406191623/tools/bin/../lib/gcc/arm-none-eabi/12.3.1/thumb/v6-m/nofp\libgcc.a(fixdfsi.o)
                0x0800372c                __aeabi_d2iz
 .text          0x080037a4       0x5c C:/CubeIDE/STM32CubeIDE_1.16.0/STM32CubeIDE/plugins/com.st.stm32cube.ide.mcu.externaltools.gnu-tools-for-stm32.12.3.rel1.win32_1.0.200.202406191623/tools/bin/../lib/gcc/arm-none-eabi/12.3.1/thumb/v6-m/nofp\libgcc.a(floatsidf.o)
                0x080037a4                __aeabi_i2d
 .text          0x08003800       0x7c C:/CubeIDE/STM32CubeIDE_1.16.0/STM32CubeIDE/plugins/com.st.stm32cube.ide.mcu.externaltools.gnu-tools-for-stm32.12.3.rel1.win32_1.0.200.202406191623/tools/bin/../lib/gcc/arm-none-eabi/12.3.1/thumb/v6-m/nofp\libgcc.a(_arm_cmpdf2.o)
                0x08003800                __aeabi_cdrcmple
                0x08003810                __aeabi_cdcmple
                0x08003810                __aeabi_cdcmpeq
                0x08003820                __aeabi_dcmpeq
                0x0800382c                __aeabi_dcmplt
                0x08003840                __aeabi_dcmple
                0x08003854                __aeabi_dcmpgt
                0x08003868                __aeabi_dcmpge
 .text          0x0800387c       0x3c C:/CubeIDE/STM32CubeIDE_1.16.0/STM32CubeIDE/plugins/com.st.stm32cube.ide.mcu.externaltools.gnu-tools-for-stm32.12.3.rel1.win32_1.0.200.202406191623/tools/bin/../lib/gcc/arm-none-eabi/12.3.1/thumb/v6-m/nofp\libgcc.a(_clzsi2.o)
                0x0800387c                __clzsi2
 .text          0x080038b8       0x88 C:/CubeIDE/STM32CubeIDE_1.16.0/STM32CubeIDE/plugins/com.st.stm32cube.ide.mcu.externaltools.gnu-tools-for-stm32.12.3.rel1.win32_1.0.200.202406191623/tools/bin/../lib/gcc/arm-none-eabi/12.3.1/thumb/v6-m/nofp\libgcc.a(eqdf2.o)
                0x080038b8                __nedf2
                0x080038b8                __eqdf2
 .text          0x08003940       0xe8 C:/CubeIDE/STM32CubeIDE_1.16.0/STM32CubeIDE/plugins/com.st.stm32cube.ide.mcu.externaltools.gnu-tools-for-stm32.12.3.rel1.win32_1.0.200.202406191623/tools/bin/../lib/gcc/arm-none-eabi/12.3.1/thumb/v6-m/nofp\libgcc.a(gedf2.o)
                0x08003940                __gedf2
                0x08003940                __gtdf2
 .text          0x08003a28       0xe4 C:/CubeIDE/STM32CubeIDE_1.16.0/STM32CubeIDE/plugins/com.st.stm32cube.ide.mcu.externaltools.gnu-tools-for-stm32.12.3.rel1.win32_1.0.200.202406191623/tools/bin/../lib/gcc/arm-none-eabi/12.3.1/thumb/v6-m/nofp\libgcc.a(ledf2.o)
                0x08003a28                __ledf2
                0x08003a28                __ltdf2
 *(.text*)
 .text.__NVIC_SystemReset
                0x08003b0c       0x1c ./Core/Chain_Function/base_function.o
 .text.iap_gpio_init
                0x08003b28       0x38 ./Core/Chain_Function/base_function.o
 .text.add_pack_head
                0x08003b60       0x24 ./Core/Chain_Function/base_function.o
                0x08003b60                add_pack_head
 .text.add_pack_end
                0x08003b84       0x24 ./Core/Chain_Function/base_function.o
                0x08003b84                add_pack_end
 .text.head_end_check
                0x08003ba8       0x34 ./Core/Chain_Function/base_function.o
                0x08003ba8                head_end_check
 .text.crc_check
                0x08003bdc       0x32 ./Core/Chain_Function/base_function.o
                0x08003bdc                crc_check
 .text.pack_check
                0x08003c0e       0x2a ./Core/Chain_Function/base_function.o
                0x08003c0e                pack_check
 .text.crc_construct
                0x08003c38       0x1a ./Core/Chain_Function/base_function.o
                0x08003c38                crc_construct
 .text.uart_in_send
                0x08003c52        0x8 ./Core/Chain_Function/base_function.o
                0x08003c52                uart_in_send
 .text.uart_out_send
                0x08003c5a        0x8 ./Core/Chain_Function/base_function.o
                0x08003c5a                uart_out_send
 *fill*         0x08003c62        0x2 
 .text.chain_enum_handle
                0x08003c64       0x28 ./Core/Chain_Function/base_function.o
                0x08003c64                chain_enum_handle
 .text.chain_enum_return_handle
                0x08003c8c        0x8 ./Core/Chain_Function/base_function.o
                0x08003c8c                chain_enum_return_handle
 .text.chain_enum_please_handle
                0x08003c94        0x8 ./Core/Chain_Function/base_function.o
                0x08003c94                chain_enum_please_handle
 .text.chain_heartbeat_in_receive_handle
                0x08003c9c       0x10 ./Core/Chain_Function/base_function.o
                0x08003c9c                chain_heartbeat_in_receive_handle
 .text.chain_heartbeat_out_receive_handle
                0x08003cac       0x20 ./Core/Chain_Function/base_function.o
                0x08003cac                chain_heartbeat_out_receive_handle
 .text.chain_deal_data_packet_handle
                0x08003ccc       0x50 ./Core/Chain_Function/base_function.o
                0x08003ccc                chain_deal_data_packet_handle
 .text.chain_out_relay_handle
                0x08003d1c       0x16 ./Core/Chain_Function/base_function.o
                0x08003d1c                chain_out_relay_handle
 .text.chain_in_relay_handle
                0x08003d32       0x16 ./Core/Chain_Function/base_function.o
                0x08003d32                chain_in_relay_handle
 .text.chain_command_complete_return
                0x08003d48       0x94 ./Core/Chain_Function/base_function.o
                0x08003d48                chain_command_complete_return
 .text.chain_get_bootloader_version_handle
                0x08003ddc       0x14 ./Core/Chain_Function/base_function.o
                0x08003ddc                chain_get_bootloader_version_handle
 .text.chain_get_firmware_version_handle
                0x08003df0       0x14 ./Core/Chain_Function/base_function.o
                0x08003df0                chain_get_firmware_version_handle
 .text.chain_get_device_type_handle
                0x08003e04       0x14 ./Core/Chain_Function/base_function.o
                0x08003e04                chain_get_device_type_handle
 .text.chain_iap_update_handle
                0x08003e18       0x9c ./Core/Chain_Function/base_function.o
                0x08003e18                chain_iap_update_handle
 .text.clear_i2c_flag
                0x08003eb4       0x64 ./Core/Chain_Function/uart_function.o
                0x08003eb4                clear_i2c_flag
 .text.check_i2c_mode
                0x08003f18       0x20 ./Core/Chain_Function/uart_function.o
                0x08003f18                check_i2c_mode
 .text.chain_uart_i2c_init
                0x08003f38       0x68 ./Core/Chain_Function/uart_function.o
                0x08003f38                chain_uart_i2c_init
 .text.chain_i2c_read
                0x08003fa0       0xc8 ./Core/Chain_Function/uart_function.o
                0x08003fa0                chain_i2c_read
 .text.chain_i2c_write
                0x08004068       0xa4 ./Core/Chain_Function/uart_function.o
                0x08004068                chain_i2c_write
 .text.chain_i2c_mem_read
                0x0800410c       0xd8 ./Core/Chain_Function/uart_function.o
                0x0800410c                chain_i2c_mem_read
 .text.chain_i2c_mem_write
                0x080041e4       0xb4 ./Core/Chain_Function/uart_function.o
                0x080041e4                chain_i2c_mem_write
 .text.chain_get_i2c_device_addr
                0x08004298       0x94 ./Core/Chain_Function/uart_function.o
                0x08004298                chain_get_i2c_device_addr
 .text.GPIO_OUTPUT_Init
                0x0800432c       0xde ./Core/Chain_Function/uart_function.o
                0x0800432c                GPIO_OUTPUT_Init
 *fill*         0x0800440a        0x2 
 .text.chian_uart_output_init
                0x0800440c      0x118 ./Core/Chain_Function/uart_function.o
                0x0800440c                chian_uart_output_init
 .text.GPIO_INPUT_Init
                0x08004524       0x68 ./Core/Chain_Function/uart_function.o
                0x08004524                GPIO_INPUT_Init
 .text.GPIO_INPUT_DeInit
                0x0800458c        0xe ./Core/Chain_Function/uart_function.o
                0x0800458c                GPIO_INPUT_DeInit
 *fill*         0x0800459a        0x2 
 .text.chain_uart_input_init
                0x0800459c       0xdc ./Core/Chain_Function/uart_function.o
                0x0800459c                chain_uart_input_init
 .text.check_input_mode
                0x08004678       0x18 ./Core/Chain_Function/uart_function.o
                0x08004678                check_input_mode
 .text.chain_uart_read_pin_level
                0x08004690       0x80 ./Core/Chain_Function/uart_function.o
                0x08004690                chain_uart_read_pin_level
 .text.GPIO_NVIC_Init
                0x08004710       0x9e ./Core/Chain_Function/uart_function.o
                0x08004710                GPIO_NVIC_Init
 *fill*         0x080047ae        0x2 
 .text.HAL_GPIO_EXTI_Rising_Callback
                0x080047b0       0x64 ./Core/Chain_Function/uart_function.o
                0x080047b0                HAL_GPIO_EXTI_Rising_Callback
 .text.HAL_GPIO_EXTI_Falling_Callback
                0x08004814       0x64 ./Core/Chain_Function/uart_function.o
                0x08004814                HAL_GPIO_EXTI_Falling_Callback
 .text.EXTI4_15_IRQHandler
                0x08004878       0x2c ./Core/Chain_Function/uart_function.o
                0x08004878                EXTI4_15_IRQHandler
 .text.chian_uart_nvic_init
                0x080048a4       0xe8 ./Core/Chain_Function/uart_function.o
                0x080048a4                chian_uart_nvic_init
 .text.HAL_ADC_ConvCpltCallback
                0x0800498c       0xc8 ./Core/Chain_Function/uart_function.o
                0x0800498c                HAL_ADC_ConvCpltCallback
 .text.chain_uart_adc_init
                0x08004a54       0x68 ./Core/Chain_Function/uart_function.o
                0x08004a54                chain_uart_adc_init
 .text.check_adc_mode
                0x08004abc       0x20 ./Core/Chain_Function/uart_function.o
                0x08004abc                check_adc_mode
 .text.chian_uart_adc_read
                0x08004adc       0x88 ./Core/Chain_Function/uart_function.o
                0x08004adc                chian_uart_adc_read
 .text.chain_get_gpio_work_status
                0x08004b64       0x34 ./Core/Chain_Function/uart_function.o
                0x08004b64                chain_get_gpio_work_status
 .text.GPIO_init
                0x08004b98       0x28 ./Core/RGB/RGB.o
                0x08004b98                GPIO_init
 .text.rgb_send_data
                0x08004bc0      0x154 ./Core/RGB/RGB.o
                0x08004bc0                rgb_send_data
 .text.set_color
                0x08004d14       0x10 ./Core/RGB/RGB.o
                0x08004d14                set_color
 .text.rgb_show
                0x08004d24       0x80 ./Core/RGB/RGB.o
                0x08004d24                rgb_show
 .text.rgb_value_convert
                0x08004da4       0x70 ./Core/RGB/RGB.o
                0x08004da4                rgb_value_convert
 .text.rgb_init
                0x08004e14       0x78 ./Core/RGB/RGB.o
                0x08004e14                rgb_init
 .text.chain_set_rgb_value
                0x08004e8c       0x60 ./Core/RGB/RGB.o
                0x08004e8c                chain_set_rgb_value
 .text.chain_get_rgb_value
                0x08004eec       0x14 ./Core/RGB/RGB.o
                0x08004eec                chain_get_rgb_value
 .text.chain_set_light_value
                0x08004f00       0x64 ./Core/RGB/RGB.o
                0x08004f00                chain_set_light_value
 .text.chain_get_light_value
                0x08004f64       0x28 ./Core/RGB/RGB.o
                0x08004f64                chain_get_light_value
 .text.MX_ADC1_Init
                0x08004f8c       0xf8 ./Core/Src/adc.o
                0x08004f8c                MX_ADC1_Init
 .text.HAL_ADC_MspInit
                0x08005084      0x124 ./Core/Src/adc.o
                0x08005084                HAL_ADC_MspInit
 .text.HAL_ADC_MspDeInit
                0x080051a8       0x88 ./Core/Src/adc.o
                0x080051a8                HAL_ADC_MspDeInit
 .text.MX_DMA_Init
                0x08005230       0x68 ./Core/Src/dma.o
                0x08005230                MX_DMA_Init
 .text.MX_GPIO_Init
                0x08005298       0x2c ./Core/Src/gpio.o
                0x08005298                MX_GPIO_Init
 .text.HAL_I2C_MspInit
                0x080052c4       0x68 ./Core/Src/i2c.o
                0x080052c4                HAL_I2C_MspInit
 .text.MX_I2C2_Init
                0x0800532c       0x8c ./Core/Src/i2c.o
                0x0800532c                MX_I2C2_Init
 .text.HAL_I2C_MspDeInit
                0x080053b8       0x3c ./Core/Src/i2c.o
                0x080053b8                HAL_I2C_MspDeInit
 .text.MX_IWDG_Init
                0x080053f4       0x44 ./Core/Src/iwdg.o
                0x080053f4                MX_IWDG_Init
 .text.iap_set  0x08005438       0x4c ./Core/Src/main.o
                0x08005438                iap_set
 .text.chain_init
                0x08005484       0x34 ./Core/Src/main.o
                0x08005484                chain_init
 .text.Error_Handler
                0x080054b8        0x4 ./Core/Src/main.o
                0x080054b8                Error_Handler
 .text.SystemClock_Config
                0x080054bc       0x82 ./Core/Src/main.o
                0x080054bc                SystemClock_Config
 *fill*         0x0800553e        0x2 
 .text.main     0x08005540      0x1bc ./Core/Src/main.o
                0x08005540                main
 .text.HAL_MspInit
                0x080056fc       0x40 ./Core/Src/stm32g0xx_hal_msp.o
                0x080056fc                HAL_MspInit
 .text.uart_in_data_pack_type
                0x0800573c       0x2c ./Core/Src/stm32g0xx_it.o
                0x0800573c                uart_in_data_pack_type
 .text.uart_out_data_pack_type
                0x08005768       0x2a ./Core/Src/stm32g0xx_it.o
                0x08005768                uart_out_data_pack_type
 .text.NMI_Handler
                0x08005792        0x2 ./Core/Src/stm32g0xx_it.o
                0x08005792                NMI_Handler
 .text.HardFault_Handler
                0x08005794        0x2 ./Core/Src/stm32g0xx_it.o
                0x08005794                HardFault_Handler
 .text.SVC_Handler
                0x08005796        0x2 ./Core/Src/stm32g0xx_it.o
                0x08005796                SVC_Handler
 .text.PendSV_Handler
                0x08005798        0x2 ./Core/Src/stm32g0xx_it.o
                0x08005798                PendSV_Handler
 .text.SysTick_Handler
                0x0800579a        0x8 ./Core/Src/stm32g0xx_it.o
                0x0800579a                SysTick_Handler
 .text.FLASH_IRQHandler
                0x080057a2        0x8 ./Core/Src/stm32g0xx_it.o
                0x080057a2                FLASH_IRQHandler
 .text.DMA1_Channel1_IRQHandler
                0x080057aa        0x2 ./Core/Src/stm32g0xx_it.o
                0x080057aa                DMA1_Channel1_IRQHandler
 .text.DMA1_Channel2_3_IRQHandler
                0x080057ac       0x2c ./Core/Src/stm32g0xx_it.o
                0x080057ac                DMA1_Channel2_3_IRQHandler
 .text.DMA1_Ch4_5_DMAMUX1_OVR_IRQHandler
                0x080057d8       0x50 ./Core/Src/stm32g0xx_it.o
                0x080057d8                DMA1_Ch4_5_DMAMUX1_OVR_IRQHandler
 .text.TIM14_IRQHandler
                0x08005828       0x60 ./Core/Src/stm32g0xx_it.o
                0x08005828                TIM14_IRQHandler
 .text.TIM16_IRQHandler
                0x08005888       0x90 ./Core/Src/stm32g0xx_it.o
                0x08005888                TIM16_IRQHandler
 .text.USART1_IRQHandler
                0x08005918      0x104 ./Core/Src/stm32g0xx_it.o
                0x08005918                USART1_IRQHandler
 .text.USART2_IRQHandler
                0x08005a1c      0x104 ./Core/Src/stm32g0xx_it.o
                0x08005a1c                USART2_IRQHandler
 .text._sbrk    0x08005b20       0x48 ./Core/Src/sysmem.o
                0x08005b20                _sbrk
 .text.SystemInit
                0x08005b68        0x2 ./Core/Src/system_stm32g0xx.o
                0x08005b68                SystemInit
 *fill*         0x08005b6a        0x2 
 .text.MX_TIM14_Init
                0x08005b6c       0x78 ./Core/Src/tim.o
                0x08005b6c                MX_TIM14_Init
 .text.MX_TIM16_Init
                0x08005be4       0x7c ./Core/Src/tim.o
                0x08005be4                MX_TIM16_Init
 .text.usart1_hart_init
                0x08005c60       0xbc ./Core/Src/usart.o
                0x08005c60                usart1_hart_init
 .text.MX_USART1_UART_Init
                0x08005d1c      0x20c ./Core/Src/usart.o
                0x08005d1c                MX_USART1_UART_Init
 .text.usart2_hart_init
                0x08005f28       0xbc ./Core/Src/usart.o
                0x08005f28                usart2_hart_init
 .text.MX_USART2_UART_Init
                0x08005fe4      0x1b0 ./Core/Src/usart.o
                0x08005fe4                MX_USART2_UART_Init
 .text.usart1_transmit_dma
                0x08006194       0x30 ./Core/Src/usart.o
                0x08006194                usart1_transmit_dma
 .text.usart2_transmit_dma
                0x080061c4       0x30 ./Core/Src/usart.o
                0x080061c4                usart2_transmit_dma
 .text.Reset_Handler
                0x080061f4       0x50 ./Core/Startup/startup_stm32g031g8ux.o
                0x080061f4                Reset_Handler
 .text.Default_Handler
                0x08006244        0x2 ./Core/Startup/startup_stm32g031g8ux.o
                0x08006244                TIM1_CC_IRQHandler
                0x08006244                PVD_IRQHandler
                0x08006244                I2C1_IRQHandler
                0x08006244                LPTIM2_IRQHandler
                0x08006244                RTC_TAMP_IRQHandler
                0x08006244                SPI1_IRQHandler
                0x08006244                EXTI2_3_IRQHandler
                0x08006244                ADC1_IRQHandler
                0x08006244                I2C2_IRQHandler
                0x08006244                TIM17_IRQHandler
                0x08006244                TIM3_IRQHandler
                0x08006244                RCC_IRQHandler
                0x08006244                Default_Handler
                0x08006244                EXTI0_1_IRQHandler
                0x08006244                SPI2_IRQHandler
                0x08006244                WWDG_IRQHandler
                0x08006244                LPUART1_IRQHandler
                0x08006244                TIM2_IRQHandler
                0x08006244                TIM1_BRK_UP_TRG_COM_IRQHandler
                0x08006244                LPTIM1_IRQHandler
 .text.get_page
                0x08006246        0xc ./Core/flash/myflash.o
 .text.set_byte_in_uint64
                0x08006252       0x4c ./Core/flash/myflash.o
 .text.my_flash_read_double_word
                0x0800629e        0x6 ./Core/flash/myflash.o
 .text.my_flash_earse_pages
                0x080062a4       0x32 ./Core/flash/myflash.o
 .text.my_flash_write_double_word
                0x080062d6       0x26 ./Core/flash/myflash.o
 .text.get_rgb_light
                0x080062fc        0xc ./Core/flash/myflash.o
                0x080062fc                get_rgb_light
 .text.set_rgb_light
                0x08006308       0x44 ./Core/flash/myflash.o
                0x08006308                set_rgb_light
 .text.get_bootloader_version
                0x0800634c        0xc ./Core/flash/myflash.o
                0x0800634c                get_bootloader_version
 .text.HAL_InitTick
                0x08006358       0x58 ./Drivers/STM32G0xx_HAL_Driver/Src/stm32g0xx_hal.o
                0x08006358                HAL_InitTick
 .text.HAL_Init
                0x080063b0       0x28 ./Drivers/STM32G0xx_HAL_Driver/Src/stm32g0xx_hal.o
                0x080063b0                HAL_Init
 .text.HAL_IncTick
                0x080063d8       0x18 ./Drivers/STM32G0xx_HAL_Driver/Src/stm32g0xx_hal.o
                0x080063d8                HAL_IncTick
 .text.HAL_GetTick
                0x080063f0        0xc ./Drivers/STM32G0xx_HAL_Driver/Src/stm32g0xx_hal.o
                0x080063f0                HAL_GetTick
 .text.HAL_Delay
                0x080063fc       0x24 ./Drivers/STM32G0xx_HAL_Driver/Src/stm32g0xx_hal.o
                0x080063fc                HAL_Delay
 .text.HAL_ADC_Init
                0x08006420      0x244 ./Drivers/STM32G0xx_HAL_Driver/Src/stm32g0xx_hal_adc.o
                0x08006420                HAL_ADC_Init
 .text.HAL_ADC_ConvHalfCpltCallback
                0x08006664        0x2 ./Drivers/STM32G0xx_HAL_Driver/Src/stm32g0xx_hal_adc.o
                0x08006664                HAL_ADC_ConvHalfCpltCallback
 .text.ADC_DMAHalfConvCplt
                0x08006666        0xa ./Drivers/STM32G0xx_HAL_Driver/Src/stm32g0xx_hal_adc.o
 .text.HAL_ADC_ErrorCallback
                0x08006670        0x2 ./Drivers/STM32G0xx_HAL_Driver/Src/stm32g0xx_hal_adc.o
                0x08006670                HAL_ADC_ErrorCallback
 .text.ADC_DMAError
                0x08006672       0x1a ./Drivers/STM32G0xx_HAL_Driver/Src/stm32g0xx_hal_adc.o
 .text.ADC_DMAConvCplt
                0x0800668c       0x80 ./Drivers/STM32G0xx_HAL_Driver/Src/stm32g0xx_hal_adc.o
 .text.HAL_ADC_ConfigChannel
                0x0800670c      0x2a0 ./Drivers/STM32G0xx_HAL_Driver/Src/stm32g0xx_hal_adc.o
                0x0800670c                HAL_ADC_ConfigChannel
 .text.ADC_ConversionStop
                0x080069ac       0x60 ./Drivers/STM32G0xx_HAL_Driver/Src/stm32g0xx_hal_adc.o
                0x080069ac                ADC_ConversionStop
 .text.ADC_Enable
                0x08006a0c       0xcc ./Drivers/STM32G0xx_HAL_Driver/Src/stm32g0xx_hal_adc.o
                0x08006a0c                ADC_Enable
 .text.HAL_ADC_Start_DMA
                0x08006ad8       0xbc ./Drivers/STM32G0xx_HAL_Driver/Src/stm32g0xx_hal_adc.o
                0x08006ad8                HAL_ADC_Start_DMA
 .text.ADC_Disable
                0x08006b94       0x94 ./Drivers/STM32G0xx_HAL_Driver/Src/stm32g0xx_hal_adc.o
                0x08006b94                ADC_Disable
 .text.HAL_ADC_DeInit
                0x08006c28       0xc0 ./Drivers/STM32G0xx_HAL_Driver/Src/stm32g0xx_hal_adc.o
                0x08006c28                HAL_ADC_DeInit
 .text.HAL_ADCEx_Calibration_Start
                0x08006ce8      0x178 ./Drivers/STM32G0xx_HAL_Driver/Src/stm32g0xx_hal_adc_ex.o
                0x08006ce8                HAL_ADCEx_Calibration_Start
 .text.__NVIC_SetPriority
                0x08006e60       0x60 ./Drivers/STM32G0xx_HAL_Driver/Src/stm32g0xx_hal_cortex.o
 .text.SysTick_Config
                0x08006ec0       0x38 ./Drivers/STM32G0xx_HAL_Driver/Src/stm32g0xx_hal_cortex.o
 .text.HAL_NVIC_SetPriority
                0x08006ef8        0x8 ./Drivers/STM32G0xx_HAL_Driver/Src/stm32g0xx_hal_cortex.o
                0x08006ef8                HAL_NVIC_SetPriority
 .text.HAL_NVIC_EnableIRQ
                0x08006f00       0x18 ./Drivers/STM32G0xx_HAL_Driver/Src/stm32g0xx_hal_cortex.o
                0x08006f00                HAL_NVIC_EnableIRQ
 .text.HAL_SYSTICK_Config
                0x08006f18        0x8 ./Drivers/STM32G0xx_HAL_Driver/Src/stm32g0xx_hal_cortex.o
                0x08006f18                HAL_SYSTICK_Config
 .text.DMA_SetConfig
                0x08006f20       0x48 ./Drivers/STM32G0xx_HAL_Driver/Src/stm32g0xx_hal_dma.o
 .text.DMA_CalcDMAMUXChannelBaseAndMask
                0x08006f68       0x38 ./Drivers/STM32G0xx_HAL_Driver/Src/stm32g0xx_hal_dma.o
 .text.DMA_CalcDMAMUXRequestGenBaseAndMask
                0x08006fa0       0x28 ./Drivers/STM32G0xx_HAL_Driver/Src/stm32g0xx_hal_dma.o
 .text.HAL_DMA_Init
                0x08006fc8       0xb0 ./Drivers/STM32G0xx_HAL_Driver/Src/stm32g0xx_hal_dma.o
                0x08006fc8                HAL_DMA_Init
 .text.HAL_DMA_DeInit
                0x08007078       0x8c ./Drivers/STM32G0xx_HAL_Driver/Src/stm32g0xx_hal_dma.o
                0x08007078                HAL_DMA_DeInit
 .text.HAL_DMA_Start_IT
                0x08007104       0x9c ./Drivers/STM32G0xx_HAL_Driver/Src/stm32g0xx_hal_dma.o
                0x08007104                HAL_DMA_Start_IT
 .text.HAL_DMA_IRQHandler
                0x080071a0       0xcc ./Drivers/STM32G0xx_HAL_Driver/Src/stm32g0xx_hal_dma.o
                0x080071a0                HAL_DMA_IRQHandler
 .text.FLASH_Program_DoubleWord
                0x0800726c       0x1c ./Drivers/STM32G0xx_HAL_Driver/Src/stm32g0xx_hal_flash.o
 .text.HAL_FLASH_EndOfOperationCallback
                0x08007288        0x2 ./Drivers/STM32G0xx_HAL_Driver/Src/stm32g0xx_hal_flash.o
                0x08007288                HAL_FLASH_EndOfOperationCallback
 .text.HAL_FLASH_OperationErrorCallback
                0x0800728a        0x2 ./Drivers/STM32G0xx_HAL_Driver/Src/stm32g0xx_hal_flash.o
                0x0800728a                HAL_FLASH_OperationErrorCallback
 .text.HAL_FLASH_IRQHandler
                0x0800728c       0xc0 ./Drivers/STM32G0xx_HAL_Driver/Src/stm32g0xx_hal_flash.o
                0x0800728c                HAL_FLASH_IRQHandler
 .text.HAL_FLASH_Unlock
                0x0800734c       0x30 ./Drivers/STM32G0xx_HAL_Driver/Src/stm32g0xx_hal_flash.o
                0x0800734c                HAL_FLASH_Unlock
 .text.FLASH_WaitForLastOperation
                0x0800737c       0x6c ./Drivers/STM32G0xx_HAL_Driver/Src/stm32g0xx_hal_flash.o
                0x0800737c                FLASH_WaitForLastOperation
 .text.HAL_FLASH_Program
                0x080073e8       0x64 ./Drivers/STM32G0xx_HAL_Driver/Src/stm32g0xx_hal_flash.o
                0x080073e8                HAL_FLASH_Program
 .text.HAL_FLASH_Lock
                0x0800744c       0x28 ./Drivers/STM32G0xx_HAL_Driver/Src/stm32g0xx_hal_flash.o
                0x0800744c                HAL_FLASH_Lock
 .text.FLASH_MassErase
                0x08007474       0x14 ./Drivers/STM32G0xx_HAL_Driver/Src/stm32g0xx_hal_flash_ex.o
 .text.FLASH_PageErase
                0x08007488       0x20 ./Drivers/STM32G0xx_HAL_Driver/Src/stm32g0xx_hal_flash_ex.o
                0x08007488                FLASH_PageErase
 .text.HAL_FLASHEx_Erase
                0x080074a8       0x88 ./Drivers/STM32G0xx_HAL_Driver/Src/stm32g0xx_hal_flash_ex.o
                0x080074a8                HAL_FLASHEx_Erase
 .text.HAL_GPIO_Init
                0x08007530      0x174 ./Drivers/STM32G0xx_HAL_Driver/Src/stm32g0xx_hal_gpio.o
                0x08007530                HAL_GPIO_Init
 .text.HAL_GPIO_DeInit
                0x080076a4      0x100 ./Drivers/STM32G0xx_HAL_Driver/Src/stm32g0xx_hal_gpio.o
                0x080076a4                HAL_GPIO_DeInit
 .text.HAL_GPIO_ReadPin
                0x080077a4        0xe ./Drivers/STM32G0xx_HAL_Driver/Src/stm32g0xx_hal_gpio.o
                0x080077a4                HAL_GPIO_ReadPin
 *fill*         0x080077b2        0x2 
 .text.HAL_GPIO_EXTI_IRQHandler
                0x080077b4       0x30 ./Drivers/STM32G0xx_HAL_Driver/Src/stm32g0xx_hal_gpio.o
                0x080077b4                HAL_GPIO_EXTI_IRQHandler
 .text.I2C_Flush_TXDR
                0x080077e4       0x1e ./Drivers/STM32G0xx_HAL_Driver/Src/stm32g0xx_hal_i2c.o
 *fill*         0x08007802        0x2 
 .text.I2C_TransferConfig
                0x08007804       0x34 ./Drivers/STM32G0xx_HAL_Driver/Src/stm32g0xx_hal_i2c.o
 .text.I2C_IsErrorOccurred
                0x08007838      0x118 ./Drivers/STM32G0xx_HAL_Driver/Src/stm32g0xx_hal_i2c.o
 .text.I2C_WaitOnTXISFlagUntilTimeout
                0x08007950       0x5a ./Drivers/STM32G0xx_HAL_Driver/Src/stm32g0xx_hal_i2c.o
 .text.I2C_WaitOnFlagUntilTimeout
                0x080079aa       0x8a ./Drivers/STM32G0xx_HAL_Driver/Src/stm32g0xx_hal_i2c.o
 .text.I2C_RequestMemoryWrite
                0x08007a34       0x78 ./Drivers/STM32G0xx_HAL_Driver/Src/stm32g0xx_hal_i2c.o
 .text.I2C_RequestMemoryRead
                0x08007aac       0x74 ./Drivers/STM32G0xx_HAL_Driver/Src/stm32g0xx_hal_i2c.o
 .text.I2C_WaitOnSTOPFlagUntilTimeout
                0x08007b20       0x5a ./Drivers/STM32G0xx_HAL_Driver/Src/stm32g0xx_hal_i2c.o
 *fill*         0x08007b7a        0x2 
 .text.I2C_WaitOnRXNEFlagUntilTimeout
                0x08007b7c       0xa0 ./Drivers/STM32G0xx_HAL_Driver/Src/stm32g0xx_hal_i2c.o
 .text.HAL_I2C_Init
                0x08007c1c       0xdc ./Drivers/STM32G0xx_HAL_Driver/Src/stm32g0xx_hal_i2c.o
                0x08007c1c                HAL_I2C_Init
 .text.HAL_I2C_DeInit
                0x08007cf8       0x32 ./Drivers/STM32G0xx_HAL_Driver/Src/stm32g0xx_hal_i2c.o
                0x08007cf8                HAL_I2C_DeInit
 *fill*         0x08007d2a        0x2 
 .text.HAL_I2C_Master_Transmit
                0x08007d2c      0x198 ./Drivers/STM32G0xx_HAL_Driver/Src/stm32g0xx_hal_i2c.o
                0x08007d2c                HAL_I2C_Master_Transmit
 .text.HAL_I2C_Master_Receive
                0x08007ec4      0x174 ./Drivers/STM32G0xx_HAL_Driver/Src/stm32g0xx_hal_i2c.o
                0x08007ec4                HAL_I2C_Master_Receive
 .text.HAL_I2C_Mem_Write
                0x08008038      0x1a0 ./Drivers/STM32G0xx_HAL_Driver/Src/stm32g0xx_hal_i2c.o
                0x08008038                HAL_I2C_Mem_Write
 .text.HAL_I2C_Mem_Read
                0x080081d8      0x1a8 ./Drivers/STM32G0xx_HAL_Driver/Src/stm32g0xx_hal_i2c.o
                0x080081d8                HAL_I2C_Mem_Read
 .text.HAL_I2C_IsDeviceReady
                0x08008380      0x15c ./Drivers/STM32G0xx_HAL_Driver/Src/stm32g0xx_hal_i2c.o
                0x08008380                HAL_I2C_IsDeviceReady
 .text.HAL_I2CEx_ConfigAnalogFilter
                0x080084dc       0x58 ./Drivers/STM32G0xx_HAL_Driver/Src/stm32g0xx_hal_i2c_ex.o
                0x080084dc                HAL_I2CEx_ConfigAnalogFilter
 .text.HAL_I2CEx_ConfigDigitalFilter
                0x08008534       0x54 ./Drivers/STM32G0xx_HAL_Driver/Src/stm32g0xx_hal_i2c_ex.o
                0x08008534                HAL_I2CEx_ConfigDigitalFilter
 .text.HAL_PWREx_ControlVoltageScaling
                0x08008588       0x54 ./Drivers/STM32G0xx_HAL_Driver/Src/stm32g0xx_hal_pwr_ex.o
                0x08008588                HAL_PWREx_ControlVoltageScaling
 .text.HAL_RCC_OscConfig
                0x080085dc      0x4b8 ./Drivers/STM32G0xx_HAL_Driver/Src/stm32g0xx_hal_rcc.o
                0x080085dc                HAL_RCC_OscConfig
 .text.HAL_RCC_GetSysClockFreq
                0x08008a94       0xb8 ./Drivers/STM32G0xx_HAL_Driver/Src/stm32g0xx_hal_rcc.o
                0x08008a94                HAL_RCC_GetSysClockFreq
 .text.HAL_RCC_ClockConfig
                0x08008b4c      0x18c ./Drivers/STM32G0xx_HAL_Driver/Src/stm32g0xx_hal_rcc.o
                0x08008b4c                HAL_RCC_ClockConfig
 .text.HAL_RCCEx_PeriphCLKConfig
                0x08008cd8      0x1f4 ./Drivers/STM32G0xx_HAL_Driver/Src/stm32g0xx_hal_rcc_ex.o
                0x08008cd8                HAL_RCCEx_PeriphCLKConfig
 .text.LL_GPIO_Init
                0x08008ecc       0xb6 ./Drivers/STM32G0xx_HAL_Driver/Src/stm32g0xx_ll_gpio.o
                0x08008ecc                LL_GPIO_Init
 *fill*         0x08008f82        0x2 
 .text.RCC_GetHCLKClockFreq
                0x08008f84       0x20 ./Drivers/STM32G0xx_HAL_Driver/Src/stm32g0xx_ll_rcc.o
 .text.RCC_GetPCLK1ClockFreq
                0x08008fa4       0x20 ./Drivers/STM32G0xx_HAL_Driver/Src/stm32g0xx_ll_rcc.o
 .text.RCC_PLL_GetFreqDomain_SYS
                0x08008fc4       0x48 ./Drivers/STM32G0xx_HAL_Driver/Src/stm32g0xx_ll_rcc.o
 .text.RCC_GetSystemClockFreq
                0x0800900c       0x38 ./Drivers/STM32G0xx_HAL_Driver/Src/stm32g0xx_ll_rcc.o
 .text.LL_RCC_GetSystemClocksFreq
                0x08009044       0x18 ./Drivers/STM32G0xx_HAL_Driver/Src/stm32g0xx_ll_rcc.o
                0x08009044                LL_RCC_GetSystemClocksFreq
 .text.LL_RCC_GetUSARTClockFreq
                0x0800905c       0x78 ./Drivers/STM32G0xx_HAL_Driver/Src/stm32g0xx_ll_rcc.o
                0x0800905c                LL_RCC_GetUSARTClockFreq
 .text.LL_TIM_Init
                0x080090d4       0x90 ./Drivers/STM32G0xx_HAL_Driver/Src/stm32g0xx_ll_tim.o
                0x080090d4                LL_TIM_Init
 .text.LL_USART_SetBaudRate
                0x08009164       0x70 ./Drivers/STM32G0xx_HAL_Driver/Src/stm32g0xx_ll_usart.o
 .text.LL_USART_DeInit
                0x080091d4       0x54 ./Drivers/STM32G0xx_HAL_Driver/Src/stm32g0xx_ll_usart.o
                0x080091d4                LL_USART_DeInit
 .text.LL_USART_Init
                0x08009228       0xac ./Drivers/STM32G0xx_HAL_Driver/Src/stm32g0xx_ll_usart.o
                0x08009228                LL_USART_Init
 .text.calloc   0x080092d4       0x14 C:/CubeIDE/STM32CubeIDE_1.16.0/STM32CubeIDE/plugins/com.st.stm32cube.ide.mcu.externaltools.gnu-tools-for-stm32.12.3.rel1.win32_1.0.200.202406191623/tools/bin/../lib/gcc/arm-none-eabi/12.3.1/../../../../arm-none-eabi/lib/thumb/v6-m/nofp\libc_nano.a(libc_a-calloc.o)
                0x080092d4                calloc
 .text._calloc_r
                0x080092e8       0x5a C:/CubeIDE/STM32CubeIDE_1.16.0/STM32CubeIDE/plugins/com.st.stm32cube.ide.mcu.externaltools.gnu-tools-for-stm32.12.3.rel1.win32_1.0.200.202406191623/tools/bin/../lib/gcc/arm-none-eabi/12.3.1/../../../../arm-none-eabi/lib/thumb/v6-m/nofp\libc_nano.a(libc_a-callocr.o)
                0x080092e8                _calloc_r
 *fill*         0x08009342        0x2 
 .text.sbrk_aligned
                0x08009344       0x44 C:/CubeIDE/STM32CubeIDE_1.16.0/STM32CubeIDE/plugins/com.st.stm32cube.ide.mcu.externaltools.gnu-tools-for-stm32.12.3.rel1.win32_1.0.200.202406191623/tools/bin/../lib/gcc/arm-none-eabi/12.3.1/../../../../arm-none-eabi/lib/thumb/v6-m/nofp\libc_nano.a(libc_a-mallocr.o)
 .text._malloc_r
                0x08009388      0x100 C:/CubeIDE/STM32CubeIDE_1.16.0/STM32CubeIDE/plugins/com.st.stm32cube.ide.mcu.externaltools.gnu-tools-for-stm32.12.3.rel1.win32_1.0.200.202406191623/tools/bin/../lib/gcc/arm-none-eabi/12.3.1/../../../../arm-none-eabi/lib/thumb/v6-m/nofp\libc_nano.a(libc_a-mallocr.o)
                0x08009388                _malloc_r
 .text.__malloc_lock
                0x08009488       0x10 C:/CubeIDE/STM32CubeIDE_1.16.0/STM32CubeIDE/plugins/com.st.stm32cube.ide.mcu.externaltools.gnu-tools-for-stm32.12.3.rel1.win32_1.0.200.202406191623/tools/bin/../lib/gcc/arm-none-eabi/12.3.1/../../../../arm-none-eabi/lib/thumb/v6-m/nofp\libc_nano.a(libc_a-mlock.o)
                0x08009488                __malloc_lock
 .text.__malloc_unlock
                0x08009498       0x10 C:/CubeIDE/STM32CubeIDE_1.16.0/STM32CubeIDE/plugins/com.st.stm32cube.ide.mcu.externaltools.gnu-tools-for-stm32.12.3.rel1.win32_1.0.200.202406191623/tools/bin/../lib/gcc/arm-none-eabi/12.3.1/../../../../arm-none-eabi/lib/thumb/v6-m/nofp\libc_nano.a(libc_a-mlock.o)
                0x08009498                __malloc_unlock
 .text.memset   0x080094a8       0x10 C:/CubeIDE/STM32CubeIDE_1.16.0/STM32CubeIDE/plugins/com.st.stm32cube.ide.mcu.externaltools.gnu-tools-for-stm32.12.3.rel1.win32_1.0.200.202406191623/tools/bin/../lib/gcc/arm-none-eabi/12.3.1/../../../../arm-none-eabi/lib/thumb/v6-m/nofp\libc_nano.a(libc_a-memset.o)
                0x080094a8                memset
 .text._sbrk_r  0x080094b8       0x24 C:/CubeIDE/STM32CubeIDE_1.16.0/STM32CubeIDE/plugins/com.st.stm32cube.ide.mcu.externaltools.gnu-tools-for-stm32.12.3.rel1.win32_1.0.200.202406191623/tools/bin/../lib/gcc/arm-none-eabi/12.3.1/../../../../arm-none-eabi/lib/thumb/v6-m/nofp\libc_nano.a(libc_a-sbrkr.o)
                0x080094b8                _sbrk_r
 .text.__errno  0x080094dc        0xc C:/CubeIDE/STM32CubeIDE_1.16.0/STM32CubeIDE/plugins/com.st.stm32cube.ide.mcu.externaltools.gnu-tools-for-stm32.12.3.rel1.win32_1.0.200.202406191623/tools/bin/../lib/gcc/arm-none-eabi/12.3.1/../../../../arm-none-eabi/lib/thumb/v6-m/nofp\libc_nano.a(libc_a-errno.o)
                0x080094dc                __errno
 .text.__libc_init_array
                0x080094e8       0x48 C:/CubeIDE/STM32CubeIDE_1.16.0/STM32CubeIDE/plugins/com.st.stm32cube.ide.mcu.externaltools.gnu-tools-for-stm32.12.3.rel1.win32_1.0.200.202406191623/tools/bin/../lib/gcc/arm-none-eabi/12.3.1/../../../../arm-none-eabi/lib/thumb/v6-m/nofp\libc_nano.a(libc_a-init.o)
                0x080094e8                __libc_init_array
 .text.__retarget_lock_acquire_recursive
                0x08009530        0x2 C:/CubeIDE/STM32CubeIDE_1.16.0/STM32CubeIDE/plugins/com.st.stm32cube.ide.mcu.externaltools.gnu-tools-for-stm32.12.3.rel1.win32_1.0.200.202406191623/tools/bin/../lib/gcc/arm-none-eabi/12.3.1/../../../../arm-none-eabi/lib/thumb/v6-m/nofp\libc_nano.a(libc_a-lock.o)
                0x08009530                __retarget_lock_acquire_recursive
 .text.__retarget_lock_release_recursive
                0x08009532        0x2 C:/CubeIDE/STM32CubeIDE_1.16.0/STM32CubeIDE/plugins/com.st.stm32cube.ide.mcu.externaltools.gnu-tools-for-stm32.12.3.rel1.win32_1.0.200.202406191623/tools/bin/../lib/gcc/arm-none-eabi/12.3.1/../../../../arm-none-eabi/lib/thumb/v6-m/nofp\libc_nano.a(libc_a-lock.o)
                0x08009532                __retarget_lock_release_recursive
 *(.glue_7)
 .glue_7        0x08009534        0x0 linker stubs
 *(.glue_7t)
 .glue_7t       0x08009534        0x0 linker stubs
 *(.eh_frame)
 .eh_frame      0x08009534        0x0 C:/CubeIDE/STM32CubeIDE_1.16.0/STM32CubeIDE/plugins/com.st.stm32cube.ide.mcu.externaltools.gnu-tools-for-stm32.12.3.rel1.win32_1.0.200.202406191623/tools/bin/../lib/gcc/arm-none-eabi/12.3.1/thumb/v6-m/nofp/crtbegin.o
 *(.init)
 .init          0x08009534        0x4 C:/CubeIDE/STM32CubeIDE_1.16.0/STM32CubeIDE/plugins/com.st.stm32cube.ide.mcu.externaltools.gnu-tools-for-stm32.12.3.rel1.win32_1.0.200.202406191623/tools/bin/../lib/gcc/arm-none-eabi/12.3.1/thumb/v6-m/nofp/crti.o
                0x08009534                _init
 .init          0x08009538        0x8 C:/CubeIDE/STM32CubeIDE_1.16.0/STM32CubeIDE/plugins/com.st.stm32cube.ide.mcu.externaltools.gnu-tools-for-stm32.12.3.rel1.win32_1.0.200.202406191623/tools/bin/../lib/gcc/arm-none-eabi/12.3.1/thumb/v6-m/nofp/crtn.o
 *(.fini)
 .fini          0x08009540        0x4 C:/CubeIDE/STM32CubeIDE_1.16.0/STM32CubeIDE/plugins/com.st.stm32cube.ide.mcu.externaltools.gnu-tools-for-stm32.12.3.rel1.win32_1.0.200.202406191623/tools/bin/../lib/gcc/arm-none-eabi/12.3.1/thumb/v6-m/nofp/crti.o
                0x08009540                _fini
 .fini          0x08009544        0x8 C:/CubeIDE/STM32CubeIDE_1.16.0/STM32CubeIDE/plugins/com.st.stm32cube.ide.mcu.externaltools.gnu-tools-for-stm32.12.3.rel1.win32_1.0.200.202406191623/tools/bin/../lib/gcc/arm-none-eabi/12.3.1/thumb/v6-m/nofp/crtn.o
 *fill*         0x0800954c        0x4 
 .fini.__stub   0x08009550       0x10 linker stubs
                0x08009560                        . = ALIGN (0x4)
                0x08009560                        _etext = .

.vfp11_veneer   0x08009560        0x0
 .vfp11_veneer  0x08009560        0x0 linker stubs

.v4_bx          0x08009560        0x0
 .v4_bx         0x08009560        0x0 linker stubs

.iplt           0x08009560        0x0
 .iplt          0x08009560        0x0 C:/CubeIDE/STM32CubeIDE_1.16.0/STM32CubeIDE/plugins/com.st.stm32cube.ide.mcu.externaltools.gnu-tools-for-stm32.12.3.rel1.win32_1.0.200.202406191623/tools/bin/../lib/gcc/arm-none-eabi/12.3.1/thumb/v6-m/nofp/crtbegin.o

.rodata         0x08009560      0x258
                0x08009560                        . = ALIGN (0x4)
 *(.rodata)
 .rodata        0x08009560        0x3 ./Core/RGB/RGB.o
 *fill*         0x08009563        0x1 
 .rodata        0x08009564       0x40 C:/CubeIDE/STM32CubeIDE_1.16.0/STM32CubeIDE/plugins/com.st.stm32cube.ide.mcu.externaltools.gnu-tools-for-stm32.12.3.rel1.win32_1.0.200.202406191623/tools/bin/../lib/gcc/arm-none-eabi/12.3.1/thumb/v6-m/nofp\libgcc.a(divdf3.o)
 *(.rodata*)
 .rodata.main   0x080095a4      0x184 ./Core/Src/main.o
 .rodata.APBPrescTable
                0x08009728       0x20 ./Core/Src/system_stm32g0xx.o
                0x08009728                APBPrescTable
 .rodata.AHBPrescTable
                0x08009748       0x40 ./Core/Src/system_stm32g0xx.o
                0x08009748                AHBPrescTable
 .rodata.USART_PRESCALER_TAB
                0x08009788       0x30 ./Drivers/STM32G0xx_HAL_Driver/Src/stm32g0xx_ll_usart.o
                0x080097b8                        . = ALIGN (0x4)

.ARM.extab      0x080097b8        0x0
                0x080097b8                        . = ALIGN (0x4)
 *(.ARM.extab* .gnu.linkonce.armextab.*)
                0x080097b8                        . = ALIGN (0x4)

.ARM            0x080097b8        0x0
                0x080097b8                        . = ALIGN (0x4)
                0x080097b8                        __exidx_start = .
 *(.ARM.exidx*)
                0x080097b8                        __exidx_end = .
                0x080097b8                        . = ALIGN (0x4)

.preinit_array  0x080097b8        0x0
                0x080097b8                        . = ALIGN (0x4)
                0x080097b8                        PROVIDE (__preinit_array_start = .)
 *(.preinit_array*)
                0x080097b8                        PROVIDE (__preinit_array_end = .)
                0x080097b8                        . = ALIGN (0x4)

.init_array     0x080097b8        0x4
                0x080097b8                        . = ALIGN (0x4)
                0x080097b8                        PROVIDE (__init_array_start = .)
 *(SORT_BY_NAME(.init_array.*))
 *(.init_array*)
 .init_array    0x080097b8        0x4 C:/CubeIDE/STM32CubeIDE_1.16.0/STM32CubeIDE/plugins/com.st.stm32cube.ide.mcu.externaltools.gnu-tools-for-stm32.12.3.rel1.win32_1.0.200.202406191623/tools/bin/../lib/gcc/arm-none-eabi/12.3.1/thumb/v6-m/nofp/crtbegin.o
                0x080097bc                        PROVIDE (__init_array_end = .)
                0x080097bc                        . = ALIGN (0x4)

.fini_array     0x080097bc        0x4
                0x080097bc                        . = ALIGN (0x4)
                [!provide]                        PROVIDE (__fini_array_start = .)
 *(SORT_BY_NAME(.fini_array.*))
 *(.fini_array*)
 .fini_array    0x080097bc        0x4 C:/CubeIDE/STM32CubeIDE_1.16.0/STM32CubeIDE/plugins/com.st.stm32cube.ide.mcu.externaltools.gnu-tools-for-stm32.12.3.rel1.win32_1.0.200.202406191623/tools/bin/../lib/gcc/arm-none-eabi/12.3.1/thumb/v6-m/nofp/crtbegin.o
                [!provide]                        PROVIDE (__fini_array_end = .)
                0x080097c0                        . = ALIGN (0x4)
                0x080097c0                        _sidata = LOADADDR (.data)

.rel.dyn        0x080097c0        0x0
 .rel.iplt      0x080097c0        0x0 C:/CubeIDE/STM32CubeIDE_1.16.0/STM32CubeIDE/plugins/com.st.stm32cube.ide.mcu.externaltools.gnu-tools-for-stm32.12.3.rel1.win32_1.0.200.202406191623/tools/bin/../lib/gcc/arm-none-eabi/12.3.1/thumb/v6-m/nofp/crtbegin.o

.data           0x200000c0       0xb0 load address 0x080097c0
                0x200000c0                        . = ALIGN (0x4)
                0x200000c0                        _sdata = .
 *(.data)
 *(.data*)
 .data.g_firmware_version
                0x200000c0        0x1 ./Core/Src/main.o
                0x200000c0                g_firmware_version
 .data.g_tail_status
                0x200000c1        0x1 ./Core/Src/main.o
                0x200000c1                g_tail_status
 .data.g_uart_out_transmit_commplete
                0x200000c2        0x1 ./Core/Src/main.o
                0x200000c2                g_uart_out_transmit_commplete
 .data.g_uart_in_transmit_commplete
                0x200000c3        0x1 ./Core/Src/main.o
                0x200000c3                g_uart_in_transmit_commplete
 .data.g_heartbeat_data_pack_buf
                0x200000c4        0x9 ./Core/Src/stm32g0xx_it.o
                0x200000c4                g_heartbeat_data_pack_buf
 *fill*         0x200000cd        0x3 
 .data.s_enum_please_data_packet_buf
                0x200000d0        0x9 ./Core/Src/stm32g0xx_it.o
 .data.s_enum_please_nums
                0x200000d9        0x1 ./Core/Src/stm32g0xx_it.o
 *fill*         0x200000da        0x2 
 .data.SystemCoreClock
                0x200000dc        0x4 ./Core/Src/system_stm32g0xx.o
                0x200000dc                SystemCoreClock
 .data.uwTickFreq
                0x200000e0        0x1 ./Drivers/STM32G0xx_HAL_Driver/Src/stm32g0xx_hal.o
                0x200000e0                uwTickFreq
 *fill*         0x200000e1        0x3 
 .data.uwTickPrio
                0x200000e4        0x4 ./Drivers/STM32G0xx_HAL_Driver/Src/stm32g0xx_hal.o
                0x200000e4                uwTickPrio
 .data._impure_ptr
                0x200000e8        0x4 C:/CubeIDE/STM32CubeIDE_1.16.0/STM32CubeIDE/plugins/com.st.stm32cube.ide.mcu.externaltools.gnu-tools-for-stm32.12.3.rel1.win32_1.0.200.202406191623/tools/bin/../lib/gcc/arm-none-eabi/12.3.1/../../../../arm-none-eabi/lib/thumb/v6-m/nofp\libc_nano.a(libc_a-impure.o)
                0x200000e8                _impure_ptr
 .data._impure_data
                0x200000ec       0x4c C:/CubeIDE/STM32CubeIDE_1.16.0/STM32CubeIDE/plugins/com.st.stm32cube.ide.mcu.externaltools.gnu-tools-for-stm32.12.3.rel1.win32_1.0.200.202406191623/tools/bin/../lib/gcc/arm-none-eabi/12.3.1/../../../../arm-none-eabi/lib/thumb/v6-m/nofp\libc_nano.a(libc_a-impure.o)
                0x200000ec                _impure_data
 *(.RamFunc)
 .RamFunc       0x20000138       0x38 ./Drivers/STM32G0xx_HAL_Driver/Src/stm32g0xx_hal_flash.o
 *(.RamFunc*)
                0x20000170                        . = ALIGN (0x4)
                0x20000170                        _edata = .

.igot.plt       0x20000170        0x0 load address 0x08009870
 .igot.plt      0x20000170        0x0 C:/CubeIDE/STM32CubeIDE_1.16.0/STM32CubeIDE/plugins/com.st.stm32cube.ide.mcu.externaltools.gnu-tools-for-stm32.12.3.rel1.win32_1.0.200.202406191623/tools/bin/../lib/gcc/arm-none-eabi/12.3.1/thumb/v6-m/nofp/crtbegin.o
                0x20000170                        . = ALIGN (0x4)

.bss            0x20000170     0x10f4 load address 0x08009870
                0x20000170                        _sbss = .
                0x20000170                        __bss_start__ = _sbss
 *(.bss)
 .bss           0x20000170       0x1c C:/CubeIDE/STM32CubeIDE_1.16.0/STM32CubeIDE/plugins/com.st.stm32cube.ide.mcu.externaltools.gnu-tools-for-stm32.12.3.rel1.win32_1.0.200.202406191623/tools/bin/../lib/gcc/arm-none-eabi/12.3.1/thumb/v6-m/nofp/crtbegin.o
 *(.bss*)
 .bss.s_send_len
                0x2000018c        0x1 ./Core/Chain_Function/base_function.o
 *fill*         0x2000018d        0x3 
 .bss.s_send_buf
                0x20000190      0x200 ./Core/Chain_Function/base_function.o
 .bss.g_gpio_status
                0x20000390       0x10 ./Core/Chain_Function/uart_function.o
                0x20000390                g_gpio_status
 .bss.s_adc_size
                0x200003a0        0x1 ./Core/Chain_Function/uart_function.o
 *fill*         0x200003a1        0x3 
 .bss.s_adc_buffer
                0x200003a4        0x4 ./Core/Chain_Function/uart_function.o
 .bss.s_i2c_buffer
                0x200003a8      0x100 ./Core/Chain_Function/uart_function.o
 .bss.s_ret_buf_size
                0x200004a8        0x1 ./Core/Chain_Function/uart_function.o
 *fill*         0x200004a9        0x3 
 .bss.s_ret_buf
                0x200004ac      0x100 ./Core/Chain_Function/uart_function.o
 .bss.s_rgb_color
                0x200005ac        0x3 ./Core/RGB/RGB.o
 .bss.s_ret_buf_size
                0x200005af        0x1 ./Core/RGB/RGB.o
 .bss.s_ret_buf
                0x200005b0       0x14 ./Core/RGB/RGB.o
 .bss.s_color_buf
                0x200005c4        0x4 ./Core/RGB/RGB.o
 .bss.s_led_num
                0x200005c8        0x1 ./Core/RGB/RGB.o
 *fill*         0x200005c9        0x3 
 .bss.hdma_adc1
                0x200005cc       0x5c ./Core/Src/adc.o
                0x200005cc                hdma_adc1
 .bss.hadc1     0x20000628       0x64 ./Core/Src/adc.o
                0x20000628                hadc1
 .bss.hi2c2     0x2000068c       0x54 ./Core/Src/i2c.o
                0x2000068c                hi2c2
 .bss.g_light   0x200006e0        0x1 ./Core/Src/main.o
                0x200006e0                g_light
 *fill*         0x200006e1        0x1 
 .bss.g_device_type
                0x200006e2        0x2 ./Core/Src/main.o
                0x200006e2                g_device_type
 .bss.g_bootloader_version
                0x200006e4        0x1 ./Core/Src/main.o
                0x200006e4                g_bootloader_version
 .bss.g_cmd_status
                0x200006e5        0x1 ./Core/Src/main.o
                0x200006e5                g_cmd_status
 .bss.g_cmd_size
                0x200006e6        0x1 ./Core/Src/main.o
                0x200006e6                g_cmd_size
 *fill*         0x200006e7        0x1 
 .bss.g_cmd_buf
                0x200006e8      0x200 ./Core/Src/main.o
                0x200006e8                g_cmd_buf
 .bss.g_uart_out_buf_status
                0x200008e8        0x1 ./Core/Src/main.o
                0x200008e8                g_uart_out_buf_status
 .bss.g_uart_in_buf_status
                0x200008e9        0x1 ./Core/Src/main.o
                0x200008e9                g_uart_in_buf_status
 *fill*         0x200008ea        0x2 
 .bss.g_uart_out_rx_buf
                0x200008ec      0x400 ./Core/Src/main.o
                0x200008ec                g_uart_out_rx_buf
 .bss.g_uart_in_rx_buf
                0x20000cec      0x400 ./Core/Src/main.o
                0x20000cec                g_uart_in_rx_buf
 .bss.g_reply_index
                0x200010ec        0x1 ./Core/Src/stm32g0xx_it.o
                0x200010ec                g_reply_index
 *fill*         0x200010ed        0x3 
 .bss.g_heartbeat_reply_status_buf
                0x200010f0        0x3 ./Core/Src/stm32g0xx_it.o
                0x200010f0                g_heartbeat_reply_status_buf
 .bss.s_data_pack_type
                0x200010f3        0x1 ./Core/Src/stm32g0xx_it.o
 .bss.s_len     0x200010f4        0x1 ./Core/Src/stm32g0xx_it.o
 *fill*         0x200010f5        0x3 
 .bss.__sbrk_heap_end
                0x200010f8        0x4 ./Core/Src/sysmem.o
 .bss.uwTick    0x200010fc        0x4 ./Drivers/STM32G0xx_HAL_Driver/Src/stm32g0xx_hal.o
                0x200010fc                uwTick
 .bss.pFlash    0x20001100       0x1c ./Drivers/STM32G0xx_HAL_Driver/Src/stm32g0xx_hal_flash.o
                0x20001100                pFlash
 .bss.__malloc_sbrk_start
                0x2000111c        0x4 C:/CubeIDE/STM32CubeIDE_1.16.0/STM32CubeIDE/plugins/com.st.stm32cube.ide.mcu.externaltools.gnu-tools-for-stm32.12.3.rel1.win32_1.0.200.202406191623/tools/bin/../lib/gcc/arm-none-eabi/12.3.1/../../../../arm-none-eabi/lib/thumb/v6-m/nofp\libc_nano.a(libc_a-mallocr.o)
                0x2000111c                __malloc_sbrk_start
 .bss.__malloc_free_list
                0x20001120        0x4 C:/CubeIDE/STM32CubeIDE_1.16.0/STM32CubeIDE/plugins/com.st.stm32cube.ide.mcu.externaltools.gnu-tools-for-stm32.12.3.rel1.win32_1.0.200.202406191623/tools/bin/../lib/gcc/arm-none-eabi/12.3.1/../../../../arm-none-eabi/lib/thumb/v6-m/nofp\libc_nano.a(libc_a-mallocr.o)
                0x20001120                __malloc_free_list
 .bss.__sf      0x20001124      0x138 C:/CubeIDE/STM32CubeIDE_1.16.0/STM32CubeIDE/plugins/com.st.stm32cube.ide.mcu.externaltools.gnu-tools-for-stm32.12.3.rel1.win32_1.0.200.202406191623/tools/bin/../lib/gcc/arm-none-eabi/12.3.1/../../../../arm-none-eabi/lib/thumb/v6-m/nofp\libc_nano.a(libc_a-findfp.o)
                0x20001124                __sf
 .bss.errno     0x2000125c        0x4 C:/CubeIDE/STM32CubeIDE_1.16.0/STM32CubeIDE/plugins/com.st.stm32cube.ide.mcu.externaltools.gnu-tools-for-stm32.12.3.rel1.win32_1.0.200.202406191623/tools/bin/../lib/gcc/arm-none-eabi/12.3.1/../../../../arm-none-eabi/lib/thumb/v6-m/nofp\libc_nano.a(libc_a-reent.o)
                0x2000125c                errno
 .bss.__lock___malloc_recursive_mutex
                0x20001260        0x1 C:/CubeIDE/STM32CubeIDE_1.16.0/STM32CubeIDE/plugins/com.st.stm32cube.ide.mcu.externaltools.gnu-tools-for-stm32.12.3.rel1.win32_1.0.200.202406191623/tools/bin/../lib/gcc/arm-none-eabi/12.3.1/../../../../arm-none-eabi/lib/thumb/v6-m/nofp\libc_nano.a(libc_a-lock.o)
                0x20001260                __lock___malloc_recursive_mutex
 *(COMMON)
                0x20001264                        . = ALIGN (0x4)
 *fill*         0x20001261        0x3 
                0x20001264                        _ebss = .
                0x20001264                        __bss_end__ = _ebss

._user_heap_stack
                0x20001264      0x604 load address 0x08009870
                0x20001268                        . = ALIGN (0x8)
 *fill*         0x20001264        0x4 
                [!provide]                        PROVIDE (end = .)
                0x20001268                        PROVIDE (_end = .)
                0x20001468                        . = (. + _Min_Heap_Size)
 *fill*         0x20001268      0x200 
                0x20001868                        . = (. + _Min_Stack_Size)
 *fill*         0x20001468      0x400 
                0x20001868                        . = ALIGN (0x8)

/DISCARD/
 libc.a(*)
 libm.a(*)
 libgcc.a(*)

.ARM.attributes
                0x00000000       0x28
 *(.ARM.attributes)
 .ARM.attributes
                0x00000000       0x1e C:/CubeIDE/STM32CubeIDE_1.16.0/STM32CubeIDE/plugins/com.st.stm32cube.ide.mcu.externaltools.gnu-tools-for-stm32.12.3.rel1.win32_1.0.200.202406191623/tools/bin/../lib/gcc/arm-none-eabi/12.3.1/thumb/v6-m/nofp/crti.o
 .ARM.attributes
                0x0000001e       0x2c C:/CubeIDE/STM32CubeIDE_1.16.0/STM32CubeIDE/plugins/com.st.stm32cube.ide.mcu.externaltools.gnu-tools-for-stm32.12.3.rel1.win32_1.0.200.202406191623/tools/bin/../lib/gcc/arm-none-eabi/12.3.1/thumb/v6-m/nofp/crtbegin.o
 .ARM.attributes
                0x0000004a       0x2c ./Core/Chain_Function/base_function.o
 .ARM.attributes
                0x00000076       0x2c ./Core/Chain_Function/uart_function.o
 .ARM.attributes
                0x000000a2       0x2c ./Core/RGB/RGB.o
 .ARM.attributes
                0x000000ce       0x2c ./Core/Src/adc.o
 .ARM.attributes
                0x000000fa       0x2c ./Core/Src/dma.o
 .ARM.attributes
                0x00000126       0x2c ./Core/Src/gpio.o
 .ARM.attributes
                0x00000152       0x2c ./Core/Src/i2c.o
 .ARM.attributes
                0x0000017e       0x2c ./Core/Src/iwdg.o
 .ARM.attributes
                0x000001aa       0x2c ./Core/Src/main.o
 .ARM.attributes
                0x000001d6       0x2c ./Core/Src/stm32g0xx_hal_msp.o
 .ARM.attributes
                0x00000202       0x2c ./Core/Src/stm32g0xx_it.o
 .ARM.attributes
                0x0000022e       0x2c ./Core/Src/sysmem.o
 .ARM.attributes
                0x0000025a       0x2c ./Core/Src/system_stm32g0xx.o
 .ARM.attributes
                0x00000286       0x2c ./Core/Src/tim.o
 .ARM.attributes
                0x000002b2       0x2c ./Core/Src/usart.o
 .ARM.attributes
                0x000002de       0x22 ./Core/Startup/startup_stm32g031g8ux.o
 .ARM.attributes
                0x00000300       0x2c ./Core/flash/myflash.o
 .ARM.attributes
                0x0000032c       0x2c ./Drivers/STM32G0xx_HAL_Driver/Src/stm32g0xx_hal.o
 .ARM.attributes
                0x00000358       0x2c ./Drivers/STM32G0xx_HAL_Driver/Src/stm32g0xx_hal_adc.o
 .ARM.attributes
                0x00000384       0x2c ./Drivers/STM32G0xx_HAL_Driver/Src/stm32g0xx_hal_adc_ex.o
 .ARM.attributes
                0x000003b0       0x2c ./Drivers/STM32G0xx_HAL_Driver/Src/stm32g0xx_hal_cortex.o
 .ARM.attributes
                0x000003dc       0x2c ./Drivers/STM32G0xx_HAL_Driver/Src/stm32g0xx_hal_dma.o
 .ARM.attributes
                0x00000408       0x2c ./Drivers/STM32G0xx_HAL_Driver/Src/stm32g0xx_hal_flash.o
 .ARM.attributes
                0x00000434       0x2c ./Drivers/STM32G0xx_HAL_Driver/Src/stm32g0xx_hal_flash_ex.o
 .ARM.attributes
                0x00000460       0x2c ./Drivers/STM32G0xx_HAL_Driver/Src/stm32g0xx_hal_gpio.o
 .ARM.attributes
                0x0000048c       0x2c ./Drivers/STM32G0xx_HAL_Driver/Src/stm32g0xx_hal_i2c.o
 .ARM.attributes
                0x000004b8       0x2c ./Drivers/STM32G0xx_HAL_Driver/Src/stm32g0xx_hal_i2c_ex.o
 .ARM.attributes
                0x000004e4       0x2c ./Drivers/STM32G0xx_HAL_Driver/Src/stm32g0xx_hal_pwr_ex.o
 .ARM.attributes
                0x00000510       0x2c ./Drivers/STM32G0xx_HAL_Driver/Src/stm32g0xx_hal_rcc.o
 .ARM.attributes
                0x0000053c       0x2c ./Drivers/STM32G0xx_HAL_Driver/Src/stm32g0xx_hal_rcc_ex.o
 .ARM.attributes
                0x00000568       0x2c ./Drivers/STM32G0xx_HAL_Driver/Src/stm32g0xx_ll_gpio.o
 .ARM.attributes
                0x00000594       0x2c ./Drivers/STM32G0xx_HAL_Driver/Src/stm32g0xx_ll_rcc.o
 .ARM.attributes
                0x000005c0       0x2c ./Drivers/STM32G0xx_HAL_Driver/Src/stm32g0xx_ll_tim.o
 .ARM.attributes
                0x000005ec       0x2c ./Drivers/STM32G0xx_HAL_Driver/Src/stm32g0xx_ll_usart.o
 .ARM.attributes
                0x00000618       0x2c C:/CubeIDE/STM32CubeIDE_1.16.0/STM32CubeIDE/plugins/com.st.stm32cube.ide.mcu.externaltools.gnu-tools-for-stm32.12.3.rel1.win32_1.0.200.202406191623/tools/bin/../lib/gcc/arm-none-eabi/12.3.1/../../../../arm-none-eabi/lib/thumb/v6-m/nofp\libc_nano.a(libc_a-calloc.o)
 .ARM.attributes
                0x00000644       0x2c C:/CubeIDE/STM32CubeIDE_1.16.0/STM32CubeIDE/plugins/com.st.stm32cube.ide.mcu.externaltools.gnu-tools-for-stm32.12.3.rel1.win32_1.0.200.202406191623/tools/bin/../lib/gcc/arm-none-eabi/12.3.1/../../../../arm-none-eabi/lib/thumb/v6-m/nofp\libc_nano.a(libc_a-callocr.o)
 .ARM.attributes
                0x00000670       0x2c C:/CubeIDE/STM32CubeIDE_1.16.0/STM32CubeIDE/plugins/com.st.stm32cube.ide.mcu.externaltools.gnu-tools-for-stm32.12.3.rel1.win32_1.0.200.202406191623/tools/bin/../lib/gcc/arm-none-eabi/12.3.1/../../../../arm-none-eabi/lib/thumb/v6-m/nofp\libc_nano.a(libc_a-mallocr.o)
 .ARM.attributes
                0x0000069c       0x2c C:/CubeIDE/STM32CubeIDE_1.16.0/STM32CubeIDE/plugins/com.st.stm32cube.ide.mcu.externaltools.gnu-tools-for-stm32.12.3.rel1.win32_1.0.200.202406191623/tools/bin/../lib/gcc/arm-none-eabi/12.3.1/../../../../arm-none-eabi/lib/thumb/v6-m/nofp\libc_nano.a(libc_a-mlock.o)
 .ARM.attributes
                0x000006c8       0x2c C:/CubeIDE/STM32CubeIDE_1.16.0/STM32CubeIDE/plugins/com.st.stm32cube.ide.mcu.externaltools.gnu-tools-for-stm32.12.3.rel1.win32_1.0.200.202406191623/tools/bin/../lib/gcc/arm-none-eabi/12.3.1/../../../../arm-none-eabi/lib/thumb/v6-m/nofp\libc_nano.a(libc_a-findfp.o)
 .ARM.attributes
                0x000006f4       0x2c C:/CubeIDE/STM32CubeIDE_1.16.0/STM32CubeIDE/plugins/com.st.stm32cube.ide.mcu.externaltools.gnu-tools-for-stm32.12.3.rel1.win32_1.0.200.202406191623/tools/bin/../lib/gcc/arm-none-eabi/12.3.1/../../../../arm-none-eabi/lib/thumb/v6-m/nofp\libc_nano.a(libc_a-memset.o)
 .ARM.attributes
                0x00000720       0x2c C:/CubeIDE/STM32CubeIDE_1.16.0/STM32CubeIDE/plugins/com.st.stm32cube.ide.mcu.externaltools.gnu-tools-for-stm32.12.3.rel1.win32_1.0.200.202406191623/tools/bin/../lib/gcc/arm-none-eabi/12.3.1/../../../../arm-none-eabi/lib/thumb/v6-m/nofp\libc_nano.a(libc_a-reent.o)
 .ARM.attributes
                0x0000074c       0x2c C:/CubeIDE/STM32CubeIDE_1.16.0/STM32CubeIDE/plugins/com.st.stm32cube.ide.mcu.externaltools.gnu-tools-for-stm32.12.3.rel1.win32_1.0.200.202406191623/tools/bin/../lib/gcc/arm-none-eabi/12.3.1/../../../../arm-none-eabi/lib/thumb/v6-m/nofp\libc_nano.a(libc_a-impure.o)
 .ARM.attributes
                0x00000778       0x2c C:/CubeIDE/STM32CubeIDE_1.16.0/STM32CubeIDE/plugins/com.st.stm32cube.ide.mcu.externaltools.gnu-tools-for-stm32.12.3.rel1.win32_1.0.200.202406191623/tools/bin/../lib/gcc/arm-none-eabi/12.3.1/../../../../arm-none-eabi/lib/thumb/v6-m/nofp\libc_nano.a(libc_a-sbrkr.o)
 .ARM.attributes
                0x000007a4       0x2c C:/CubeIDE/STM32CubeIDE_1.16.0/STM32CubeIDE/plugins/com.st.stm32cube.ide.mcu.externaltools.gnu-tools-for-stm32.12.3.rel1.win32_1.0.200.202406191623/tools/bin/../lib/gcc/arm-none-eabi/12.3.1/../../../../arm-none-eabi/lib/thumb/v6-m/nofp\libc_nano.a(libc_a-errno.o)
 .ARM.attributes
                0x000007d0       0x2c C:/CubeIDE/STM32CubeIDE_1.16.0/STM32CubeIDE/plugins/com.st.stm32cube.ide.mcu.externaltools.gnu-tools-for-stm32.12.3.rel1.win32_1.0.200.202406191623/tools/bin/../lib/gcc/arm-none-eabi/12.3.1/../../../../arm-none-eabi/lib/thumb/v6-m/nofp\libc_nano.a(libc_a-init.o)
 .ARM.attributes
                0x000007fc       0x2c C:/CubeIDE/STM32CubeIDE_1.16.0/STM32CubeIDE/plugins/com.st.stm32cube.ide.mcu.externaltools.gnu-tools-for-stm32.12.3.rel1.win32_1.0.200.202406191623/tools/bin/../lib/gcc/arm-none-eabi/12.3.1/../../../../arm-none-eabi/lib/thumb/v6-m/nofp\libc_nano.a(libc_a-lock.o)
 .ARM.attributes
                0x00000828       0x1e C:/CubeIDE/STM32CubeIDE_1.16.0/STM32CubeIDE/plugins/com.st.stm32cube.ide.mcu.externaltools.gnu-tools-for-stm32.12.3.rel1.win32_1.0.200.202406191623/tools/bin/../lib/gcc/arm-none-eabi/12.3.1/thumb/v6-m/nofp\libgcc.a(_udivsi3.o)
 .ARM.attributes
                0x00000846       0x1e C:/CubeIDE/STM32CubeIDE_1.16.0/STM32CubeIDE/plugins/com.st.stm32cube.ide.mcu.externaltools.gnu-tools-for-stm32.12.3.rel1.win32_1.0.200.202406191623/tools/bin/../lib/gcc/arm-none-eabi/12.3.1/thumb/v6-m/nofp\libgcc.a(_divsi3.o)
 .ARM.attributes
                0x00000864       0x1e C:/CubeIDE/STM32CubeIDE_1.16.0/STM32CubeIDE/plugins/com.st.stm32cube.ide.mcu.externaltools.gnu-tools-for-stm32.12.3.rel1.win32_1.0.200.202406191623/tools/bin/../lib/gcc/arm-none-eabi/12.3.1/thumb/v6-m/nofp\libgcc.a(_dvmd_tls.o)
 .ARM.attributes
                0x00000882       0x2c C:/CubeIDE/STM32CubeIDE_1.16.0/STM32CubeIDE/plugins/com.st.stm32cube.ide.mcu.externaltools.gnu-tools-for-stm32.12.3.rel1.win32_1.0.200.202406191623/tools/bin/../lib/gcc/arm-none-eabi/12.3.1/thumb/v6-m/nofp\libgcc.a(_fixunsdfsi.o)
 .ARM.attributes
                0x000008ae       0x2c C:/CubeIDE/STM32CubeIDE_1.16.0/STM32CubeIDE/plugins/com.st.stm32cube.ide.mcu.externaltools.gnu-tools-for-stm32.12.3.rel1.win32_1.0.200.202406191623/tools/bin/../lib/gcc/arm-none-eabi/12.3.1/thumb/v6-m/nofp\libgcc.a(divdf3.o)
 .ARM.attributes
                0x000008da       0x2c C:/CubeIDE/STM32CubeIDE_1.16.0/STM32CubeIDE/plugins/com.st.stm32cube.ide.mcu.externaltools.gnu-tools-for-stm32.12.3.rel1.win32_1.0.200.202406191623/tools/bin/../lib/gcc/arm-none-eabi/12.3.1/thumb/v6-m/nofp\libgcc.a(muldf3.o)
 .ARM.attributes
                0x00000906       0x2c C:/CubeIDE/STM32CubeIDE_1.16.0/STM32CubeIDE/plugins/com.st.stm32cube.ide.mcu.externaltools.gnu-tools-for-stm32.12.3.rel1.win32_1.0.200.202406191623/tools/bin/../lib/gcc/arm-none-eabi/12.3.1/thumb/v6-m/nofp\libgcc.a(subdf3.o)
 .ARM.attributes
                0x00000932       0x2c C:/CubeIDE/STM32CubeIDE_1.16.0/STM32CubeIDE/plugins/com.st.stm32cube.ide.mcu.externaltools.gnu-tools-for-stm32.12.3.rel1.win32_1.0.200.202406191623/tools/bin/../lib/gcc/arm-none-eabi/12.3.1/thumb/v6-m/nofp\libgcc.a(fixdfsi.o)
 .ARM.attributes
                0x0000095e       0x2c C:/CubeIDE/STM32CubeIDE_1.16.0/STM32CubeIDE/plugins/com.st.stm32cube.ide.mcu.externaltools.gnu-tools-for-stm32.12.3.rel1.win32_1.0.200.202406191623/tools/bin/../lib/gcc/arm-none-eabi/12.3.1/thumb/v6-m/nofp\libgcc.a(floatsidf.o)
 .ARM.attributes
                0x0000098a       0x1e C:/CubeIDE/STM32CubeIDE_1.16.0/STM32CubeIDE/plugins/com.st.stm32cube.ide.mcu.externaltools.gnu-tools-for-stm32.12.3.rel1.win32_1.0.200.202406191623/tools/bin/../lib/gcc/arm-none-eabi/12.3.1/thumb/v6-m/nofp\libgcc.a(_arm_cmpdf2.o)
 .ARM.attributes
                0x000009a8       0x1e C:/CubeIDE/STM32CubeIDE_1.16.0/STM32CubeIDE/plugins/com.st.stm32cube.ide.mcu.externaltools.gnu-tools-for-stm32.12.3.rel1.win32_1.0.200.202406191623/tools/bin/../lib/gcc/arm-none-eabi/12.3.1/thumb/v6-m/nofp\libgcc.a(_clzsi2.o)
 .ARM.attributes
                0x000009c6       0x2c C:/CubeIDE/STM32CubeIDE_1.16.0/STM32CubeIDE/plugins/com.st.stm32cube.ide.mcu.externaltools.gnu-tools-for-stm32.12.3.rel1.win32_1.0.200.202406191623/tools/bin/../lib/gcc/arm-none-eabi/12.3.1/thumb/v6-m/nofp\libgcc.a(eqdf2.o)
 .ARM.attributes
                0x000009f2       0x2c C:/CubeIDE/STM32CubeIDE_1.16.0/STM32CubeIDE/plugins/com.st.stm32cube.ide.mcu.externaltools.gnu-tools-for-stm32.12.3.rel1.win32_1.0.200.202406191623/tools/bin/../lib/gcc/arm-none-eabi/12.3.1/thumb/v6-m/nofp\libgcc.a(gedf2.o)
 .ARM.attributes
                0x00000a1e       0x2c C:/CubeIDE/STM32CubeIDE_1.16.0/STM32CubeIDE/plugins/com.st.stm32cube.ide.mcu.externaltools.gnu-tools-for-stm32.12.3.rel1.win32_1.0.200.202406191623/tools/bin/../lib/gcc/arm-none-eabi/12.3.1/thumb/v6-m/nofp\libgcc.a(ledf2.o)
 .ARM.attributes
                0x00000a4a       0x1e C:/CubeIDE/STM32CubeIDE_1.16.0/STM32CubeIDE/plugins/com.st.stm32cube.ide.mcu.externaltools.gnu-tools-for-stm32.12.3.rel1.win32_1.0.200.202406191623/tools/bin/../lib/gcc/arm-none-eabi/12.3.1/thumb/v6-m/nofp/crtn.o
OUTPUT(Chain_Uart.elf elf32-littlearm)
LOAD linker stubs
LOAD C:/CubeIDE/STM32CubeIDE_1.16.0/STM32CubeIDE/plugins/com.st.stm32cube.ide.mcu.externaltools.gnu-tools-for-stm32.12.3.rel1.win32_1.0.200.202406191623/tools/bin/../lib/gcc/arm-none-eabi/12.3.1/../../../../arm-none-eabi/lib/thumb/v6-m/nofp\libc.a
LOAD C:/CubeIDE/STM32CubeIDE_1.16.0/STM32CubeIDE/plugins/com.st.stm32cube.ide.mcu.externaltools.gnu-tools-for-stm32.12.3.rel1.win32_1.0.200.202406191623/tools/bin/../lib/gcc/arm-none-eabi/12.3.1/../../../../arm-none-eabi/lib/thumb/v6-m/nofp\libm.a
LOAD C:/CubeIDE/STM32CubeIDE_1.16.0/STM32CubeIDE/plugins/com.st.stm32cube.ide.mcu.externaltools.gnu-tools-for-stm32.12.3.rel1.win32_1.0.200.202406191623/tools/bin/../lib/gcc/arm-none-eabi/12.3.1/thumb/v6-m/nofp\libgcc.a

.comment        0x00000000       0x43
 .comment       0x00000000       0x43 ./Core/Chain_Function/base_function.o
                                 0x44 (size before relaxing)
 .comment       0x00000043       0x44 ./Core/Chain_Function/uart_function.o
 .comment       0x00000043       0x44 ./Core/RGB/RGB.o
 .comment       0x00000043       0x44 ./Core/Src/adc.o
 .comment       0x00000043       0x44 ./Core/Src/dma.o
 .comment       0x00000043       0x44 ./Core/Src/gpio.o
 .comment       0x00000043       0x44 ./Core/Src/i2c.o
 .comment       0x00000043       0x44 ./Core/Src/iwdg.o
 .comment       0x00000043       0x44 ./Core/Src/main.o
 .comment       0x00000043       0x44 ./Core/Src/stm32g0xx_hal_msp.o
 .comment       0x00000043       0x44 ./Core/Src/stm32g0xx_it.o
 .comment       0x00000043       0x44 ./Core/Src/sysmem.o
 .comment       0x00000043       0x44 ./Core/Src/system_stm32g0xx.o
 .comment       0x00000043       0x44 ./Core/Src/tim.o
 .comment       0x00000043       0x44 ./Core/Src/usart.o
 .comment       0x00000043       0x44 ./Core/flash/myflash.o
 .comment       0x00000043       0x44 ./Drivers/STM32G0xx_HAL_Driver/Src/stm32g0xx_hal.o
 .comment       0x00000043       0x44 ./Drivers/STM32G0xx_HAL_Driver/Src/stm32g0xx_hal_adc.o
 .comment       0x00000043       0x44 ./Drivers/STM32G0xx_HAL_Driver/Src/stm32g0xx_hal_adc_ex.o
 .comment       0x00000043       0x44 ./Drivers/STM32G0xx_HAL_Driver/Src/stm32g0xx_hal_cortex.o
 .comment       0x00000043       0x44 ./Drivers/STM32G0xx_HAL_Driver/Src/stm32g0xx_hal_dma.o
 .comment       0x00000043       0x44 ./Drivers/STM32G0xx_HAL_Driver/Src/stm32g0xx_hal_flash.o
 .comment       0x00000043       0x44 ./Drivers/STM32G0xx_HAL_Driver/Src/stm32g0xx_hal_flash_ex.o
 .comment       0x00000043       0x44 ./Drivers/STM32G0xx_HAL_Driver/Src/stm32g0xx_hal_gpio.o
 .comment       0x00000043       0x44 ./Drivers/STM32G0xx_HAL_Driver/Src/stm32g0xx_hal_i2c.o
 .comment       0x00000043       0x44 ./Drivers/STM32G0xx_HAL_Driver/Src/stm32g0xx_hal_i2c_ex.o
 .comment       0x00000043       0x44 ./Drivers/STM32G0xx_HAL_Driver/Src/stm32g0xx_hal_pwr_ex.o
 .comment       0x00000043       0x44 ./Drivers/STM32G0xx_HAL_Driver/Src/stm32g0xx_hal_rcc.o
 .comment       0x00000043       0x44 ./Drivers/STM32G0xx_HAL_Driver/Src/stm32g0xx_hal_rcc_ex.o
 .comment       0x00000043       0x44 ./Drivers/STM32G0xx_HAL_Driver/Src/stm32g0xx_ll_gpio.o
 .comment       0x00000043       0x44 ./Drivers/STM32G0xx_HAL_Driver/Src/stm32g0xx_ll_rcc.o
 .comment       0x00000043       0x44 ./Drivers/STM32G0xx_HAL_Driver/Src/stm32g0xx_ll_tim.o
 .comment       0x00000043       0x44 ./Drivers/STM32G0xx_HAL_Driver/Src/stm32g0xx_ll_usart.o

.debug_frame    0x00000000      0x5bc
 .debug_frame   0x00000000       0x28 C:/CubeIDE/STM32CubeIDE_1.16.0/STM32CubeIDE/plugins/com.st.stm32cube.ide.mcu.externaltools.gnu-tools-for-stm32.12.3.rel1.win32_1.0.200.202406191623/tools/bin/../lib/gcc/arm-none-eabi/12.3.1/../../../../arm-none-eabi/lib/thumb/v6-m/nofp\libc_nano.a(libc_a-calloc.o)
 .debug_frame   0x00000028       0x2c C:/CubeIDE/STM32CubeIDE_1.16.0/STM32CubeIDE/plugins/com.st.stm32cube.ide.mcu.externaltools.gnu-tools-for-stm32.12.3.rel1.win32_1.0.200.202406191623/tools/bin/../lib/gcc/arm-none-eabi/12.3.1/../../../../arm-none-eabi/lib/thumb/v6-m/nofp\libc_nano.a(libc_a-callocr.o)
 .debug_frame   0x00000054       0x50 C:/CubeIDE/STM32CubeIDE_1.16.0/STM32CubeIDE/plugins/com.st.stm32cube.ide.mcu.externaltools.gnu-tools-for-stm32.12.3.rel1.win32_1.0.200.202406191623/tools/bin/../lib/gcc/arm-none-eabi/12.3.1/../../../../arm-none-eabi/lib/thumb/v6-m/nofp\libc_nano.a(libc_a-mallocr.o)
 .debug_frame   0x000000a4       0x40 C:/CubeIDE/STM32CubeIDE_1.16.0/STM32CubeIDE/plugins/com.st.stm32cube.ide.mcu.externaltools.gnu-tools-for-stm32.12.3.rel1.win32_1.0.200.202406191623/tools/bin/../lib/gcc/arm-none-eabi/12.3.1/../../../../arm-none-eabi/lib/thumb/v6-m/nofp\libc_nano.a(libc_a-mlock.o)
 .debug_frame   0x000000e4      0x138 C:/CubeIDE/STM32CubeIDE_1.16.0/STM32CubeIDE/plugins/com.st.stm32cube.ide.mcu.externaltools.gnu-tools-for-stm32.12.3.rel1.win32_1.0.200.202406191623/tools/bin/../lib/gcc/arm-none-eabi/12.3.1/../../../../arm-none-eabi/lib/thumb/v6-m/nofp\libc_nano.a(libc_a-findfp.o)
 .debug_frame   0x0000021c       0x20 C:/CubeIDE/STM32CubeIDE_1.16.0/STM32CubeIDE/plugins/com.st.stm32cube.ide.mcu.externaltools.gnu-tools-for-stm32.12.3.rel1.win32_1.0.200.202406191623/tools/bin/../lib/gcc/arm-none-eabi/12.3.1/../../../../arm-none-eabi/lib/thumb/v6-m/nofp\libc_nano.a(libc_a-memset.o)
 .debug_frame   0x0000023c       0x2c C:/CubeIDE/STM32CubeIDE_1.16.0/STM32CubeIDE/plugins/com.st.stm32cube.ide.mcu.externaltools.gnu-tools-for-stm32.12.3.rel1.win32_1.0.200.202406191623/tools/bin/../lib/gcc/arm-none-eabi/12.3.1/../../../../arm-none-eabi/lib/thumb/v6-m/nofp\libc_nano.a(libc_a-reent.o)
 .debug_frame   0x00000268       0x2c C:/CubeIDE/STM32CubeIDE_1.16.0/STM32CubeIDE/plugins/com.st.stm32cube.ide.mcu.externaltools.gnu-tools-for-stm32.12.3.rel1.win32_1.0.200.202406191623/tools/bin/../lib/gcc/arm-none-eabi/12.3.1/../../../../arm-none-eabi/lib/thumb/v6-m/nofp\libc_nano.a(libc_a-sbrkr.o)
 .debug_frame   0x00000294       0x20 C:/CubeIDE/STM32CubeIDE_1.16.0/STM32CubeIDE/plugins/com.st.stm32cube.ide.mcu.externaltools.gnu-tools-for-stm32.12.3.rel1.win32_1.0.200.202406191623/tools/bin/../lib/gcc/arm-none-eabi/12.3.1/../../../../arm-none-eabi/lib/thumb/v6-m/nofp\libc_nano.a(libc_a-errno.o)
 .debug_frame   0x000002b4       0x2c C:/CubeIDE/STM32CubeIDE_1.16.0/STM32CubeIDE/plugins/com.st.stm32cube.ide.mcu.externaltools.gnu-tools-for-stm32.12.3.rel1.win32_1.0.200.202406191623/tools/bin/../lib/gcc/arm-none-eabi/12.3.1/../../../../arm-none-eabi/lib/thumb/v6-m/nofp\libc_nano.a(libc_a-init.o)
 .debug_frame   0x000002e0       0xb0 C:/CubeIDE/STM32CubeIDE_1.16.0/STM32CubeIDE/plugins/com.st.stm32cube.ide.mcu.externaltools.gnu-tools-for-stm32.12.3.rel1.win32_1.0.200.202406191623/tools/bin/../lib/gcc/arm-none-eabi/12.3.1/../../../../arm-none-eabi/lib/thumb/v6-m/nofp\libc_nano.a(libc_a-lock.o)
 .debug_frame   0x00000390       0x20 C:/CubeIDE/STM32CubeIDE_1.16.0/STM32CubeIDE/plugins/com.st.stm32cube.ide.mcu.externaltools.gnu-tools-for-stm32.12.3.rel1.win32_1.0.200.202406191623/tools/bin/../lib/gcc/arm-none-eabi/12.3.1/thumb/v6-m/nofp\libgcc.a(_udivsi3.o)
 .debug_frame   0x000003b0       0x20 C:/CubeIDE/STM32CubeIDE_1.16.0/STM32CubeIDE/plugins/com.st.stm32cube.ide.mcu.externaltools.gnu-tools-for-stm32.12.3.rel1.win32_1.0.200.202406191623/tools/bin/../lib/gcc/arm-none-eabi/12.3.1/thumb/v6-m/nofp\libgcc.a(_divsi3.o)
 .debug_frame   0x000003d0       0x2c C:/CubeIDE/STM32CubeIDE_1.16.0/STM32CubeIDE/plugins/com.st.stm32cube.ide.mcu.externaltools.gnu-tools-for-stm32.12.3.rel1.win32_1.0.200.202406191623/tools/bin/../lib/gcc/arm-none-eabi/12.3.1/thumb/v6-m/nofp\libgcc.a(_fixunsdfsi.o)
 .debug_frame   0x000003fc       0x3c C:/CubeIDE/STM32CubeIDE_1.16.0/STM32CubeIDE/plugins/com.st.stm32cube.ide.mcu.externaltools.gnu-tools-for-stm32.12.3.rel1.win32_1.0.200.202406191623/tools/bin/../lib/gcc/arm-none-eabi/12.3.1/thumb/v6-m/nofp\libgcc.a(divdf3.o)
 .debug_frame   0x00000438       0x3c C:/CubeIDE/STM32CubeIDE_1.16.0/STM32CubeIDE/plugins/com.st.stm32cube.ide.mcu.externaltools.gnu-tools-for-stm32.12.3.rel1.win32_1.0.200.202406191623/tools/bin/../lib/gcc/arm-none-eabi/12.3.1/thumb/v6-m/nofp\libgcc.a(muldf3.o)
 .debug_frame   0x00000474       0x3c C:/CubeIDE/STM32CubeIDE_1.16.0/STM32CubeIDE/plugins/com.st.stm32cube.ide.mcu.externaltools.gnu-tools-for-stm32.12.3.rel1.win32_1.0.200.202406191623/tools/bin/../lib/gcc/arm-none-eabi/12.3.1/thumb/v6-m/nofp\libgcc.a(subdf3.o)
 .debug_frame   0x000004b0       0x30 C:/CubeIDE/STM32CubeIDE_1.16.0/STM32CubeIDE/plugins/com.st.stm32cube.ide.mcu.externaltools.gnu-tools-for-stm32.12.3.rel1.win32_1.0.200.202406191623/tools/bin/../lib/gcc/arm-none-eabi/12.3.1/thumb/v6-m/nofp\libgcc.a(fixdfsi.o)
 .debug_frame   0x000004e0       0x2c C:/CubeIDE/STM32CubeIDE_1.16.0/STM32CubeIDE/plugins/com.st.stm32cube.ide.mcu.externaltools.gnu-tools-for-stm32.12.3.rel1.win32_1.0.200.202406191623/tools/bin/../lib/gcc/arm-none-eabi/12.3.1/thumb/v6-m/nofp\libgcc.a(floatsidf.o)
 .debug_frame   0x0000050c       0x38 C:/CubeIDE/STM32CubeIDE_1.16.0/STM32CubeIDE/plugins/com.st.stm32cube.ide.mcu.externaltools.gnu-tools-for-stm32.12.3.rel1.win32_1.0.200.202406191623/tools/bin/../lib/gcc/arm-none-eabi/12.3.1/thumb/v6-m/nofp\libgcc.a(eqdf2.o)
 .debug_frame   0x00000544       0x3c C:/CubeIDE/STM32CubeIDE_1.16.0/STM32CubeIDE/plugins/com.st.stm32cube.ide.mcu.externaltools.gnu-tools-for-stm32.12.3.rel1.win32_1.0.200.202406191623/tools/bin/../lib/gcc/arm-none-eabi/12.3.1/thumb/v6-m/nofp\libgcc.a(gedf2.o)
 .debug_frame   0x00000580       0x3c C:/CubeIDE/STM32CubeIDE_1.16.0/STM32CubeIDE/plugins/com.st.stm32cube.ide.mcu.externaltools.gnu-tools-for-stm32.12.3.rel1.win32_1.0.200.202406191623/tools/bin/../lib/gcc/arm-none-eabi/12.3.1/thumb/v6-m/nofp\libgcc.a(ledf2.o)
