../Core/flash/myflash.c:13:17:get_page	0	static
../Core/flash/myflash.c:29:13:set_byte_in_uint64	16	static
../Core/flash/myflash.c:46:17:my_flash_read_double_word	0	static
../Core/flash/myflash.c:61:13:my_flash_earse_pages	32	static
../Core/flash/myflash.c:88:13:my_flash_write_double_word	16	static
../Core/flash/myflash.c:97:6:read_flash	16	static
../Core/flash/myflash.c:102:6:write_flash	8	static
../Core/flash/myflash.c:136:9:get_rgb_light	0	static
../Core/flash/myflash.c:119:6:set_rgb_light	8	static
../Core/flash/myflash.c:149:9:get_bootloader_version	0	static
