../Core/Chain_Function/joystick_function.c:20:6:HAL_ADC_ConvCpltCallback	8	static
../Core/Chain_Function/joystick_function.c:33:6:joystick_init	8	static
../Core/Chain_Function/joystick_function.c:38:6:chain_joystick_get_12adc	8	static
../Core/Chain_Function/joystick_function.c:43:6:chain_joystick_get_8adc	8	static
../Core/Chain_Function/joystick_function.c:48:6:chain_joystick_get_adc_xy_mapped_range	0	static
../Core/Chain_Function/joystick_function.c:52:6:chain_joystick_set_adc_xy_mapped_range	0	static
../Core/Chain_Function/joystick_function.c:56:6:chain_joystick_get_adc_xy_mapped_int12_value	0	static
../Core/Chain_Function/joystick_function.c:60:6:chain_joystick_get_adc_xy_mapped_int8_value	0	static
../Core/Chain_Function/joystick_function.c:64:6:chain_joystick_button_press	8	static
../Core/Chain_Function/joystick_function.c:70:6:HAL_GPIO_EXTI_Falling_Callback	8	static
