../Core/Chain_Function/joystick_function.c:24:6:map	8	static
../Core/Chain_Function/joystick_function.c:34:6:update_adc_cal_value	0	static
../Core/Chain_Function/joystick_function.c:44:6:HAL_ADC_ConvCpltCallback	32	static
../Core/Chain_Function/joystick_function.c:97:6:joystick_init	8	static
../Core/Chain_Function/joystick_function.c:102:6:chain_joystick_get_16adc	8	static
../Core/Chain_Function/joystick_function.c:114:6:chain_joystick_get_8adc	8	static
../Core/Chain_Function/joystick_function.c:126:6:chain_joystick_get_adc_xy_mapped_range	32	static
../Core/Chain_Function/joystick_function.c:142:6:chain_joystick_set_adc_xy_mapped_range	16	static
../Core/Chain_Function/joystick_function.c:173:6:chain_joystick_get_adc_xy_mapped_int16_value	8	static
../Core/Chain_Function/joystick_function.c:185:6:chain_joystick_get_adc_xy_mapped_int8_value	8	static
../Core/Chain_Function/joystick_function.c:197:6:chain_joystick_button_press	16	static
../Core/Chain_Function/joystick_function.c:211:6:HAL_GPIO_EXTI_Falling_Callback	8	static
