../Core/Src/main.c:266:17:get_page	0	static
../Core/Src/main.c:106:9:compute_fw_crc32	8	static
../Core/Src/main.c:128:6:uart2_ll_send_char	0	static
../Core/Src/main.c:146:6:reset_all_periph	8	static,ignoring_inline_asm
../Core/Src/main.c:175:6:jump_app	8	static,ignoring_inline_asm
../Core/Src/main.c:205:6:USART1_IRQHandler	8	static
../Core/Src/main.c:279:6:write_code	48	static
../Core/Src/main.c:367:6:iap_usart	16	static,ignoring_inline_asm
../Core/Src/main.c:406:6:iap_gpio_init	32	static
../Core/Src/main.c:526:6:Error_Handler	0	static,ignoring_inline_asm
../Core/Src/main.c:481:6:SystemClock_Config	8	static
../Core/Src/main.c:426:5:main	8	static,ignoring_inline_asm
