../Drivers/CMSIS/Include/core_cm0plus.h:985:34:__NVIC_SystemReset	0	static,ignoring_inline_asm
../Core/Chain_Function/base_function.c:11:6:add_pack_head	8	static
../Core/Chain_Function/base_function.c:21:6:add_pack_end	8	static
../Core/Chain_Function/base_function.c:32:9:head_end_check	0	static
../Core/Chain_Function/base_function.c:47:9:crc_check	12	static
../Core/Chain_Function/base_function.c:66:9:pack_check	16	static
../Core/Chain_Function/base_function.c:83:9:crc_construct	8	static
../Core/Chain_Function/base_function.c:97:6:uart_in_send	8	static
../Core/Chain_Function/base_function.c:107:6:uart_out_send	8	static
../Core/Chain_Function/base_function.c:144:6:chain_enum_handle	8	static
../Core/Chain_Function/base_function.c:163:6:chain_enum_return_handle	8	static
../Core/Chain_Function/base_function.c:173:6:chain_enum_please_handle	8	static
../Core/Chain_Function/base_function.c:182:6:chain_heartbeat_in_receive_handle	8	static
../Core/Chain_Function/base_function.c:191:6:chain_heartbeat_out_receive_handle	8	static
../Core/Chain_Function/base_function.c:201:6:chain_deal_data_packet_handle	8	static
../Core/Chain_Function/base_function.c:217:6:chain_out_relay_handle	8	static
../Core/Chain_Function/base_function.c:229:6:chain_in_relay_handle	8	static
../Core/Chain_Function/base_function.c:241:6:chain_command_complete_return	24	static
../Core/Chain_Function/base_function.c:116:6:chain_get_bootloader_version_hanle	8	static
../Core/Chain_Function/base_function.c:125:6:chain_get_firmware_version_handle	8	static
../Core/Chain_Function/base_function.c:134:6:chain_get_device_type_handle	8	static
../Core/Chain_Function/base_function.c:284:6:chain_iap_update_handle	8	static
