../Drivers/VL53L1/platform/vl53l1_platform.c:51:14:VL53L1_WriteMulti	16	static
../Drivers/VL53L1/platform/vl53l1_platform.c:58:14:VL53L1_ReadMulti	16	static
../Drivers/VL53L1/platform/vl53l1_platform.c:64:14:VL53L1_WrByte	8	static
../Drivers/VL53L1/platform/vl53l1_platform.c:70:14:VL53L1_WrWord	24	static
../Drivers/VL53L1/platform/vl53l1_platform.c:76:14:VL53L1_WrDWord	24	static
../Drivers/VL53L1/platform/vl53l1_platform.c:84:14:VL53L1_UpdateByte	32	static
../Drivers/VL53L1/platform/vl53l1_platform.c:99:14:VL53L1_RdByte	8	static
../Drivers/VL53L1/platform/vl53l1_platform.c:106:14:VL53L1_RdWord	16	static
../Drivers/VL53L1/platform/vl53l1_platform.c:113:14:VL53L1_RdDWord	24	static
../Drivers/VL53L1/platform/vl53l1_platform.c:120:14:VL53L1_GetTickCount	8	static
../Drivers/VL53L1/platform/vl53l1_platform.c:127:14:VL53L1_GetTimerFrequency	0	static
../Drivers/VL53L1/platform/vl53l1_platform.c:133:14:VL53L1_WaitMs	8	static
../Drivers/VL53L1/platform/vl53l1_platform.c:138:14:VL53L1_WaitUs	0	static
../Drivers/VL53L1/platform/vl53l1_platform.c:145:14:VL53L1_WaitValueMaskEx	48	static
