../Core/Src/stm32g0xx_it.c:94:6:NMI_Handler	0	static
../Core/Src/stm32g0xx_it.c:107:6:HardFault_Handler	0	static
../Core/Src/stm32g0xx_it.c:120:6:SVC_Handler	0	static
../Core/Src/stm32g0xx_it.c:132:6:PendSV_Handler	0	static
../Core/Src/stm32g0xx_it.c:144:6:SysTick_Handler	8	static
../Core/Src/stm32g0xx_it.c:164:6:FLASH_IRQHandler	8	static
../Core/Src/stm32g0xx_it.c:177:6:DMA1_Channel1_IRQHandler	0	static
../Core/Src/stm32g0xx_it.c:190:6:DMA1_Channel2_3_IRQHandler	24	static,ignoring_inline_asm
../Core/Src/stm32g0xx_it.c:248:6:DMA1_Ch4_5_DMAMUX1_OVR_IRQHandler	24	static,ignoring_inline_asm
../Core/Src/stm32g0xx_it.c:316:6:TIM14_IRQHandler	8	static
../Core/Src/stm32g0xx_it.c:343:6:TIM16_IRQHandler	0	static
../Core/Src/stm32g0xx_it.c:371:6:TIM17_IRQHandler	8	static
../Core/Src/stm32g0xx_it.c:393:6:USART1_IRQHandler	32	static,ignoring_inline_asm
../Core/Src/stm32g0xx_it.c:488:6:USART2_IRQHandler	32	static,ignoring_inline_asm
